ARM Linker, RVCT4.0 [Build 728] [Standard]

==============================================================================

Section Cross References

    boot_demo_eth.o(i.SoftwareUpdateRequestCallback) refers to boot_demo_eth.o(.data) for .data
    boot_demo_eth.o(i.SysTickHandler) refers to lwiplib.o(i.lwIPTimer) for lwIPTimer
    boot_demo_eth.o(i.main) refers to sysctl.o(i.SysCtlClockSet) for SysCtlClockSet
    boot_demo_eth.o(i.main) refers to sysctl.o(i.SysCtlClockGet) for SysCtlClockGet
    boot_demo_eth.o(i.main) refers to systick.o(i.SysTickPeriodSet) for SysTickPeriodSet
    boot_demo_eth.o(i.main) refers to systick.o(i.SysTickEnable) for SysTickEnable
    boot_demo_eth.o(i.main) refers to systick.o(i.SysTickIntEnable) for SysTickIntEnable
    boot_demo_eth.o(i.main) refers to rit128x96x4.o(i.RIT128x96x4Init) for RIT128x96x4Init
    boot_demo_eth.o(i.main) refers to rit128x96x4.o(i.RIT128x96x4StringDraw) for RIT128x96x4StringDraw
    boot_demo_eth.o(i.main) refers to sysctl.o(i.SysCtlPeripheralEnable) for SysCtlPeripheralEnable
    boot_demo_eth.o(i.main) refers to sysctl.o(i.SysCtlPeripheralReset) for SysCtlPeripheralReset
    boot_demo_eth.o(i.main) refers to gpio.o(i.GPIOPinTypeEthernetLED) for GPIOPinTypeEthernetLED
    boot_demo_eth.o(i.main) refers to flash.o(i.FlashUserGet) for FlashUserGet
    boot_demo_eth.o(i.main) refers to ustdlib.o(i.usnprintf) for usnprintf
    boot_demo_eth.o(i.main) refers to lwiplib.o(i.lwIPInit) for lwIPInit
    boot_demo_eth.o(i.main) refers to swupdate.o(i.SoftwareUpdateInit) for SoftwareUpdateInit
    boot_demo_eth.o(i.main) refers to interrupt.o(i.IntMasterEnable) for IntMasterEnable
    boot_demo_eth.o(i.main) refers to lwiplib.o(i.lwIPLocalIPAddrGet) for lwIPLocalIPAddrGet
    boot_demo_eth.o(i.main) refers to ustdlib.o(i.usprintf) for usprintf
    boot_demo_eth.o(i.main) refers to swupdate.o(i.SoftwareUpdateBegin) for SoftwareUpdateBegin
    boot_demo_eth.o(i.main) refers to boot_demo_eth.o(.bss) for .bss
    boot_demo_eth.o(i.main) refers to boot_demo_eth.o(i.SoftwareUpdateRequestCallback) for SoftwareUpdateRequestCallback
    boot_demo_eth.o(i.main) refers to boot_demo_eth.o(.data) for .data
    lwiplib.o(i.autoip_arp_announce) refers to lwiplib.o(i.etharp_raw) for etharp_raw
    lwiplib.o(i.autoip_arp_announce) refers to lwiplib.o(.constdata) for .constdata
    lwiplib.o(i.autoip_arp_reply) refers to memcpya.o(.text) for __aeabi_memcpy
    lwiplib.o(i.autoip_arp_reply) refers to memcmp.o(.text) for memcmp
    lwiplib.o(i.autoip_arp_reply) refers to lwiplib.o(i.autoip_start) for autoip_start
    lwiplib.o(i.autoip_arp_reply) refers to lwiplib.o(i.autoip_arp_announce) for autoip_arp_announce
    lwiplib.o(i.autoip_network_changed) refers to lwiplib.o(i.netif_set_down) for netif_set_down
    lwiplib.o(i.autoip_network_changed) refers to lwiplib.o(i.autoip_start_probing) for autoip_start_probing
    lwiplib.o(i.autoip_start) refers to lwiplib.o(i.netif_set_down) for netif_set_down
    lwiplib.o(i.autoip_start) refers to lwiplib.o(i.mem_malloc) for mem_malloc
    lwiplib.o(i.autoip_start) refers to memseta.o(.text) for __aeabi_memclr
    lwiplib.o(i.autoip_start) refers to lwiplib.o(i.autoip_start_probing) for autoip_start_probing
    lwiplib.o(i.autoip_stop) refers to lwiplib.o(i.netif_set_down) for netif_set_down
    lwiplib.o(i.autoip_tmr) refers to lwiplib.o(i.etharp_raw) for etharp_raw
    lwiplib.o(i.autoip_tmr) refers to lwiplib.o(i.netif_set_ipaddr) for netif_set_ipaddr
    lwiplib.o(i.autoip_tmr) refers to lwiplib.o(i.netif_set_netmask) for netif_set_netmask
    lwiplib.o(i.autoip_tmr) refers to lwiplib.o(i.netif_set_gw) for netif_set_gw
    lwiplib.o(i.autoip_tmr) refers to lwiplib.o(i.netif_set_up) for netif_set_up
    lwiplib.o(i.autoip_tmr) refers to lwiplib.o(i.autoip_arp_announce) for autoip_arp_announce
    lwiplib.o(i.autoip_tmr) refers to lwiplib.o(.data) for .data
    lwiplib.o(i.autoip_tmr) refers to lwiplib.o(.constdata) for .constdata
    lwiplib.o(i.dequeue_packet) refers to interrupt.o(i.IntMasterDisable) for IntMasterDisable
    lwiplib.o(i.dequeue_packet) refers to lwiplib.o(i.sys_arch_unprotect) for sys_arch_unprotect
    lwiplib.o(i.dhcp_arp_reply) refers to lwiplib.o(i.dhcp_decline) for dhcp_decline
    lwiplib.o(i.dhcp_bind) refers to lwiplib.o(i.autoip_stop) for autoip_stop
    lwiplib.o(i.dhcp_bind) refers to lwiplib.o(i.netif_set_ipaddr) for netif_set_ipaddr
    lwiplib.o(i.dhcp_bind) refers to lwiplib.o(i.netif_set_netmask) for netif_set_netmask
    lwiplib.o(i.dhcp_bind) refers to lwiplib.o(i.netif_set_gw) for netif_set_gw
    lwiplib.o(i.dhcp_bind) refers to lwiplib.o(i.netif_set_up) for netif_set_up
    lwiplib.o(i.dhcp_bind) refers to lwiplib.o(i.dhcp_set_state) for dhcp_set_state
    lwiplib.o(i.dhcp_check) refers to lwiplib.o(i.dhcp_set_state) for dhcp_set_state
    lwiplib.o(i.dhcp_check) refers to lwiplib.o(i.etharp_query) for etharp_query
[...]
    entry2.o(.ARM.Collect$$$$00002712) refers to startup_rvmdk.o(STACK) for __initial_sp
    entry2.o(__vectab_stack_and_reset_area) refers to startup_rvmdk.o(STACK) for __initial_sp
    entry2.o(__vectab_stack_and_reset_area) refers to entry.o(.ARM.Collect$$$$00000000) for __main
    entry5.o(.ARM.Collect$$$$00000004) refers to init.o(.text) for __scatterload
    entry7.o(.ARM.Collect$$$$00000007) refers to boot_demo_eth.o(i.main) for main
    init.o(.text) refers to entry5.o(.ARM.Collect$$$$00000004) for __main_after_scatterload


==============================================================================

Removing Unused input sections from the image.

    Removing lwiplib.o(i.autoip_init), (2 bytes).
    Removing lwiplib.o(i.autoip_network_changed), (34 bytes).
    Removing lwiplib.o(i.dhcp_inform), (156 bytes).
    Removing lwiplib.o(i.dhcp_network_changed), (70 bytes).
    Removing lwiplib.o(i.etharp_find_addr), (56 bytes).
    Removing lwiplib.o(i.htonl), (4 bytes).
    Removing lwiplib.o(i.htons), (4 bytes).
    Removing lwiplib.o(i.icmp_dest_unreach), (8 bytes).
    Removing lwiplib.o(i.inet_addr), (20 bytes).
    Removing lwiplib.o(i.inet_aton), (242 bytes).
    Removing lwiplib.o(i.inet_ntoa), (92 bytes).
    Removing lwiplib.o(i.lwIPLocalGWAddrGet), (12 bytes).
    Removing lwiplib.o(i.lwIPLocalMACGet), (12 bytes).
    Removing lwiplib.o(i.lwIPLocalNetMaskGet), (12 bytes).
    Removing lwiplib.o(i.lwIPNetworkConfigChange), (24 bytes).
    Removing lwiplib.o(i.lwIPPrivateNetworkConfigChange), (180 bytes).
    Removing lwiplib.o(i.mem_calloc), (28 bytes).
    Removing lwiplib.o(i.netif_find), (60 bytes).
    Removing lwiplib.o(i.netif_is_up), (10 bytes).
    Removing lwiplib.o(i.netif_remove), (56 bytes).
    Removing lwiplib.o(i.netif_set_default), (12 bytes).
    Removing lwiplib.o(i.ntohl), (4 bytes).
    Removing lwiplib.o(i.ntohs), (4 bytes).
    Removing lwiplib.o(i.pbuf_coalesce), (44 bytes).
    Removing lwiplib.o(i.pbuf_dechain), (42 bytes).
    Removing lwiplib.o(i.pbuf_take), (76 bytes).
    Removing lwiplib.o(i.perf_init), (2 bytes).
    Removing lwiplib.o(i.raw_bind), (10 bytes).
    Removing lwiplib.o(i.raw_connect), (10 bytes).
    Removing lwiplib.o(i.raw_new), (44 bytes).
    Removing lwiplib.o(i.raw_recv), (6 bytes).
    Removing lwiplib.o(i.raw_remove), (44 bytes).
    Removing lwiplib.o(i.raw_send), (6 bytes).
    Removing lwiplib.o(i.raw_sendto), (142 bytes).
    Removing lwiplib.o(i.sys_arch_protect), (4 bytes).
    Removing lwiplib.o(i.tcp_accept), (4 bytes).
    Removing lwiplib.o(i.tcp_accept_null), (6 bytes).
    Removing lwiplib.o(i.tcp_arg), (4 bytes).
    Removing lwiplib.o(i.tcp_bind), (196 bytes).
    Removing lwiplib.o(i.tcp_connect), (204 bytes).
    Removing lwiplib.o(i.tcp_debug_print_flags), (2 bytes).
    Removing lwiplib.o(i.tcp_debug_print_pcbs), (44 bytes).
    Removing lwiplib.o(i.tcp_debug_print_state), (2 bytes).
    Removing lwiplib.o(i.tcp_debug_state_str), (12 bytes).
    Removing lwiplib.o(i.tcp_err), (6 bytes).
    Removing lwiplib.o(i.tcp_listen_with_backlog), (140 bytes).
    Removing lwiplib.o(i.tcp_new), (6 bytes).
    Removing lwiplib.o(i.tcp_new_port), (96 bytes).
    Removing lwiplib.o(i.tcp_poll), (10 bytes).
    Removing lwiplib.o(i.tcp_recv), (6 bytes).
    Removing lwiplib.o(i.tcp_sent), (6 bytes).
    Removing lwiplib.o(i.tcp_setprio), (4 bytes).
    Removing lwiplib.o(i.tcp_write), (50 bytes).
    Removing lwiplib.o(i.udp_disconnect), (16 bytes).
    Removing lwiplib.o(i.udp_send), (8 bytes).
    Removing lwiplib.o(i.udp_sendto), (52 bytes).
    Removing rit128x96x4.o(i.RIT128x96x4Disable), (92 bytes).
    Removing rit128x96x4.o(i.RIT128x96x4DisplayOff), (12 bytes).
    Removing rit128x96x4.o(i.RIT128x96x4DisplayOn), (36 bytes).
    Removing rit128x96x4.o(i.RIT128x96x4ImageDraw), (104 bytes).
    Removing startup_rvmdk.o(HEAP), (0 bytes).
    Removing startup_rvmdk.o(.text), (0 bytes).
    Removing ustdlib.o(i.ulocaltime), (168 bytes).
    Removing ustdlib.o(i.ustrcasecmp), (8 bytes).
    Removing ustdlib.o(i.ustrnicmp), (70 bytes).
    Removing ustdlib.o(i.ustrstr), (42 bytes).
    Removing ustdlib.o(i.ustrtoul), (154 bytes).
    Removing ethernet.o(i.EthernetConfigGet), (24 bytes).
    Removing ethernet.o(i.EthernetDisable), (34 bytes).
    Removing ethernet.o(i.EthernetIntRegister), (18 bytes).
    Removing ethernet.o(i.EthernetIntUnregister), (18 bytes).
    Removing ethernet.o(i.EthernetPHYWrite), (34 bytes).
    Removing ethernet.o(i.EthernetPacketAvail), (12 bytes).
    Removing ethernet.o(i.EthernetPacketGet), (12 bytes).
    Removing ethernet.o(i.EthernetPacketGetInternal), (156 bytes).
    Removing ethernet.o(i.EthernetPacketGetNonBlocking), (16 bytes).
    Removing ethernet.o(i.EthernetPacketPut), (12 bytes).
    Removing ethernet.o(i.EthernetPacketPutInternal), (134 bytes).
    Removing ethernet.o(i.EthernetPacketPutNonBlocking), (16 bytes).
    Removing ethernet.o(i.EthernetSpaceAvail), (10 bytes).
    Removing flash.o(i.FlashErase), (44 bytes).
    Removing flash.o(i.FlashIntClear), (12 bytes).
    Removing flash.o(i.FlashIntDisable), (16 bytes).
    Removing flash.o(i.FlashIntEnable), (16 bytes).
    Removing flash.o(i.FlashIntRegister), (20 bytes).
    Removing flash.o(i.FlashIntStatus), (16 bytes).
    Removing flash.o(i.FlashIntUnregister), (18 bytes).
    Removing flash.o(i.FlashProgram), (156 bytes).
    Removing flash.o(i.FlashProtectGet), (144 bytes).
    Removing flash.o(i.FlashProtectSave), (80 bytes).
    Removing flash.o(i.FlashProtectSet), (252 bytes).
    Removing flash.o(i.FlashUsecGet), (16 bytes).
    Removing flash.o(i.FlashUsecSet), (12 bytes).
    Removing flash.o(i.FlashUserSave), (88 bytes).
    Removing flash.o(i.FlashUserSet), (52 bytes).
    Removing flash.o(.constdata), (32 bytes).
    Removing gpio.o(i.GPIODirModeGet), (34 bytes).
    Removing gpio.o(i.GPIOGetIntNumber), (156 bytes).
    Removing gpio.o(i.GPIOIntTypeGet), (48 bytes).
    Removing gpio.o(i.GPIOIntTypeSet), (58 bytes).
    Removing gpio.o(i.GPIOPadConfigGet), (140 bytes).
    Removing gpio.o(i.GPIOPinConfigure), (72 bytes).
    Removing gpio.o(i.GPIOPinIntClear), (6 bytes).
    Removing gpio.o(i.GPIOPinIntDisable), (14 bytes).
    Removing gpio.o(i.GPIOPinIntEnable), (12 bytes).
    Removing gpio.o(i.GPIOPinIntStatus), (14 bytes).
    Removing gpio.o(i.GPIOPinRead), (6 bytes).
    Removing gpio.o(i.GPIOPinTypeADC), (28 bytes).
    Removing gpio.o(i.GPIOPinTypeCAN), (28 bytes).
    Removing gpio.o(i.GPIOPinTypeComparator), (28 bytes).
    Removing gpio.o(i.GPIOPinTypeEPI), (28 bytes).
    Removing gpio.o(i.GPIOPinTypeGPIOInput), (28 bytes).
    Removing gpio.o(i.GPIOPinTypeGPIOOutputOD), (28 bytes).
    Removing gpio.o(i.GPIOPinTypeI2C), (28 bytes).
    Removing gpio.o(i.GPIOPinTypeI2S), (28 bytes).
    Removing gpio.o(i.GPIOPinTypePWM), (28 bytes).
    Removing gpio.o(i.GPIOPinTypeQEI), (28 bytes).
    Removing gpio.o(i.GPIOPinTypeTimer), (28 bytes).
    Removing gpio.o(i.GPIOPinTypeUART), (28 bytes).
    Removing gpio.o(i.GPIOPinTypeUSBAnalog), (28 bytes).
    Removing gpio.o(i.GPIOPinTypeUSBDigital), (28 bytes).
    Removing gpio.o(i.GPIOPortIntRegister), (26 bytes).
    Removing gpio.o(i.GPIOPortIntUnregister), (22 bytes).
    Removing gpio.o(.constdata), (72 bytes).
    Removing interrupt.o(i.IntDefaultHandler), (2 bytes).
    Removing interrupt.o(i.IntDisable), (104 bytes).
    Removing interrupt.o(i.IntPendClear), (72 bytes).
    Removing interrupt.o(i.IntPendSet), (90 bytes).
    Removing interrupt.o(i.IntPriorityGet), (28 bytes).
    Removing interrupt.o(i.IntPriorityGroupingGet), (40 bytes).
    Removing interrupt.o(i.IntPriorityGroupingSet), (28 bytes).
    Removing interrupt.o(i.IntPrioritySet), (40 bytes).
    Removing interrupt.o(i.IntRegister), (56 bytes).
    Removing interrupt.o(i.IntUnregister), (20 bytes).
    Removing interrupt.o(.constdata), (104 bytes).
    Removing interrupt.o(vtable), (284 bytes).
    Removing ssi.o(i.SSIDMADisable), (10 bytes).
    Removing ssi.o(i.SSIDMAEnable), (8 bytes).
    Removing ssi.o(i.SSIDataGet), (14 bytes).
    Removing ssi.o(i.SSIDataGetNonBlocking), (18 bytes).
    Removing ssi.o(i.SSIDataPutNonBlocking), (16 bytes).
    Removing ssi.o(i.SSIIntClear), (4 bytes).
    Removing ssi.o(i.SSIIntDisable), (10 bytes).
    Removing ssi.o(i.SSIIntEnable), (8 bytes).
    Removing ssi.o(i.SSIIntRegister), (32 bytes).
    Removing ssi.o(i.SSIIntStatus), (10 bytes).
    Removing ssi.o(i.SSIIntUnregister), (32 bytes).
    Removing sysctl.o(i.SysCtlADCSpeedGet), (16 bytes).
    Removing sysctl.o(i.SysCtlADCSpeedSet), (32 bytes).
    Removing sysctl.o(i.SysCtlBrownOutConfigSet), (16 bytes).
    Removing sysctl.o(i.SysCtlClkVerificationClear), (20 bytes).
    Removing sysctl.o(i.SysCtlDeepSleep), (32 bytes).
    Removing sysctl.o(i.SysCtlFlashSizeGet), (20 bytes).
    Removing sysctl.o(i.SysCtlGPIOAHBDisable), (20 bytes).
    Removing sysctl.o(i.SysCtlGPIOAHBEnable), (16 bytes).
    Removing sysctl.o(i.SysCtlI2SMClkSet), (216 bytes).
    Removing sysctl.o(i.SysCtlIOSCVerificationSet), (24 bytes).
    Removing sysctl.o(i.SysCtlIntClear), (12 bytes).
    Removing sysctl.o(i.SysCtlIntDisable), (16 bytes).
    Removing sysctl.o(i.SysCtlIntEnable), (16 bytes).
    Removing sysctl.o(i.SysCtlIntRegister), (20 bytes).
    Removing sysctl.o(i.SysCtlIntStatus), (16 bytes).
    Removing sysctl.o(i.SysCtlIntUnregister), (18 bytes).
    Removing sysctl.o(i.SysCtlLDOConfigSet), (12 bytes).
    Removing sysctl.o(i.SysCtlLDOGet), (12 bytes).
    Removing sysctl.o(i.SysCtlLDOSet), (12 bytes).
    Removing sysctl.o(i.SysCtlMOSCVerificationSet), (24 bytes).
    Removing sysctl.o(i.SysCtlPLLVerificationSet), (24 bytes).
    Removing sysctl.o(i.SysCtlPWMClockGet), (24 bytes).
    Removing sysctl.o(i.SysCtlPWMClockSet), (20 bytes).
    Removing sysctl.o(i.SysCtlPeripheralClockGating), (24 bytes).
    Removing sysctl.o(i.SysCtlPeripheralDeepSleepDisable), (32 bytes).
    Removing sysctl.o(i.SysCtlPeripheralDeepSleepEnable), (32 bytes).
    Removing sysctl.o(i.SysCtlPeripheralDisable), (32 bytes).
    Removing sysctl.o(i.SysCtlPeripheralPresent), (64 bytes).
    Removing sysctl.o(i.SysCtlPeripheralSleepDisable), (32 bytes).
    Removing sysctl.o(i.SysCtlPeripheralSleepEnable), (32 bytes).
    Removing sysctl.o(i.SysCtlPinPresent), (16 bytes).
    Removing sysctl.o(i.SysCtlReset), (16 bytes).
    Removing sysctl.o(i.SysCtlResetCauseClear), (16 bytes).
    Removing sysctl.o(i.SysCtlResetCauseGet), (12 bytes).
    Removing sysctl.o(i.SysCtlSRAMSizeGet), (20 bytes).
    Removing sysctl.o(i.SysCtlSleep), (4 bytes).
    Removing sysctl.o(i.SysCtlUSBPLLDisable), (16 bytes).
    Removing sysctl.o(i.SysCtlUSBPLLEnable), (16 bytes).
    Removing systick.o(i.SysTickDisable), (14 bytes).
    Removing systick.o(i.SysTickIntRegister), (24 bytes).
    Removing systick.o(i.SysTickIntUnregister), (18 bytes).
    Removing systick.o(i.SysTickPeriodGet), (10 bytes).
    Removing systick.o(i.SysTickValueGet), (8 bytes).

190 unused section(s) (total 7740 bytes) removed from the image.

==============================================================================

Image Symbol Table

    Local Symbols

    Symbol Name                              Value     Ov Type        Size  Object(Section)

    ../../microlib/init/entry.s              0x00000000   Number         0  entry2.o ABSOLUTE
    ../../microlib/init/entry.s              0x00000000   Number         0  entry.o ABSOLUTE
    ../../microlib/init/entry.s              0x00000000   Number         0  entry7.o ABSOLUTE
    ../../microlib/init/entry.s              0x00000000   Number         0  entry5.o ABSOLUTE
    ../../microlib/string/memcmp.c           0x00000000   Number         0  memcmp.o ABSOLUTE
    ../../microlib/string/memcpy.c           0x00000000   Number         0  memcpya.o ABSOLUTE
    ../../microlib/string/memcpy.c           0x00000000   Number         0  memcpyb.o ABSOLUTE
    ../../microlib/string/memset.c           0x00000000   Number         0  memseta.o ABSOLUTE
    ../../microlib/string/strlen.c           0x00000000   Number         0  strlen.o ABSOLUTE
    ../../microlib/string/strncmp.c          0x00000000   Number         0  strncmp.o ABSOLUTE
    ../../microlib/string/strncpy.c          0x00000000   Number         0  strncpy.o ABSOLUTE
    ..\..\..\utils\lwiplib.c                 0x00000000   Number         0  lwiplib.o ABSOLUTE
    ..\..\..\utils\swupdate.c                0x00000000   Number         0  swupdate.o ABSOLUTE
    ..\..\..\utils\ustdlib.c                 0x00000000   Number         0  ustdlib.o ABSOLUTE
    ..\drivers\rit128x96x4.c                 0x00000000   Number         0  rit128x96x4.o ABSOLUTE
    boot_demo_eth.c                          0x00000000   Number         0  boot_demo_eth.o ABSOLUTE
    cpu.c                                    0x00000000   Number         0  cpu.o ABSOLUTE
    cpu.c                                    0x00000000   Number         0  cpu.o ABSOLUTE
    dc.s                                     0x00000000   Number         0  dc.o ABSOLUTE
    ethernet.c                               0x00000000   Number         0  ethernet.o ABSOLUTE
    flash.c                                  0x00000000   Number         0  flash.o ABSOLUTE
    gpio.c                                   0x00000000   Number         0  gpio.o ABSOLUTE
    handlers.s                               0x00000000   Number         0  handlers.o ABSOLUTE
    init.s                                   0x00000000   Number         0  init.o ABSOLUTE
    interrupt.c                              0x00000000   Number         0  interrupt.o ABSOLUTE
    ssi.c                                    0x00000000   Number         0  ssi.o ABSOLUTE
    startup_rvmdk.S                          0x00000000   Number         0  startup_rvmdk.o ABSOLUTE
    sysctl.c                                 0x00000000   Number         0  sysctl.o ABSOLUTE
    sysctl.c                                 0x00000000   Number         0  sysctl.o ABSOLUTE
    systick.c                                0x00000000   Number         0  systick.o ABSOLUTE
    RESET                                    0x00001000   Section      252  startup_rvmdk.o(RESET)
    NmiSR                                    0x000010f5   Thumb Code     0  startup_rvmdk.o(RESET)
    FaultISR                                 0x000010f7   Thumb Code     0  startup_rvmdk.o(RESET)
    IntDefaultHandler                        0x000010f9   Thumb Code     0  startup_rvmdk.o(RESET)
    .ARM.Collect$$$$00000000                 0x000010fc   Section        0  entry.o(.ARM.Collect$$$$00000000)
    .ARM.Collect$$$$00000001                 0x000010fc   Section        4  entry2.o(.ARM.Collect$$$$00000001)
    .ARM.Collect$$$$00000004                 0x00001100   Section        4  entry5.o(.ARM.Collect$$$$00000004)
    .ARM.Collect$$$$00000007                 0x00001104   Section        8  entry7.o(.ARM.Collect$$$$00000007)
    .ARM.Collect$$$$00002712                 0x0000110c   Section        4  entry2.o(.ARM.Collect$$$$00002712)
    __lit__00000000                          0x0000110c   Data           4  entry2.o(.ARM.Collect$$$$00002712)
    .emb_text                                0x00001110   Section        6  sysctl.o(.emb_text)
    .emb_text                                0x00001118   Section       26  cpu.o(.emb_text)
    .text                                    0x00001132   Section        0  memcpya.o(.text)
    .text                                    0x00001156   Section        0  memseta.o(.text)
    .text                                    0x0000117c   Section        0  strncpy.o(.text)
    .text                                    0x00001194   Section        0  memcmp.o(.text)
    .text                                    0x000011b0   Section       36  init.o(.text)
    i.EthernetConfigSet                      0x000011d4   Section        0  ethernet.o(i.EthernetConfigSet)
    i.EthernetEnable                         0x000011fe   Section        0  ethernet.o(i.EthernetEnable)
    i.EthernetInitExpClk                     0x00001220   Section        0  ethernet.o(i.EthernetInitExpClk)
    i.EthernetIntClear                       0x00001230   Section        0  ethernet.o(i.EthernetIntClear)
    i.EthernetIntDisable                     0x00001234   Section        0  ethernet.o(i.EthernetIntDisable)
    i.EthernetIntEnable                      0x0000123e   Section        0  ethernet.o(i.EthernetIntEnable)
    i.EthernetIntStatus                      0x00001246   Section        0  ethernet.o(i.EthernetIntStatus)
    i.EthernetMACAddrGet                     0x00001254   Section        0  ethernet.o(i.EthernetMACAddrGet)
    i.EthernetMACAddrSet                     0x00001286   Section        0  ethernet.o(i.EthernetMACAddrSet)
    i.EthernetPHYRead                        0x000012bc   Section        0  ethernet.o(i.EthernetPHYRead)
    i.FlashUserGet                           0x000012e0   Section        0  flash.o(i.FlashUserGet)
    i.GPIODirModeSet                         0x00001318   Section        0  gpio.o(i.GPIODirModeSet)
    i.GPIOPadConfigSet                       0x00001340   Section        0  gpio.o(i.GPIOPadConfigSet)
    i.GPIOPinTypeEthernetLED                 0x000013f0   Section        0  gpio.o(i.GPIOPinTypeEthernetLED)
    i.GPIOPinTypeGPIOOutput                  0x0000140c   Section        0  gpio.o(i.GPIOPinTypeGPIOOutput)
    i.GPIOPinTypeSSI                         0x00001428   Section        0  gpio.o(i.GPIOPinTypeSSI)
    i.GPIOPinWrite                           0x00001444   Section        0  gpio.o(i.GPIOPinWrite)
    i.IntEnable                              0x0000144a   Section        0  interrupt.o(i.IntEnable)
    i.IntMasterDisable                       0x000014b2   Section        0  interrupt.o(i.IntMasterDisable)
    i.IntMasterEnable                        0x000014bc   Section        0  interrupt.o(i.IntMasterEnable)
    i.RIT128x96x4Clear                       0x000014c8   Section        0  rit128x96x4.o(i.RIT128x96x4Clear)
    i.RIT128x96x4Enable                      0x00001510   Section        0  rit128x96x4.o(i.RIT128x96x4Enable)
    i.RIT128x96x4Init                        0x00001574   Section        0  rit128x96x4.o(i.RIT128x96x4Init)
    i.RIT128x96x4StringDraw                  0x00001614   Section        0  rit128x96x4.o(i.RIT128x96x4StringDraw)
    i.RITWriteCommand                        0x000016d4   Section        0  rit128x96x4.o(i.RITWriteCommand)
    RITWriteCommand                          0x000016d5   Thumb Code    92  rit128x96x4.o(i.RITWriteCommand)
    i.RITWriteData                           0x0000173c   Section        0  rit128x96x4.o(i.RITWriteData)
    RITWriteData                             0x0000173d   Thumb Code    92  rit128x96x4.o(i.RITWriteData)
    i.SSIBusy                                0x000017a4   Section        0  ssi.o(i.SSIBusy)
    i.SSIConfigSetExpClk                     0x000017ac   Section        0  ssi.o(i.SSIConfigSetExpClk)
    i.SSIDataPut                             0x000017f8   Section        0  ssi.o(i.SSIDataPut)
    i.SSIDisable                             0x00001804   Section        0  ssi.o(i.SSIDisable)
    i.SSIEnable                              0x0000180e   Section        0  ssi.o(i.SSIEnable)
    i.SoftwareUpdateBegin                    0x00001818   Section        0  swupdate.o(i.SoftwareUpdateBegin)
    i.SoftwareUpdateInit                     0x00001838   Section        0  swupdate.o(i.SoftwareUpdateInit)
    i.SoftwareUpdateRequestCallback          0x00001888   Section        0  boot_demo_eth.o(i.SoftwareUpdateRequestCallback)
    i.SoftwareUpdateUDPReceive               0x00001894   Section        0  swupdate.o(i.SoftwareUpdateUDPReceive)
    SoftwareUpdateUDPReceive                 0x00001895   Thumb Code    86  swupdate.o(i.SoftwareUpdateUDPReceive)
    i.SysCtlClockGet                         0x000018f0   Section        0  sysctl.o(i.SysCtlClockGet)
    i.SysCtlClockSet                         0x00001ad4   Section        0  sysctl.o(i.SysCtlClockSet)
    i.SysCtlPeripheralEnable                 0x00001c0c   Section        0  sysctl.o(i.SysCtlPeripheralEnable)
    i.SysCtlPeripheralReset                  0x00001c2c   Section        0  sysctl.o(i.SysCtlPeripheralReset)
    i.SysTickEnable                          0x00001c64   Section        0  systick.o(i.SysTickEnable)
    i.SysTickHandler                         0x00001c72   Section        0  boot_demo_eth.o(i.SysTickHandler)
    i.SysTickIntDisable                      0x00001c78   Section        0  systick.o(i.SysTickIntDisable)
    i.SysTickIntEnable                       0x00001c86   Section        0  systick.o(i.SysTickIntEnable)
    i.SysTickPeriodSet                       0x00001c94   Section        0  systick.o(i.SysTickPeriodSet)
    i.__scatterload_copy                     0x00001c9e   Section       14  handlers.o(i.__scatterload_copy)
    i.__scatterload_null                     0x00001cac   Section        2  handlers.o(i.__scatterload_null)
    i.__scatterload_zeroinit                 0x00001cae   Section       14  handlers.o(i.__scatterload_zeroinit)
    i.autoip_arp_announce                    0x00001cbc   Section        0  lwiplib.o(i.autoip_arp_announce)
    autoip_arp_announce                      0x00001cbd   Thumb Code    38  lwiplib.o(i.autoip_arp_announce)
    i.autoip_arp_reply                       0x00001ce8   Section        0  lwiplib.o(i.autoip_arp_reply)
    i.autoip_start                           0x00001da0   Section        0  lwiplib.o(i.autoip_start)
    i.autoip_start_probing                   0x00001e34   Section        0  lwiplib.o(i.autoip_start_probing)
    autoip_start_probing                     0x00001e35   Thumb Code    68  lwiplib.o(i.autoip_start_probing)
    i.autoip_stop                            0x00001e78   Section        0  lwiplib.o(i.autoip_stop)
    i.autoip_tmr                             0x00001e88   Section        0  lwiplib.o(i.autoip_tmr)
    i.dequeue_packet                         0x00001f94   Section        0  lwiplib.o(i.dequeue_packet)
    dequeue_packet                           0x00001f95   Thumb Code    46  lwiplib.o(i.dequeue_packet)
    i.dhcp_arp_reply                         0x00001fc2   Section        0  lwiplib.o(i.dhcp_arp_reply)
    i.dhcp_bind                              0x00001fe0   Section        0  lwiplib.o(i.dhcp_bind)
    dhcp_bind                                0x00001fe1   Thumb Code   216  lwiplib.o(i.dhcp_bind)
    i.dhcp_check                             0x000020bc   Section        0  lwiplib.o(i.dhcp_check)
    dhcp_check                               0x000020bd   Thumb Code    38  lwiplib.o(i.dhcp_check)
    i.dhcp_coarse_tmr                        0x000020e4   Section        0  lwiplib.o(i.dhcp_coarse_tmr)
    i.dhcp_create_request                    0x00002140   Section        0  lwiplib.o(i.dhcp_create_request)
    dhcp_create_request                      0x00002141   Thumb Code   240  lwiplib.o(i.dhcp_create_request)
    i.dhcp_decline                           0x00002238   Section        0  lwiplib.o(i.dhcp_decline)
    dhcp_decline                             0x00002239   Thumb Code   114  lwiplib.o(i.dhcp_decline)
    i.dhcp_delete_request                    0x000022b0   Section        0  lwiplib.o(i.dhcp_delete_request)
    dhcp_delete_request                      0x000022b1   Thumb Code    28  lwiplib.o(i.dhcp_delete_request)
    i.dhcp_discover                          0x000022cc   Section        0  lwiplib.o(i.dhcp_discover)
    dhcp_discover                            0x000022cd   Thumb Code   212  lwiplib.o(i.dhcp_discover)
    i.dhcp_fine_tmr                          0x000023a4   Section        0  lwiplib.o(i.dhcp_fine_tmr)
    i.dhcp_free_reply                        0x000023d8   Section        0  lwiplib.o(i.dhcp_free_reply)
    dhcp_free_reply                          0x000023d9   Thumb Code    32  lwiplib.o(i.dhcp_free_reply)
    i.dhcp_get_option_long                   0x000023f8   Section        0  lwiplib.o(i.dhcp_get_option_long)
    dhcp_get_option_long                     0x000023f9   Thumb Code    22  lwiplib.o(i.dhcp_get_option_long)
    i.dhcp_get_option_ptr                    0x0000240e   Section        0  lwiplib.o(i.dhcp_get_option_ptr)
    dhcp_get_option_ptr                      0x0000240f   Thumb Code   128  lwiplib.o(i.dhcp_get_option_ptr)
    i.dhcp_handle_ack                        0x0000248e   Section        0  lwiplib.o(i.dhcp_handle_ack)
    dhcp_handle_ack                          0x0000248f   Thumb Code   212  lwiplib.o(i.dhcp_handle_ack)
    i.dhcp_option                            0x00002562   Section        0  lwiplib.o(i.dhcp_option)
    dhcp_option                              0x00002563   Thumb Code    32  lwiplib.o(i.dhcp_option)
    i.dhcp_option_byte                       0x00002582   Section        0  lwiplib.o(i.dhcp_option_byte)
    dhcp_option_byte                         0x00002583   Thumb Code    16  lwiplib.o(i.dhcp_option_byte)
    i.dhcp_option_long                       0x00002592   Section        0  lwiplib.o(i.dhcp_option_long)
    dhcp_option_long                         0x00002593   Thumb Code    66  lwiplib.o(i.dhcp_option_long)
    i.dhcp_option_short                      0x000025d4   Section        0  lwiplib.o(i.dhcp_option_short)
    dhcp_option_short                        0x000025d5   Thumb Code    34  lwiplib.o(i.dhcp_option_short)
    i.dhcp_option_trailer                    0x000025f6   Section        0  lwiplib.o(i.dhcp_option_trailer)
    dhcp_option_trailer                      0x000025f7   Thumb Code    48  lwiplib.o(i.dhcp_option_trailer)
    i.dhcp_rebind                            0x00002628   Section        0  lwiplib.o(i.dhcp_rebind)
    dhcp_rebind                              0x00002629   Thumb Code   142  lwiplib.o(i.dhcp_rebind)
    i.dhcp_reboot                            0x000026bc   Section        0  lwiplib.o(i.dhcp_reboot)
    dhcp_reboot                              0x000026bd   Thumb Code   164  lwiplib.o(i.dhcp_reboot)
    i.dhcp_recv                              0x00002764   Section        0  lwiplib.o(i.dhcp_recv)
    dhcp_recv                                0x00002765   Thumb Code   284  lwiplib.o(i.dhcp_recv)
    i.dhcp_release                           0x00002884   Section        0  lwiplib.o(i.dhcp_release)
    i.dhcp_renew                             0x00002938   Section        0  lwiplib.o(i.dhcp_renew)
    i.dhcp_select                            0x000029c8   Section        0  lwiplib.o(i.dhcp_select)
    dhcp_select                              0x000029c9   Thumb Code   224  lwiplib.o(i.dhcp_select)
    i.dhcp_set_state                         0x00002aac   Section        0  lwiplib.o(i.dhcp_set_state)
    dhcp_set_state                           0x00002aad   Thumb Code    14  lwiplib.o(i.dhcp_set_state)
    i.dhcp_start                             0x00002abc   Section        0  lwiplib.o(i.dhcp_start)
    i.dhcp_stop                              0x00002b58   Section        0  lwiplib.o(i.dhcp_stop)
    i.dhcp_timeout                           0x00002b98   Section        0  lwiplib.o(i.dhcp_timeout)
    dhcp_timeout                             0x00002b99   Thumb Code   138  lwiplib.o(i.dhcp_timeout)
    i.dhcp_unfold_reply                      0x00002c22   Section        0  lwiplib.o(i.dhcp_unfold_reply)
    dhcp_unfold_reply                        0x00002c23   Thumb Code   108  lwiplib.o(i.dhcp_unfold_reply)
    i.etharp_arp_input                       0x00002c90   Section        0  lwiplib.o(i.etharp_arp_input)
    i.etharp_ip_input                        0x00002de8   Section        0  lwiplib.o(i.etharp_ip_input)
    i.etharp_output                          0x00002e14   Section        0  lwiplib.o(i.etharp_output)
    i.etharp_query                           0x00002ec8   Section        0  lwiplib.o(i.etharp_query)
    i.etharp_raw                             0x00002ff8   Section        0  lwiplib.o(i.etharp_raw)
    i.etharp_request                         0x000030c8   Section        0  lwiplib.o(i.etharp_request)
    i.etharp_send_ip                         0x000030f0   Section        0  lwiplib.o(i.etharp_send_ip)
    etharp_send_ip                           0x000030f1   Thumb Code    40  lwiplib.o(i.etharp_send_ip)
    i.etharp_tmr                             0x00003118   Section        0  lwiplib.o(i.etharp_tmr)
    i.ethernet_input                         0x00003168   Section        0  lwiplib.o(i.ethernet_input)
    i.find_entry                             0x000031cc   Section        0  lwiplib.o(i.find_entry)
    find_entry                               0x000031cd   Thumb Code   298  lwiplib.o(i.find_entry)
    i.free_etharp_q                          0x00003300   Section        0  lwiplib.o(i.free_etharp_q)
    free_etharp_q                            0x00003301   Thumb Code    30  lwiplib.o(i.free_etharp_q)
    i.icmp_input                             0x00003320   Section        0  lwiplib.o(i.icmp_input)
    i.icmp_send_response                     0x000034b4   Section        0  lwiplib.o(i.icmp_send_response)
    icmp_send_response                       0x000034b5   Thumb Code   110  lwiplib.o(i.icmp_send_response)
    i.inet_chksum                            0x00003528   Section        0  lwiplib.o(i.inet_chksum)
    i.inet_chksum_pbuf                       0x00003534   Section        0  lwiplib.o(i.inet_chksum_pbuf)
    i.inet_chksum_pseudo                     0x0000357c   Section        0  lwiplib.o(i.inet_chksum_pseudo)
    i.ip_addr_isbroadcast                    0x000035fe   Section        0  lwiplib.o(i.ip_addr_isbroadcast)
    i.ip_input                               0x00003630   Section        0  lwiplib.o(i.ip_input)
    i.ip_output                              0x00003830   Section        0  lwiplib.o(i.ip_output)
    i.ip_output_if                           0x00003870   Section        0  lwiplib.o(i.ip_output_if)
    i.ip_route                               0x00003930   Section        0  lwiplib.o(i.ip_route)
    i.lwIPEthernetIntHandler                 0x0000397c   Section        0  lwiplib.o(i.lwIPEthernetIntHandler)
    i.lwIPInit                               0x000039ac   Section        0  lwiplib.o(i.lwIPInit)
    i.lwIPLocalIPAddrGet                     0x000039e8   Section        0  lwiplib.o(i.lwIPLocalIPAddrGet)
    i.lwIPPrivateInit                        0x000039f4   Section        0  lwiplib.o(i.lwIPPrivateInit)
    lwIPPrivateInit                          0x000039f5   Thumb Code   104  lwiplib.o(i.lwIPPrivateInit)
    i.lwIPServiceTimers                      0x00003a6c   Section        0  lwiplib.o(i.lwIPServiceTimers)
    lwIPServiceTimers                        0x00003a6d   Thumb Code   138  lwiplib.o(i.lwIPServiceTimers)
    i.lwIPTimer                              0x00003b00   Section        0  lwiplib.o(i.lwIPTimer)
    i.lwip_init                              0x00003b1c   Section        0  lwiplib.o(i.lwip_init)
    i.lwip_standard_chksum                   0x00003b2a   Section        0  lwiplib.o(i.lwip_standard_chksum)
    lwip_standard_chksum                     0x00003b2b   Thumb Code    58  lwiplib.o(i.lwip_standard_chksum)
    i.main                                   0x00003b64   Section        0  boot_demo_eth.o(i.main)
    i.mem_free                               0x00003d70   Section        0  lwiplib.o(i.mem_free)
    i.mem_init                               0x00003dc8   Section        0  lwiplib.o(i.mem_init)
    i.mem_malloc                             0x00003e08   Section        0  lwiplib.o(i.mem_malloc)
    i.mem_realloc                            0x00003eec   Section        0  lwiplib.o(i.mem_realloc)
    i.memp_free                              0x00003fdc   Section        0  lwiplib.o(i.memp_free)
    i.memp_init                              0x0000401c   Section        0  lwiplib.o(i.memp_init)
    i.memp_malloc                            0x00004094   Section        0  lwiplib.o(i.memp_malloc)
    i.netif_add                              0x000040f0   Section        0  lwiplib.o(i.netif_add)
    i.netif_set_addr                         0x0000413c   Section        0  lwiplib.o(i.netif_set_addr)
    i.netif_set_down                         0x0000415c   Section        0  lwiplib.o(i.netif_set_down)
    i.netif_set_gw                           0x0000416e   Section        0  lwiplib.o(i.netif_set_gw)
    i.netif_set_ipaddr                       0x00004178   Section        0  lwiplib.o(i.netif_set_ipaddr)
    i.netif_set_netmask                      0x000041dc   Section        0  lwiplib.o(i.netif_set_netmask)
    i.netif_set_up                           0x000041e4   Section        0  lwiplib.o(i.netif_set_up)
    i.pbuf_alloc                             0x00004202   Section        0  lwiplib.o(i.pbuf_alloc)
    i.pbuf_cat                               0x0000431c   Section        0  lwiplib.o(i.pbuf_cat)
    i.pbuf_chain                             0x00004344   Section        0  lwiplib.o(i.pbuf_chain)
    i.pbuf_clen                              0x00004356   Section        0  lwiplib.o(i.pbuf_clen)
    i.pbuf_copy                              0x00004368   Section        0  lwiplib.o(i.pbuf_copy)
    i.pbuf_copy_partial                      0x000043f8   Section        0  lwiplib.o(i.pbuf_copy_partial)
    i.pbuf_free                              0x0000445e   Section        0  lwiplib.o(i.pbuf_free)
    i.pbuf_header                            0x000044ac   Section        0  lwiplib.o(i.pbuf_header)
    i.pbuf_realloc                           0x0000450a   Section        0  lwiplib.o(i.pbuf_realloc)
    i.pbuf_ref                               0x0000455c   Section        0  lwiplib.o(i.pbuf_ref)
    i.plug_holes                             0x00004578   Section        0  lwiplib.o(i.plug_holes)
    plug_holes                               0x00004579   Thumb Code    78  lwiplib.o(i.plug_holes)
    i.raw_input                              0x000045cc   Section        0  lwiplib.o(i.raw_input)
    i.stellarisif_init                       0x00004630   Section        0  lwiplib.o(i.stellarisif_init)
    i.stellarisif_interrupt                  0x000046cc   Section        0  lwiplib.o(i.stellarisif_interrupt)
    i.stellarisif_output                     0x00004748   Section        0  lwiplib.o(i.stellarisif_output)
    stellarisif_output                       0x00004749   Thumb Code   146  lwiplib.o(i.stellarisif_output)
    i.stellarisif_receive                    0x000047e0   Section        0  lwiplib.o(i.stellarisif_receive)
    stellarisif_receive                      0x000047e1   Thumb Code   116  lwiplib.o(i.stellarisif_receive)
    i.stellarisif_transmit                   0x0000485c   Section        0  lwiplib.o(i.stellarisif_transmit)
    stellarisif_transmit                     0x0000485d   Thumb Code   172  lwiplib.o(i.stellarisif_transmit)
    i.sys_arch_unprotect                     0x00004910   Section        0  lwiplib.o(i.sys_arch_unprotect)
    i.tcp_abandon                            0x0000491c   Section        0  lwiplib.o(i.tcp_abandon)
    i.tcp_alloc                              0x000049b4   Section        0  lwiplib.o(i.tcp_alloc)
    i.tcp_close                              0x00004ae0   Section        0  lwiplib.o(i.tcp_close)
    i.tcp_debug_print                        0x00004b84   Section        0  lwiplib.o(i.tcp_debug_print)
    i.tcp_eff_send_mss                       0x00004b86   Section        0  lwiplib.o(i.tcp_eff_send_mss)
    i.tcp_enqueue                            0x00004ba4   Section        0  lwiplib.o(i.tcp_enqueue)
    i.tcp_fasttmr                            0x00004eb8   Section        0  lwiplib.o(i.tcp_fasttmr)
    i.tcp_input                              0x00004f18   Section        0  lwiplib.o(i.tcp_input)
    i.tcp_keepalive                          0x00005270   Section        0  lwiplib.o(i.tcp_keepalive)
    i.tcp_listen_input                       0x000052d4   Section        0  lwiplib.o(i.tcp_listen_input)
    tcp_listen_input                         0x000052d5   Thumb Code   228  lwiplib.o(i.tcp_listen_input)
    i.tcp_next_iss                           0x000053c0   Section        0  lwiplib.o(i.tcp_next_iss)
    i.tcp_oos_insert_segment                 0x000053d0   Section        0  lwiplib.o(i.tcp_oos_insert_segment)
    tcp_oos_insert_segment                   0x000053d1   Thumb Code   124  lwiplib.o(i.tcp_oos_insert_segment)
    i.tcp_output                             0x00005450   Section        0  lwiplib.o(i.tcp_output)
    i.tcp_output_segment                     0x000055c4   Section        0  lwiplib.o(i.tcp_output_segment)
    tcp_output_segment                       0x000055c5   Thumb Code   188  lwiplib.o(i.tcp_output_segment)
    i.tcp_output_set_header                  0x0000568c   Section        0  lwiplib.o(i.tcp_output_set_header)
    tcp_output_set_header                    0x0000568d   Thumb Code    96  lwiplib.o(i.tcp_output_set_header)
    i.tcp_parseopt                           0x000056ec   Section        0  lwiplib.o(i.tcp_parseopt)
    tcp_parseopt                             0x000056ed   Thumb Code   106  lwiplib.o(i.tcp_parseopt)
    i.tcp_pcb_purge                          0x0000575c   Section        0  lwiplib.o(i.tcp_pcb_purge)
    i.tcp_pcb_remove                         0x000057a0   Section        0  lwiplib.o(i.tcp_pcb_remove)
    i.tcp_pcbs_sane                          0x00005804   Section        0  lwiplib.o(i.tcp_pcbs_sane)
    i.tcp_process                            0x00005824   Section        0  lwiplib.o(i.tcp_process)
    tcp_process                              0x00005825   Thumb Code   808  lwiplib.o(i.tcp_process)
    i.tcp_receive                            0x00005b50   Section        0  lwiplib.o(i.tcp_receive)
    tcp_receive                              0x00005b51   Thumb Code  1546  lwiplib.o(i.tcp_receive)
    i.tcp_recv_null                          0x00006160   Section        0  lwiplib.o(i.tcp_recv_null)
    i.tcp_recved                             0x00006184   Section        0  lwiplib.o(i.tcp_recved)
    i.tcp_rexmit                             0x000061bc   Section        0  lwiplib.o(i.tcp_rexmit)
    i.tcp_rexmit_fast                        0x000061fc   Section        0  lwiplib.o(i.tcp_rexmit_fast)
    i.tcp_rexmit_rto                         0x00006252   Section        0  lwiplib.o(i.tcp_rexmit_rto)
    i.tcp_rst                                0x00006280   Section        0  lwiplib.o(i.tcp_rst)
    i.tcp_seg_copy                           0x00006324   Section        0  lwiplib.o(i.tcp_seg_copy)
    i.tcp_seg_free                           0x00006346   Section        0  lwiplib.o(i.tcp_seg_free)
    i.tcp_segs_free                          0x00006366   Section        0  lwiplib.o(i.tcp_segs_free)
    i.tcp_send_ctrl                          0x00006380   Section        0  lwiplib.o(i.tcp_send_ctrl)
    i.tcp_send_empty_ack                     0x00006396   Section        0  lwiplib.o(i.tcp_send_empty_ack)
    i.tcp_slowtmr                            0x000063fc   Section        0  lwiplib.o(i.tcp_slowtmr)
    i.tcp_timewait_input                     0x00006644   Section        0  lwiplib.o(i.tcp_timewait_input)
    tcp_timewait_input                       0x00006645   Thumb Code    98  lwiplib.o(i.tcp_timewait_input)
    i.tcp_tmr                                0x000066ac   Section        0  lwiplib.o(i.tcp_tmr)
    i.tcp_update_rcv_ann_wnd                 0x000066cc   Section        0  lwiplib.o(i.tcp_update_rcv_ann_wnd)
    i.tcp_zero_window_probe                  0x00006700   Section        0  lwiplib.o(i.tcp_zero_window_probe)
    i.udp_bind                               0x000067b0   Section        0  lwiplib.o(i.udp_bind)
    i.udp_connect                            0x0000680c   Section        0  lwiplib.o(i.udp_connect)
    i.udp_input                              0x00006858   Section        0  lwiplib.o(i.udp_input)
    i.udp_new                                0x00006a20   Section        0  lwiplib.o(i.udp_new)
    i.udp_recv                               0x00006a3c   Section        0  lwiplib.o(i.udp_recv)
    i.udp_remove                             0x00006a44   Section        0  lwiplib.o(i.udp_remove)
    i.udp_sendto_if                          0x00006a70   Section        0  lwiplib.o(i.udp_sendto_if)
    i.update_arp_entry                       0x00006b4c   Section        0  lwiplib.o(i.update_arp_entry)
    update_arp_entry                         0x00006b4d   Thumb Code   158  lwiplib.o(i.update_arp_entry)
    i.usnprintf                              0x00006bf0   Section        0  ustdlib.o(i.usnprintf)
    i.usprintf                               0x00006c02   Section        0  ustdlib.o(i.usprintf)
    i.uvsnprintf                             0x00006c18   Section        0  ustdlib.o(i.uvsnprintf)
    .constdata                               0x00006e60   Section       73  lwiplib.o(.constdata)
    memp_sizes                               0x00006e7c   Data          16  lwiplib.o(.constdata)
    memp_num                                 0x00006e8c   Data          16  lwiplib.o(.constdata)
    .constdata                               0x00006ea9   Section      571  rit128x96x4.o(.constdata)
    g_pucRIT128x96x4VerticalInc              0x00006ea9   Data           2  rit128x96x4.o(.constdata)
    g_pucRIT128x96x4HorizontalInc            0x00006eab   Data           2  rit128x96x4.o(.constdata)
    pucCommand1                              0x00006ead   Data           2  rit128x96x4.o(.constdata)
    pucCommand1                              0x00006eaf   Data           3  rit128x96x4.o(.constdata)
    pucCommand2                              0x00006eb2   Data           3  rit128x96x4.o(.constdata)
    g_pucFont                                0x00006eb5   Data         480  rit128x96x4.o(.constdata)
    g_pucRIT128x96x4Init                     0x00007095   Data          79  rit128x96x4.o(.constdata)
    .constdata                               0x000070e4   Section       28  ustdlib.o(.constdata)
    g_pcHex                                  0x000070e4   Data           4  ustdlib.o(.constdata)
    g_psDaysToMonth                          0x000070e8   Data          24  ustdlib.o(.constdata)
    .constdata                               0x00007100   Section      156  sysctl.o(.constdata)
    g_pulDCRegs                              0x00007100   Data          16  sysctl.o(.constdata)
    g_pulSRCRRegs                            0x00007110   Data          12  sysctl.o(.constdata)
    g_pulRCGCRegs                            0x0000711c   Data          12  sysctl.o(.constdata)
    g_pulSCGCRegs                            0x00007128   Data          12  sysctl.o(.constdata)
    g_pulDCGCRegs                            0x00007134   Data          12  sysctl.o(.constdata)
    g_pulXtals                               0x00007140   Data          92  sysctl.o(.constdata)
    .conststring                             0x0000719c   Section      104  lwiplib.o(.conststring)
    .conststring                             0x00007204   Section       17  ustdlib.o(.conststring)
    .data                                    0x20000000   Section        1  boot_demo_eth.o(.data)
    g_bFirmwareUpdate                        0x20000000   Data           1  boot_demo_eth.o(.data)
    .data                                    0x20000004   Section      192  lwiplib.o(.data)
    netifnum                                 0x20000004   Data           1  lwiplib.o(.data)
    mem_sem                                  0x20000005   Data           1  lwiplib.o(.data)
    tcp_timer                                0x20000006   Data           1  lwiplib.o(.data)
    flags                                    0x20000007   Data           1  lwiplib.o(.data)
    recv_flags                               0x20000008   Data           1  lwiplib.o(.data)
    etharp_cached_entry                      0x20000009   Data           1  lwiplib.o(.data)
    port                                     0x2000000a   Data           2  lwiplib.o(.data)
    ip_id                                    0x2000000c   Data           2  lwiplib.o(.data)
    tcplen                                   0x2000000e   Data           2  lwiplib.o(.data)
    g_ulLocalTimer                           0x20000010   Data           4  lwiplib.o(.data)
    g_ulMDIXTimer                            0x20000014   Data           4  lwiplib.o(.data)
    g_ulTCPTimer                             0x20000018   Data           4  lwiplib.o(.data)
    g_ulARPTimer                             0x2000001c   Data           4  lwiplib.o(.data)
    g_ulAutoIPTimer                          0x20000020   Data           4  lwiplib.o(.data)
    g_ulDHCPCoarseTimer                      0x20000024   Data           4  lwiplib.o(.data)
    g_ulDHCPFineTimer                        0x20000028   Data           4  lwiplib.o(.data)
    g_ulIPMode                               0x2000002c   Data           4  lwiplib.o(.data)
    xid                                      0x20000030   Data           4  lwiplib.o(.data)
    iss                                      0x20000034   Data           4  lwiplib.o(.data)
    ram                                      0x20000038   Data           4  lwiplib.o(.data)
    ram_end                                  0x2000003c   Data           4  lwiplib.o(.data)
    lfree                                    0x20000040   Data           4  lwiplib.o(.data)
    raw_pcbs                                 0x2000004c   Data           4  lwiplib.o(.data)
    tcphdr                                   0x20000068   Data           4  lwiplib.o(.data)
    iphdr                                    0x2000006c   Data           4  lwiplib.o(.data)
    seqno                                    0x20000070   Data           4  lwiplib.o(.data)
    ackno                                    0x20000074   Data           4  lwiplib.o(.data)
    recv_data                                0x20000078   Data           4  lwiplib.o(.data)
    g_ulIPAddr                               0x2000008c   Data           4  lwiplib.o(.data)
    g_ulNetMask                              0x20000090   Data           4  lwiplib.o(.data)
    g_ulGWAddr                               0x20000094   Data           4  lwiplib.o(.data)
    .data                                    0x200000c4   Section       12  rit128x96x4.o(.data)
    g_ulSSIFlags                             0x200000c4   Data           4  rit128x96x4.o(.data)
    g_pucBuffer                              0x200000c8   Data           8  rit128x96x4.o(.data)
    .data                                    0x200000d0   Section       14  swupdate.o(.data)
    g_pMagicPacketPCB                        0x200000d4   Data           4  swupdate.o(.data)
    g_pucMACAddr                             0x200000d8   Data           6  swupdate.o(.data)
    .bss                                     0x200000e0   Section       64  boot_demo_eth.o(.bss)
    .bss                                     0x20000120   Section    33384  lwiplib.o(.bss)
    str                                      0x20000120   Data          16  lwiplib.o(.bss)
    ram_heap                                 0x20000130   Data       24596  lwiplib.o(.bss)
    memp_tab                                 0x20006144   Data          32  lwiplib.o(.bss)
    memp_memory                              0x20006164   Data        8131  lwiplib.o(.bss)
    inseg                                    0x20008214   Data          20  lwiplib.o(.bss)
    arp_table                                0x20008228   Data         200  lwiplib.o(.bss)
    stellarisif_data                         0x200082f0   Data          96  lwiplib.o(.bss)
    g_sNetIF                                 0x20008350   Data          56  lwiplib.o(.bss)
    STACK                                    0x20008388   Section     1024  startup_rvmdk.o(STACK)
    StackMem                                 0x20008388   Data           0  startup_rvmdk.o(STACK)

    Global Symbols

    Symbol Name                              Value     Ov Type        Size  Object(Section)

    BuildAttributes$$THM_ISAv4$P$D$K$B$S$PE$A:L22UL41UL21$X:L11$S22US41US21$IEEE1$IW$USESV6$~STKCKD$USESV7$~SHL$OTIME$EBA8$MICROLIB$REQ8$PRES8$EABIv2 0x00000000   Number         0  anon$$obj.o ABSOLUTE
    __ARM_use_no_argv                        0x00000000   Number         0  boot_demo_eth.o ABSOLUTE
    __decompress                              - Undefined Weak Reference
    __Vectors                                0x00001000   Data           0  startup_rvmdk.o(RESET)
    Reset_Handler                            0x000010f1   Thumb Code     0  startup_rvmdk.o(RESET)
    __main                                   0x000010fd   Thumb Code     0  entry.o(.ARM.Collect$$$$00000000)
    _main_stk                                0x000010fd   Thumb Code     0  entry2.o(.ARM.Collect$$$$00000001)
    _main_scatterload                        0x00001101   Thumb Code     0  entry5.o(.ARM.Collect$$$$00000004)
    __main_after_scatterload                 0x00001105   Thumb Code     0  entry5.o(.ARM.Collect$$$$00000004)
    _main_init                               0x00001105   Thumb Code     0  entry7.o(.ARM.Collect$$$$00000007)
    SysCtlDelay                              0x00001111   Thumb Code     6  sysctl.o(.emb_text)
    CPUcpsid                                 0x00001119   Thumb Code     8  cpu.o(.emb_text)
    CPUprimask                               0x00001121   Thumb Code     6  cpu.o(.emb_text)
    CPUcpsie                                 0x00001127   Thumb Code     8  cpu.o(.emb_text)
    CPUwfi                                   0x0000112f   Thumb Code     4  cpu.o(.emb_text)
    __aeabi_memcpy                           0x00001133   Thumb Code    36  memcpya.o(.text)
    __aeabi_memcpy4                          0x00001133   Thumb Code     0  memcpya.o(.text)
    __aeabi_memcpy8                          0x00001133   Thumb Code     0  memcpya.o(.text)
    __aeabi_memset                           0x00001157   Thumb Code    14  memseta.o(.text)
    __aeabi_memset4                          0x00001157   Thumb Code     0  memseta.o(.text)
    __aeabi_memset8                          0x00001157   Thumb Code     0  memseta.o(.text)
    __aeabi_memclr                           0x00001165   Thumb Code     4  memseta.o(.text)
    __aeabi_memclr4                          0x00001165   Thumb Code     0  memseta.o(.text)
    __aeabi_memclr8                          0x00001165   Thumb Code     0  memseta.o(.text)
    _memset$wrapper                          0x00001169   Thumb Code    20  memseta.o(.text)
    strncpy                                  0x0000117d   Thumb Code    24  strncpy.o(.text)
    memcmp                                   0x00001195   Thumb Code    26  memcmp.o(.text)
    __scatterload                            0x000011b1   Thumb Code    28  init.o(.text)
    __scatterload_rt2                        0x000011b1   Thumb Code     0  init.o(.text)
    EthernetConfigSet                        0x000011d5   Thumb Code    42  ethernet.o(i.EthernetConfigSet)
    EthernetEnable                           0x000011ff   Thumb Code    34  ethernet.o(i.EthernetEnable)
    EthernetInitExpClk                       0x00001221   Thumb Code    12  ethernet.o(i.EthernetInitExpClk)
    EthernetIntClear                         0x00001231   Thumb Code     4  ethernet.o(i.EthernetIntClear)
    EthernetIntDisable                       0x00001235   Thumb Code    10  ethernet.o(i.EthernetIntDisable)
    EthernetIntEnable                        0x0000123f   Thumb Code     8  ethernet.o(i.EthernetIntEnable)
    EthernetIntStatus                        0x00001247   Thumb Code    14  ethernet.o(i.EthernetIntStatus)
    EthernetMACAddrGet                       0x00001255   Thumb Code    50  ethernet.o(i.EthernetMACAddrGet)
    EthernetMACAddrSet                       0x00001287   Thumb Code    54  ethernet.o(i.EthernetMACAddrSet)
    EthernetPHYRead                          0x000012bd   Thumb Code    34  ethernet.o(i.EthernetPHYRead)
    FlashUserGet                             0x000012e1   Thumb Code    48  flash.o(i.FlashUserGet)
    GPIODirModeSet                           0x00001319   Thumb Code    40  gpio.o(i.GPIODirModeSet)
    GPIOPadConfigSet                         0x00001341   Thumb Code   176  gpio.o(i.GPIOPadConfigSet)
    GPIOPinTypeEthernetLED                   0x000013f1   Thumb Code    28  gpio.o(i.GPIOPinTypeEthernetLED)
    GPIOPinTypeGPIOOutput                    0x0000140d   Thumb Code    28  gpio.o(i.GPIOPinTypeGPIOOutput)
    GPIOPinTypeSSI                           0x00001429   Thumb Code    28  gpio.o(i.GPIOPinTypeSSI)
    GPIOPinWrite                             0x00001445   Thumb Code     6  gpio.o(i.GPIOPinWrite)
    IntEnable                                0x0000144b   Thumb Code   104  interrupt.o(i.IntEnable)
    IntMasterDisable                         0x000014b3   Thumb Code    10  interrupt.o(i.IntMasterDisable)
    IntMasterEnable                          0x000014bd   Thumb Code    10  interrupt.o(i.IntMasterEnable)
    RIT128x96x4Clear                         0x000014c9   Thumb Code    64  rit128x96x4.o(i.RIT128x96x4Clear)
    RIT128x96x4Enable                        0x00001511   Thumb Code    90  rit128x96x4.o(i.RIT128x96x4Enable)
    RIT128x96x4Init                          0x00001575   Thumb Code   140  rit128x96x4.o(i.RIT128x96x4Init)
    RIT128x96x4StringDraw                    0x00001615   Thumb Code   184  rit128x96x4.o(i.RIT128x96x4StringDraw)
    SSIBusy                                  0x000017a5   Thumb Code     8  ssi.o(i.SSIBusy)
    SSIConfigSetExpClk                       0x000017ad   Thumb Code    76  ssi.o(i.SSIConfigSetExpClk)
    SSIDataPut                               0x000017f9   Thumb Code    12  ssi.o(i.SSIDataPut)
    SSIDisable                               0x00001805   Thumb Code    10  ssi.o(i.SSIDisable)
    SSIEnable                                0x0000180f   Thumb Code    10  ssi.o(i.SSIEnable)
    SoftwareUpdateBegin                      0x00001819   Thumb Code    26  swupdate.o(i.SoftwareUpdateBegin)
    SoftwareUpdateInit                       0x00001839   Thumb Code    68  swupdate.o(i.SoftwareUpdateInit)
    SoftwareUpdateRequestCallback            0x00001889   Thumb Code     8  boot_demo_eth.o(i.SoftwareUpdateRequestCallback)
    SysCtlClockGet                           0x000018f1   Thumb Code   438  sysctl.o(i.SysCtlClockGet)
    SysCtlClockSet                           0x00001ad5   Thumb Code   288  sysctl.o(i.SysCtlClockSet)
    SysCtlPeripheralEnable                   0x00001c0d   Thumb Code    26  sysctl.o(i.SysCtlPeripheralEnable)
    SysCtlPeripheralReset                    0x00001c2d   Thumb Code    50  sysctl.o(i.SysCtlPeripheralReset)
    SysTickEnable                            0x00001c65   Thumb Code    14  systick.o(i.SysTickEnable)
    SysTickHandler                           0x00001c73   Thumb Code     6  boot_demo_eth.o(i.SysTickHandler)
    SysTickIntDisable                        0x00001c79   Thumb Code    14  systick.o(i.SysTickIntDisable)
    SysTickIntEnable                         0x00001c87   Thumb Code    14  systick.o(i.SysTickIntEnable)
    SysTickPeriodSet                         0x00001c95   Thumb Code    10  systick.o(i.SysTickPeriodSet)
    __scatterload_copy                       0x00001c9f   Thumb Code    14  handlers.o(i.__scatterload_copy)
    __scatterload_null                       0x00001cad   Thumb Code     2  handlers.o(i.__scatterload_null)
    __scatterload_zeroinit                   0x00001caf   Thumb Code    14  handlers.o(i.__scatterload_zeroinit)
    autoip_arp_reply                         0x00001ce9   Thumb Code   182  lwiplib.o(i.autoip_arp_reply)
    autoip_start                             0x00001da1   Thumb Code   134  lwiplib.o(i.autoip_start)
    autoip_stop                              0x00001e79   Thumb Code    16  lwiplib.o(i.autoip_stop)
    autoip_tmr                               0x00001e89   Thumb Code   256  lwiplib.o(i.autoip_tmr)
    dhcp_arp_reply                           0x00001fc3   Thumb Code    30  lwiplib.o(i.dhcp_arp_reply)
    dhcp_coarse_tmr                          0x000020e5   Thumb Code    88  lwiplib.o(i.dhcp_coarse_tmr)
    dhcp_fine_tmr                            0x000023a5   Thumb Code    46  lwiplib.o(i.dhcp_fine_tmr)
    dhcp_release                             0x00002885   Thumb Code   176  lwiplib.o(i.dhcp_release)
    dhcp_renew                               0x00002939   Thumb Code   144  lwiplib.o(i.dhcp_renew)
    dhcp_start                               0x00002abd   Thumb Code   146  lwiplib.o(i.dhcp_start)
    dhcp_stop                                0x00002b59   Thumb Code    64  lwiplib.o(i.dhcp_stop)
    etharp_arp_input                         0x00002c91   Thumb Code   334  lwiplib.o(i.etharp_arp_input)
    etharp_ip_input                          0x00002de9   Thumb Code    42  lwiplib.o(i.etharp_ip_input)
    etharp_output                            0x00002e15   Thumb Code   170  lwiplib.o(i.etharp_output)
    etharp_query                             0x00002ec9   Thumb Code   294  lwiplib.o(i.etharp_query)
    etharp_raw                               0x00002ff9   Thumb Code   200  lwiplib.o(i.etharp_raw)
    etharp_request                           0x000030c9   Thumb Code    36  lwiplib.o(i.etharp_request)
    etharp_tmr                               0x00003119   Thumb Code    76  lwiplib.o(i.etharp_tmr)
    ethernet_input                           0x00003169   Thumb Code    96  lwiplib.o(i.ethernet_input)
    icmp_input                               0x00003321   Thumb Code   398  lwiplib.o(i.icmp_input)
    inet_chksum                              0x00003529   Thumb Code    12  lwiplib.o(i.inet_chksum)
    inet_chksum_pbuf                         0x00003535   Thumb Code    72  lwiplib.o(i.inet_chksum_pbuf)
    inet_chksum_pseudo                       0x0000357d   Thumb Code   130  lwiplib.o(i.inet_chksum_pseudo)
    ip_addr_isbroadcast                      0x000035ff   Thumb Code    48  lwiplib.o(i.ip_addr_isbroadcast)
    ip_input                                 0x00003631   Thumb Code   504  lwiplib.o(i.ip_input)
    ip_output                                0x00003831   Thumb Code    60  lwiplib.o(i.ip_output)
    ip_output_if                             0x00003871   Thumb Code   184  lwiplib.o(i.ip_output_if)
    ip_route                                 0x00003931   Thumb Code    66  lwiplib.o(i.ip_route)
    lwIPEthernetIntHandler                   0x0000397d   Thumb Code    38  lwiplib.o(i.lwIPEthernetIntHandler)
    lwIPInit                                 0x000039ad   Thumb Code    48  lwiplib.o(i.lwIPInit)
    lwIPLocalIPAddrGet                       0x000039e9   Thumb Code     6  lwiplib.o(i.lwIPLocalIPAddrGet)
    lwIPTimer                                0x00003b01   Thumb Code    20  lwiplib.o(i.lwIPTimer)
    lwip_init                                0x00003b1d   Thumb Code    14  lwiplib.o(i.lwip_init)
    main                                     0x00003b65   Thumb Code   340  boot_demo_eth.o(i.main)
    mem_free                                 0x00003d71   Thumb Code    80  lwiplib.o(i.mem_free)
    mem_init                                 0x00003dc9   Thumb Code    50  lwiplib.o(i.mem_init)
    mem_malloc                               0x00003e09   Thumb Code   218  lwiplib.o(i.mem_malloc)
    mem_realloc                              0x00003eed   Thumb Code   232  lwiplib.o(i.mem_realloc)
    memp_free                                0x00003fdd   Thumb Code    54  lwiplib.o(i.memp_free)
    memp_init                                0x0000401d   Thumb Code   106  lwiplib.o(i.memp_init)
    memp_malloc                              0x00004095   Thumb Code    82  lwiplib.o(i.memp_malloc)
    netif_add                                0x000040f1   Thumb Code    72  lwiplib.o(i.netif_add)
    netif_set_addr                           0x0000413d   Thumb Code    32  lwiplib.o(i.netif_set_addr)
    netif_set_down                           0x0000415d   Thumb Code    18  lwiplib.o(i.netif_set_down)
    netif_set_gw                             0x0000416f   Thumb Code     8  lwiplib.o(i.netif_set_gw)
    netif_set_ipaddr                         0x00004179   Thumb Code    94  lwiplib.o(i.netif_set_ipaddr)
    netif_set_netmask                        0x000041dd   Thumb Code     8  lwiplib.o(i.netif_set_netmask)
    netif_set_up                             0x000041e5   Thumb Code    30  lwiplib.o(i.netif_set_up)
    pbuf_alloc                               0x00004203   Thumb Code   282  lwiplib.o(i.pbuf_alloc)
    pbuf_cat                                 0x0000431d   Thumb Code    40  lwiplib.o(i.pbuf_cat)
    pbuf_chain                               0x00004345   Thumb Code    18  lwiplib.o(i.pbuf_chain)
    pbuf_clen                                0x00004357   Thumb Code    18  lwiplib.o(i.pbuf_clen)
    pbuf_copy                                0x00004369   Thumb Code   144  lwiplib.o(i.pbuf_copy)
    pbuf_copy_partial                        0x000043f9   Thumb Code   102  lwiplib.o(i.pbuf_copy_partial)
    pbuf_free                                0x0000445f   Thumb Code    78  lwiplib.o(i.pbuf_free)
    pbuf_header                              0x000044ad   Thumb Code    94  lwiplib.o(i.pbuf_header)
    pbuf_realloc                             0x0000450b   Thumb Code    82  lwiplib.o(i.pbuf_realloc)
    pbuf_ref                                 0x0000455d   Thumb Code    26  lwiplib.o(i.pbuf_ref)
    raw_input                                0x000045cd   Thumb Code    96  lwiplib.o(i.raw_input)
    stellarisif_init                         0x00004631   Thumb Code   138  lwiplib.o(i.stellarisif_init)
    stellarisif_interrupt                    0x000046cd   Thumb Code   114  lwiplib.o(i.stellarisif_interrupt)
    sys_arch_unprotect                       0x00004911   Thumb Code    10  lwiplib.o(i.sys_arch_unprotect)
    tcp_abandon                              0x0000491d   Thumb Code   148  lwiplib.o(i.tcp_abandon)
    tcp_alloc                                0x000049b5   Thumb Code   282  lwiplib.o(i.tcp_alloc)
    tcp_close                                0x00004ae1   Thumb Code   160  lwiplib.o(i.tcp_close)
    tcp_debug_print                          0x00004b85   Thumb Code     2  lwiplib.o(i.tcp_debug_print)
    tcp_eff_send_mss                         0x00004b87   Thumb Code    30  lwiplib.o(i.tcp_eff_send_mss)
    tcp_enqueue                              0x00004ba5   Thumb Code   784  lwiplib.o(i.tcp_enqueue)
    tcp_fasttmr                              0x00004eb9   Thumb Code    90  lwiplib.o(i.tcp_fasttmr)
    tcp_input                                0x00004f19   Thumb Code   848  lwiplib.o(i.tcp_input)
    tcp_keepalive                            0x00005271   Thumb Code    94  lwiplib.o(i.tcp_keepalive)
    tcp_next_iss                             0x000053c1   Thumb Code    12  lwiplib.o(i.tcp_next_iss)
    tcp_output                               0x00005451   Thumb Code   368  lwiplib.o(i.tcp_output)
    tcp_pcb_purge                            0x0000575d   Thumb Code    66  lwiplib.o(i.tcp_pcb_purge)
    tcp_pcb_remove                           0x000057a1   Thumb Code    96  lwiplib.o(i.tcp_pcb_remove)
    tcp_pcbs_sane                            0x00005805   Thumb Code    26  lwiplib.o(i.tcp_pcbs_sane)
    tcp_recv_null                            0x00006161   Thumb Code    36  lwiplib.o(i.tcp_recv_null)
    tcp_recved                               0x00006185   Thumb Code    56  lwiplib.o(i.tcp_recved)
    tcp_rexmit                               0x000061bd   Thumb Code    64  lwiplib.o(i.tcp_rexmit)
    tcp_rexmit_fast                          0x000061fd   Thumb Code    86  lwiplib.o(i.tcp_rexmit_fast)
    tcp_rexmit_rto                           0x00006253   Thumb Code    46  lwiplib.o(i.tcp_rexmit_rto)
    tcp_rst                                  0x00006281   Thumb Code   160  lwiplib.o(i.tcp_rst)
    tcp_seg_copy                             0x00006325   Thumb Code    34  lwiplib.o(i.tcp_seg_copy)
    tcp_seg_free                             0x00006347   Thumb Code    32  lwiplib.o(i.tcp_seg_free)
    tcp_segs_free                            0x00006367   Thumb Code    26  lwiplib.o(i.tcp_segs_free)
    tcp_send_ctrl                            0x00006381   Thumb Code    22  lwiplib.o(i.tcp_send_ctrl)
    tcp_send_empty_ack                       0x00006397   Thumb Code   100  lwiplib.o(i.tcp_send_empty_ack)
    tcp_slowtmr                              0x000063fd   Thumb Code   570  lwiplib.o(i.tcp_slowtmr)
    tcp_tmr                                  0x000066ad   Thumb Code    28  lwiplib.o(i.tcp_tmr)
    tcp_update_rcv_ann_wnd                   0x000066cd   Thumb Code    50  lwiplib.o(i.tcp_update_rcv_ann_wnd)
    tcp_zero_window_probe                    0x00006701   Thumb Code   170  lwiplib.o(i.tcp_zero_window_probe)
    udp_bind                                 0x000067b1   Thumb Code    86  lwiplib.o(i.udp_bind)
    udp_connect                              0x0000680d   Thumb Code    72  lwiplib.o(i.udp_connect)
    udp_input                                0x00006859   Thumb Code   446  lwiplib.o(i.udp_input)
    udp_new                                  0x00006a21   Thumb Code    28  lwiplib.o(i.udp_new)
    udp_recv                                 0x00006a3d   Thumb Code     6  lwiplib.o(i.udp_recv)
    udp_remove                               0x00006a45   Thumb Code    40  lwiplib.o(i.udp_remove)
    udp_sendto_if                            0x00006a71   Thumb Code   214  lwiplib.o(i.udp_sendto_if)
    usnprintf                                0x00006bf1   Thumb Code    18  ustdlib.o(i.usnprintf)
    usprintf                                 0x00006c03   Thumb Code    22  ustdlib.o(i.usprintf)
    uvsnprintf                               0x00006c19   Thumb Code   572  ustdlib.o(i.uvsnprintf)
    ip_addr_any                              0x00006e60   Data           4  lwiplib.o(.constdata)
    ip_addr_broadcast                        0x00006e64   Data           4  lwiplib.o(.constdata)
    ethbroadcast                             0x00006e68   Data           6  lwiplib.o(.constdata)
    ethzero                                  0x00006e6e   Data           6  lwiplib.o(.constdata)
    tcp_persist_backoff                      0x00006e74   Data           7  lwiplib.o(.constdata)
    tcp_backoff                              0x00006e9c   Data          13  lwiplib.o(.constdata)
    Region$$Table$$Base                      0x00007218   Number         0  anon$$obj.o(Region$$Table)
    Region$$Table$$Limit                     0x00007238   Number         0  anon$$obj.o(Region$$Table)
    netif_list                               0x20000044   Data           4  lwiplib.o(.data)
    netif_default                            0x20000048   Data           4  lwiplib.o(.data)
    tcp_ticks                                0x20000050   Data           4  lwiplib.o(.data)
    tcp_bound_pcbs                           0x20000054   Data           4  lwiplib.o(.data)
    tcp_listen_pcbs                          0x20000058   Data           4  lwiplib.o(.data)
    tcp_active_pcbs                          0x2000005c   Data           4  lwiplib.o(.data)
    tcp_tw_pcbs                              0x20000060   Data           4  lwiplib.o(.data)
    tcp_tmp_pcb                              0x20000064   Data           4  lwiplib.o(.data)
    tcp_input_pcb                            0x2000007c   Data           4  lwiplib.o(.data)
    udp_pcbs                                 0x20000080   Data           4  lwiplib.o(.data)
    current_netif                            0x20000084   Data           4  lwiplib.o(.data)
    current_header                           0x20000088   Data           4  lwiplib.o(.data)
    tcp_state_str                            0x20000098   Data          44  lwiplib.o(.data)
    g_pfnUpdateCallback                      0x200000d0   Data           4  swupdate.o(.data)
    g_pcMACAddr                              0x200000e0   Data          32  boot_demo_eth.o(.bss)
    g_pcIPAddr                               0x20000100   Data          32  boot_demo_eth.o(.bss)
    lwip_stats                               0x20008128   Data         234  lwiplib.o(.bss)
    __initial_sp                             0x20008788   Data           0  startup_rvmdk.o(STACK)



==============================================================================

Memory Map of the image

  Image Entry point : 0x000010f1

  Load Region LR_IROM (Base: 0x00001000, Size: 0x00006318, Max: 0x0003f000, ABSOLUTE)

    Execution Region ER_IROM (Base: 0x00001000, Size: 0x00006238, Max: 0x0003f000, ABSOLUTE)

    Base Addr    Size         Type   Attr      Idx    E Section Name        Object

    0x00001000   0x000000fc   Code   RO         1644  * RESET               startup_rvmdk.o
    0x000010fc   0x00000000   Code   RO         2794  * .ARM.Collect$$$$00000000  entry.o(mc_w.l)
    0x000010fc   0x00000004   Code   RO         2811    .ARM.Collect$$$$00000001  entry2.o(mc_w.l)
    0x00001100   0x00000004   Code   RO         2814    .ARM.Collect$$$$00000004  entry5.o(mc_w.l)
    0x00001104   0x00000008   Code   RO         2815    .ARM.Collect$$$$00000007  entry7.o(mc_w.l)
    0x0000110c   0x00000004   Code   RO         2812    .ARM.Collect$$$$00002712  entry2.o(mc_w.l)
    0x00001110   0x00000006   Code   RO         2457    .emb_text           sysctl.o(driverlib.lib)
    0x00001116   0x00000002   PAD
    0x00001118   0x0000001a   Code   RO         2784    .emb_text           cpu.o(driverlib.lib)
    0x00001132   0x00000024   Code   RO         2797    .text               memcpya.o(mc_w.l)
    0x00001156   0x00000026   Code   RO         2799    .text               memseta.o(mc_w.l)
    0x0000117c   0x00000018   Code   RO         2801    .text               strncpy.o(mc_w.l)
    0x00001194   0x0000001a   Code   RO         2805    .text               memcmp.o(mc_w.l)
    0x000011ae   0x00000002   PAD
    0x000011b0   0x00000024   Code   RO         2816    .text               init.o(mc_w.l)
    0x000011d4   0x0000002a   Code   RO         1768    i.EthernetConfigSet  ethernet.o(driverlib.lib)
    0x000011fe   0x00000022   Code   RO         1770    i.EthernetEnable    ethernet.o(driverlib.lib)
    0x00001220   0x00000010   Code   RO         1771    i.EthernetInitExpClk  ethernet.o(driverlib.lib)
    0x00001230   0x00000004   Code   RO         1772    i.EthernetIntClear  ethernet.o(driverlib.lib)
    0x00001234   0x0000000a   Code   RO         1773    i.EthernetIntDisable  ethernet.o(driverlib.lib)
    0x0000123e   0x00000008   Code   RO         1774    i.EthernetIntEnable  ethernet.o(driverlib.lib)
    0x00001246   0x0000000e   Code   RO         1776    i.EthernetIntStatus  ethernet.o(driverlib.lib)
    0x00001254   0x00000032   Code   RO         1778    i.EthernetMACAddrGet  ethernet.o(driverlib.lib)
    0x00001286   0x00000036   Code   RO         1779    i.EthernetMACAddrSet  ethernet.o(driverlib.lib)
    0x000012bc   0x00000022   Code   RO         1780    i.EthernetPHYRead   ethernet.o(driverlib.lib)
    0x000012de   0x00000002   PAD
    0x000012e0   0x00000038   Code   RO         1946    i.FlashUserGet      flash.o(driverlib.lib)
    0x00001318   0x00000028   Code   RO         2047    i.GPIODirModeSet    gpio.o(driverlib.lib)
    0x00001340   0x000000b0   Code   RO         2052    i.GPIOPadConfigSet  gpio.o(driverlib.lib)
    0x000013f0   0x0000001c   Code   RO         2063    i.GPIOPinTypeEthernetLED  gpio.o(driverlib.lib)
    0x0000140c   0x0000001c   Code   RO         2065    i.GPIOPinTypeGPIOOutput  gpio.o(driverlib.lib)
    0x00001428   0x0000001c   Code   RO         2071    i.GPIOPinTypeSSI    gpio.o(driverlib.lib)
    0x00001444   0x00000006   Code   RO         2076    i.GPIOPinWrite      gpio.o(driverlib.lib)
    0x0000144a   0x00000068   Code   RO         2259    i.IntEnable         interrupt.o(driverlib.lib)
    0x000014b2   0x0000000a   Code   RO         2260    i.IntMasterDisable  interrupt.o(driverlib.lib)
    0x000014bc   0x0000000a   Code   RO         2261    i.IntMasterEnable   interrupt.o(driverlib.lib)
    0x000014c6   0x00000002   PAD
    0x000014c8   0x00000048   Code   RO         1569    i.RIT128x96x4Clear  rit128x96x4.o
    0x00001510   0x00000064   Code   RO         1573    i.RIT128x96x4Enable  rit128x96x4.o
    0x00001574   0x000000a0   Code   RO         1575    i.RIT128x96x4Init   rit128x96x4.o
    0x00001614   0x000000c0   Code   RO         1576    i.RIT128x96x4StringDraw  rit128x96x4.o
    0x000016d4   0x00000068   Code   RO         1577    i.RITWriteCommand   rit128x96x4.o
    0x0000173c   0x00000068   Code   RO         1578    i.RITWriteData      rit128x96x4.o
    0x000017a4   0x00000008   Code   RO         2349    i.SSIBusy           ssi.o(driverlib.lib)
    0x000017ac   0x0000004c   Code   RO         2350    i.SSIConfigSetExpClk  ssi.o(driverlib.lib)
    0x000017f8   0x0000000c   Code   RO         2355    i.SSIDataPut        ssi.o(driverlib.lib)
    0x00001804   0x0000000a   Code   RO         2357    i.SSIDisable        ssi.o(driverlib.lib)
    0x0000180e   0x0000000a   Code   RO         2358    i.SSIEnable         ssi.o(driverlib.lib)
    0x00001818   0x00000020   Code   RO         1651    i.SoftwareUpdateBegin  swupdate.o
    0x00001838   0x00000050   Code   RO         1652    i.SoftwareUpdateInit  swupdate.o
    0x00001888   0x0000000c   Code   RO            1    i.SoftwareUpdateRequestCallback  boot_demo_eth.o
    0x00001894   0x0000005c   Code   RO         1653    i.SoftwareUpdateUDPReceive  swupdate.o
    0x000018f0   0x000001e4   Code   RO         2462    i.SysCtlClockGet    sysctl.o(driverlib.lib)
    0x00001ad4   0x00000138   Code   RO         2463    i.SysCtlClockSet    sysctl.o(driverlib.lib)
    0x00001c0c   0x00000020   Code   RO         2487    i.SysCtlPeripheralEnable  sysctl.o(driverlib.lib)
    0x00001c2c   0x00000038   Code   RO         2489    i.SysCtlPeripheralReset  sysctl.o(driverlib.lib)
    0x00001c64   0x0000000e   Code   RO         2722    i.SysTickEnable     systick.o(driverlib.lib)
    0x00001c72   0x00000006   Code   RO            2    i.SysTickHandler    boot_demo_eth.o
    0x00001c78   0x0000000e   Code   RO         2723    i.SysTickIntDisable  systick.o(driverlib.lib)
    0x00001c86   0x0000000e   Code   RO         2724    i.SysTickIntEnable  systick.o(driverlib.lib)
    0x00001c94   0x0000000a   Code   RO         2728    i.SysTickPeriodSet  systick.o(driverlib.lib)
    0x00001c9e   0x0000000e   Code   RO         2820    i.__scatterload_copy  handlers.o(mc_w.l)
    0x00001cac   0x00000002   Code   RO         2821    i.__scatterload_null  handlers.o(mc_w.l)
    0x00001cae   0x0000000e   Code   RO         2822    i.__scatterload_zeroinit  handlers.o(mc_w.l)
    0x00001cbc   0x0000002c   Code   RO          151    i.autoip_arp_announce  lwiplib.o
    0x00001ce8   0x000000b6   Code   RO          152    i.autoip_arp_reply  lwiplib.o
    0x00001d9e   0x00000002   PAD
    0x00001da0   0x00000094   Code   RO          155    i.autoip_start      lwiplib.o
    0x00001e34   0x00000044   Code   RO          156    i.autoip_start_probing  lwiplib.o
    0x00001e78   0x00000010   Code   RO          157    i.autoip_stop       lwiplib.o
    0x00001e88   0x0000010c   Code   RO          158    i.autoip_tmr        lwiplib.o
    0x00001f94   0x0000002e   Code   RO          159    i.dequeue_packet    lwiplib.o
    0x00001fc2   0x0000001e   Code   RO          160    i.dhcp_arp_reply    lwiplib.o
    0x00001fe0   0x000000dc   Code   RO          161    i.dhcp_bind         lwiplib.o
    0x000020bc   0x00000026   Code   RO          162    i.dhcp_check        lwiplib.o
    0x000020e2   0x00000002   PAD
    0x000020e4   0x0000005c   Code   RO          163    i.dhcp_coarse_tmr   lwiplib.o
    0x00002140   0x000000f8   Code   RO          164    i.dhcp_create_request  lwiplib.o
    0x00002238   0x00000078   Code   RO          165    i.dhcp_decline      lwiplib.o
    0x000022b0   0x0000001c   Code   RO          166    i.dhcp_delete_request  lwiplib.o
    0x000022cc   0x000000d8   Code   RO          167    i.dhcp_discover     lwiplib.o
    0x000023a4   0x00000034   Code   RO          168    i.dhcp_fine_tmr     lwiplib.o
    0x000023d8   0x00000020   Code   RO          169    i.dhcp_free_reply   lwiplib.o
    0x000023f8   0x00000016   Code   RO          170    i.dhcp_get_option_long  lwiplib.o
    0x0000240e   0x00000080   Code   RO          171    i.dhcp_get_option_ptr  lwiplib.o
    0x0000248e   0x000000d4   Code   RO          172    i.dhcp_handle_ack   lwiplib.o
    0x00002562   0x00000020   Code   RO          175    i.dhcp_option       lwiplib.o
    0x00002582   0x00000010   Code   RO          176    i.dhcp_option_byte  lwiplib.o
    0x00002592   0x00000042   Code   RO          177    i.dhcp_option_long  lwiplib.o
    0x000025d4   0x00000022   Code   RO          178    i.dhcp_option_short  lwiplib.o
    0x000025f6   0x00000030   Code   RO          179    i.dhcp_option_trailer  lwiplib.o
    0x00002626   0x00000002   PAD
    0x00002628   0x00000094   Code   RO          180    i.dhcp_rebind       lwiplib.o
    0x000026bc   0x000000a8   Code   RO          181    i.dhcp_reboot       lwiplib.o
    0x00002764   0x00000120   Code   RO          182    i.dhcp_recv         lwiplib.o
    0x00002884   0x000000b4   Code   RO          183    i.dhcp_release      lwiplib.o
    0x00002938   0x00000090   Code   RO          184    i.dhcp_renew        lwiplib.o
    0x000029c8   0x000000e4   Code   RO          185    i.dhcp_select       lwiplib.o
    0x00002aac   0x0000000e   Code   RO          186    i.dhcp_set_state    lwiplib.o
    0x00002aba   0x00000002   PAD
    0x00002abc   0x0000009c   Code   RO          187    i.dhcp_start        lwiplib.o
    0x00002b58   0x00000040   Code   RO          188    i.dhcp_stop         lwiplib.o
    0x00002b98   0x0000008a   Code   RO          189    i.dhcp_timeout      lwiplib.o
    0x00002c22   0x0000006c   Code   RO          190    i.dhcp_unfold_reply  lwiplib.o
    0x00002c8e   0x00000002   PAD
    0x00002c90   0x00000158   Code   RO          191    i.etharp_arp_input  lwiplib.o
    0x00002de8   0x0000002a   Code   RO          193    i.etharp_ip_input   lwiplib.o
    0x00002e12   0x00000002   PAD
    0x00002e14   0x000000b4   Code   RO          194    i.etharp_output     lwiplib.o
    0x00002ec8   0x00000130   Code   RO          195    i.etharp_query      lwiplib.o
    0x00002ff8   0x000000d0   Code   RO          196    i.etharp_raw        lwiplib.o
    0x000030c8   0x00000028   Code   RO          197    i.etharp_request    lwiplib.o
    0x000030f0   0x00000028   Code   RO          198    i.etharp_send_ip    lwiplib.o
    0x00003118   0x00000050   Code   RO          199    i.etharp_tmr        lwiplib.o
    0x00003168   0x00000064   Code   RO          200    i.ethernet_input    lwiplib.o
    0x000031cc   0x00000134   Code   RO          201    i.find_entry        lwiplib.o
    0x00003300   0x0000001e   Code   RO          202    i.free_etharp_q     lwiplib.o
    0x0000331e   0x00000002   PAD
    0x00003320   0x00000194   Code   RO          206    i.icmp_input        lwiplib.o
    0x000034b4   0x00000074   Code   RO          207    i.icmp_send_response  lwiplib.o
    0x00003528   0x0000000c   Code   RO          210    i.inet_chksum       lwiplib.o
    0x00003534   0x00000048   Code   RO          211    i.inet_chksum_pbuf  lwiplib.o
    0x0000357c   0x00000082   Code   RO          212    i.inet_chksum_pseudo  lwiplib.o
    0x000035fe   0x00000030   Code   RO          214    i.ip_addr_isbroadcast  lwiplib.o
    0x0000362e   0x00000002   PAD
    0x00003630   0x00000200   Code   RO          215    i.ip_input          lwiplib.o
    0x00003830   0x00000040   Code   RO          216    i.ip_output         lwiplib.o
    0x00003870   0x000000c0   Code   RO          217    i.ip_output_if      lwiplib.o
    0x00003930   0x0000004c   Code   RO          218    i.ip_route          lwiplib.o
    0x0000397c   0x00000030   Code   RO          219    i.lwIPEthernetIntHandler  lwiplib.o
    0x000039ac   0x0000003c   Code   RO          220    i.lwIPInit          lwiplib.o
    0x000039e8   0x0000000c   Code   RO          222    i.lwIPLocalIPAddrGet  lwiplib.o
    0x000039f4   0x00000078   Code   RO          226    i.lwIPPrivateInit   lwiplib.o
    0x00003a6c   0x00000094   Code   RO          228    i.lwIPServiceTimers  lwiplib.o
    0x00003b00   0x0000001c   Code   RO          229    i.lwIPTimer         lwiplib.o
    0x00003b1c   0x0000000e   Code   RO          230    i.lwip_init         lwiplib.o
    0x00003b2a   0x0000003a   Code   RO          231    i.lwip_standard_chksum  lwiplib.o
    0x00003b64   0x0000020c   Code   RO            3    i.main              boot_demo_eth.o
    0x00003d70   0x00000058   Code   RO          233    i.mem_free          lwiplib.o
    0x00003dc8   0x00000040   Code   RO          234    i.mem_init          lwiplib.o
    0x00003e08   0x000000e4   Code   RO          235    i.mem_malloc        lwiplib.o
    0x00003eec   0x000000f0   Code   RO          236    i.mem_realloc       lwiplib.o
    0x00003fdc   0x00000040   Code   RO          237    i.memp_free         lwiplib.o
    0x0000401c   0x00000078   Code   RO          238    i.memp_init         lwiplib.o
    0x00004094   0x0000005c   Code   RO          239    i.memp_malloc       lwiplib.o
    0x000040f0   0x0000004c   Code   RO          240    i.netif_add         lwiplib.o
    0x0000413c   0x00000020   Code   RO          244    i.netif_set_addr    lwiplib.o
    0x0000415c   0x00000012   Code   RO          246    i.netif_set_down    lwiplib.o
    0x0000416e   0x00000008   Code   RO          247    i.netif_set_gw      lwiplib.o
    0x00004176   0x00000002   PAD
    0x00004178   0x00000064   Code   RO          248    i.netif_set_ipaddr  lwiplib.o
    0x000041dc   0x00000008   Code   RO          249    i.netif_set_netmask  lwiplib.o
    0x000041e4   0x0000001e   Code   RO          250    i.netif_set_up      lwiplib.o
    0x00004202   0x0000011a   Code   RO          253    i.pbuf_alloc        lwiplib.o
    0x0000431c   0x00000028   Code   RO          254    i.pbuf_cat          lwiplib.o
    0x00004344   0x00000012   Code   RO          255    i.pbuf_chain        lwiplib.o
    0x00004356   0x00000012   Code   RO          256    i.pbuf_clen         lwiplib.o
    0x00004368   0x00000090   Code   RO          258    i.pbuf_copy         lwiplib.o
    0x000043f8   0x00000066   Code   RO          259    i.pbuf_copy_partial  lwiplib.o
    0x0000445e   0x0000004e   Code   RO          261    i.pbuf_free         lwiplib.o
    0x000044ac   0x0000005e   Code   RO          262    i.pbuf_header       lwiplib.o
    0x0000450a   0x00000052   Code   RO          263    i.pbuf_realloc      lwiplib.o
    0x0000455c   0x0000001a   Code   RO          264    i.pbuf_ref          lwiplib.o
    0x00004576   0x00000002   PAD
    0x00004578   0x00000054   Code   RO          267    i.plug_holes        lwiplib.o
    0x000045cc   0x00000064   Code   RO          270    i.raw_input         lwiplib.o
    0x00004630   0x0000009c   Code   RO          276    i.stellarisif_init  lwiplib.o
    0x000046cc   0x0000007c   Code   RO          277    i.stellarisif_interrupt  lwiplib.o
    0x00004748   0x00000098   Code   RO          278    i.stellarisif_output  lwiplib.o
    0x000047e0   0x0000007c   Code   RO          279    i.stellarisif_receive  lwiplib.o
    0x0000485c   0x000000b4   Code   RO          280    i.stellarisif_transmit  lwiplib.o
    0x00004910   0x0000000a   Code   RO          282    i.sys_arch_unprotect  lwiplib.o
    0x0000491a   0x00000002   PAD
    0x0000491c   0x00000098   Code   RO          283    i.tcp_abandon       lwiplib.o
    0x000049b4   0x0000012c   Code   RO          286    i.tcp_alloc         lwiplib.o
    0x00004ae0   0x000000a4   Code   RO          289    i.tcp_close         lwiplib.o
    0x00004b84   0x00000002   Code   RO          291    i.tcp_debug_print   lwiplib.o
    0x00004b86   0x0000001e   Code   RO          296    i.tcp_eff_send_mss  lwiplib.o
    0x00004ba4   0x00000314   Code   RO          297    i.tcp_enqueue       lwiplib.o
    0x00004eb8   0x00000060   Code   RO          299    i.tcp_fasttmr       lwiplib.o
    0x00004f18   0x00000358   Code   RO          300    i.tcp_input         lwiplib.o
    0x00005270   0x00000064   Code   RO          301    i.tcp_keepalive     lwiplib.o
    0x000052d4   0x000000ec   Code   RO          302    i.tcp_listen_input  lwiplib.o
    0x000053c0   0x00000010   Code   RO          306    i.tcp_next_iss      lwiplib.o
    0x000053d0   0x00000080   Code   RO          307    i.tcp_oos_insert_segment  lwiplib.o
    0x00005450   0x00000174   Code   RO          308    i.tcp_output        lwiplib.o
    0x000055c4   0x000000c8   Code   RO          309    i.tcp_output_segment  lwiplib.o
    0x0000568c   0x00000060   Code   RO          310    i.tcp_output_set_header  lwiplib.o
    0x000056ec   0x00000070   Code   RO          311    i.tcp_parseopt      lwiplib.o
    0x0000575c   0x00000042   Code   RO          312    i.tcp_pcb_purge     lwiplib.o
    0x0000579e   0x00000002   PAD
    0x000057a0   0x00000064   Code   RO          313    i.tcp_pcb_remove    lwiplib.o
    0x00005804   0x00000020   Code   RO          314    i.tcp_pcbs_sane     lwiplib.o
    0x00005824   0x0000032c   Code   RO          316    i.tcp_process       lwiplib.o
    0x00005b50   0x00000610   Code   RO          317    i.tcp_receive       lwiplib.o
    0x00006160   0x00000024   Code   RO          319    i.tcp_recv_null     lwiplib.o
    0x00006184   0x00000038   Code   RO          320    i.tcp_recved        lwiplib.o
    0x000061bc   0x00000040   Code   RO          321    i.tcp_rexmit        lwiplib.o
    0x000061fc   0x00000056   Code   RO          322    i.tcp_rexmit_fast   lwiplib.o
    0x00006252   0x0000002e   Code   RO          323    i.tcp_rexmit_rto    lwiplib.o
    0x00006280   0x000000a4   Code   RO          324    i.tcp_rst           lwiplib.o
    0x00006324   0x00000022   Code   RO          325    i.tcp_seg_copy      lwiplib.o
    0x00006346   0x00000020   Code   RO          326    i.tcp_seg_free      lwiplib.o
    0x00006366   0x0000001a   Code   RO          327    i.tcp_segs_free     lwiplib.o
    0x00006380   0x00000016   Code   RO          328    i.tcp_send_ctrl     lwiplib.o
    0x00006396   0x00000064   Code   RO          329    i.tcp_send_empty_ack  lwiplib.o
    0x000063fa   0x00000002   PAD
    0x000063fc   0x00000248   Code   RO          332    i.tcp_slowtmr       lwiplib.o
    0x00006644   0x00000068   Code   RO          333    i.tcp_timewait_input  lwiplib.o
    0x000066ac   0x00000020   Code   RO          334    i.tcp_tmr           lwiplib.o
    0x000066cc   0x00000032   Code   RO          335    i.tcp_update_rcv_ann_wnd  lwiplib.o
    0x000066fe   0x00000002   PAD
    0x00006700   0x000000b0   Code   RO          337    i.tcp_zero_window_probe  lwiplib.o
    0x000067b0   0x0000005c   Code   RO          338    i.udp_bind          lwiplib.o
    0x0000680c   0x0000004c   Code   RO          339    i.udp_connect       lwiplib.o
    0x00006858   0x000001c8   Code   RO          341    i.udp_input         lwiplib.o
    0x00006a20   0x0000001c   Code   RO          342    i.udp_new           lwiplib.o
    0x00006a3c   0x00000006   Code   RO          343    i.udp_recv          lwiplib.o
    0x00006a42   0x00000002   PAD
    0x00006a44   0x0000002c   Code   RO          344    i.udp_remove        lwiplib.o
    0x00006a70   0x000000dc   Code   RO          347    i.udp_sendto_if     lwiplib.o
    0x00006b4c   0x000000a4   Code   RO          348    i.update_arp_entry  lwiplib.o
    0x00006bf0   0x00000012   Code   RO         1708    i.usnprintf         ustdlib.o
    0x00006c02   0x00000016   Code   RO         1709    i.usprintf          ustdlib.o
    0x00006c18   0x00000248   Code   RO         1714    i.uvsnprintf        ustdlib.o
    0x00006e60   0x00000049   Data   RO          350    .constdata          lwiplib.o
    0x00006ea9   0x0000023b   Data   RO         1579    .constdata          rit128x96x4.o
    0x000070e4   0x0000001c   Data   RO         1715    .constdata          ustdlib.o
    0x00007100   0x0000009c   Data   RO         2500    .constdata          sysctl.o(driverlib.lib)
    0x0000719c   0x00000068   Data   RO          351    .conststring        lwiplib.o
    0x00007204   0x00000011   Data   RO         1716    .conststring        ustdlib.o
    0x00007215   0x00000003   PAD
    0x00007218   0x00000020   Data   RO         2818    Region$$Table       anon$$obj.o


    Execution Region RW_IRAM (Base: 0x20000000, Size: 0x00008788, Max: 0x00010000, ABSOLUTE)

    Base Addr    Size         Type   Attr      Idx    E Section Name        Object

    0x20000000   0x00000001   Data   RW            5    .data               boot_demo_eth.o
    0x20000001   0x00000003   PAD
    0x20000004   0x000000c0   Data   RW          352    .data               lwiplib.o
    0x200000c4   0x0000000c   Data   RW         1580    .data               rit128x96x4.o
    0x200000d0   0x0000000e   Data   RW         1654    .data               swupdate.o
    0x200000de   0x00000002   PAD
    0x200000e0   0x00000040   Zero   RW            4    .bss                boot_demo_eth.o
    0x20000120   0x00008268   Zero   RW          349    .bss                lwiplib.o
    0x20008388   0x00000400   Zero   RW         1642    STACK               startup_rvmdk.o


==============================================================================

Image component sizes


      Code (inc. data)   RO Data    RW Data    ZI Data      Debug   Object Name

       542        188          0          1         64       7209   boot_demo_eth.o
     19722        606        177        192      33384     177898   lwiplib.o
       732         70        571         12          0       5725   rit128x96x4.o
       252        242          0          0       1024        268   startup_rvmdk.o
       204         24          0         14          0       7304   swupdate.o
       624         12         45          0          0       4068   ustdlib.o

    ----------------------------------------------------------------------
     22106       1142        828        224      34472     202472   Object Totals
         0          0         32          0          0          0   (incl. Generated)
        30          0          3          5          0          3   (incl. Padding)

    ----------------------------------------------------------------------

      Code (inc. data)   RO Data    RW Data    ZI Data      Debug   Library Member Name

        26          0          0          0          0        296   cpu.o
         0          0          0          0          0          0   entry.o
         8          4          0          0          0          0   entry2.o
         4          0          0          0          0          0   entry5.o
         8          4          0          0          0          0   entry7.o
       266          4          0          0          0       7430   ethernet.o
        56          8          0          0          0        535   flash.o
       306          0          0          0          0       3749   gpio.o
        30          0          0          0          0          0   handlers.o
        36          8          0          0          0         68   init.o
       124          0          0          0          0       1353   interrupt.o
        26          0          0          0          0         76   memcmp.o
        36          0          0          0          0         68   memcpya.o
        38          0          0          0          0        108   memseta.o
       116          0          0          0          0       2405   ssi.o
        24          0          0          0          0         76   strncpy.o
       890         82        156          0          0       4123   sysctl.o
        52          0          0          0          0       1462   systick.o

    ----------------------------------------------------------------------
      2054        110        156          0          0      21749   Library Totals
         8          0          0          0          0          0   (incl. Padding)

    ----------------------------------------------------------------------

      Code (inc. data)   RO Data    RW Data    ZI Data      Debug   Library Name

      1836         94        156          0          0      21353   driverlib.lib
       210         16          0          0          0        396   mc_w.l

    ----------------------------------------------------------------------
      2054        110        156          0          0      21749   Library Totals

    ----------------------------------------------------------------------

==============================================================================


      Code (inc. data)   RO Data    RW Data    ZI Data      Debug   

     24160       1252        984        224      34472     214724   Grand Totals
     24160       1252        984        224      34472     214724   ELF Image Totals
     24160       1252        984        224          0          0   ROM Totals

==============================================================================

    Total RO  Size (Code + RO Data)                25144 (  24.55kB)
    Total RW  Size (RW Data + ZI Data)             34696 (  33.88kB)
    Total ROM Size (Code + RO Data + RW Data)      25368 (  24.77kB)

==============================================================================

