<!doctype html public "-//w3c//dtd html 4.0 transitional//en">
<html><head>
<title>Static Call Graph - [.\rvmdk\uart_echo.axf]</title></head>
<body><HR>
<H1>Static Call Graph for image .\rvmdk\uart_echo.axf</H1><HR>
<BR><P>#&#060CALLGRAPH&#062# ARM Linker, RVCT4.0 [Build 728]: Last Updated: Sun Jul 04 11:23:47 2010
<BR><P>
<H3>Maximum Stack Usage =         72 bytes + Unknown(Functions without stacksize, Cycles, Untraceable Function Pointers)</H3><H3>
Call chain for Maximum Stack Depth:</H3>
main &rArr; RIT128x96x4StringDraw &rArr; RITWriteData
<P>
<H3>
Functions with no stack information
</H3><UL>
 <LI><a href="#[17ab600]">Reset_Handler</a>
 <LI><a href="#[17ab7e0]">NmiSR</a>
 <LI><a href="#[17ab7a4]">FaultISR</a>
 <LI><a href="#[17ab768]">IntDefaultHandler</a>
</UL>
</UL>
<P>
<H3>
Mutually Recursive functions
</H3> <LI><a href="#[17aa9d0]">UARTConfigSetExpClk</a>&nbsp;&nbsp;&nbsp;&rArr;&nbsp;&nbsp;&nbsp;<a href="#[17aa9d0]">UARTConfigSetExpClk</a><BR>
 <LI><a href="#[179f1d4]">SysCtlDelay</a>&nbsp;&nbsp;&nbsp;&rArr;&nbsp;&nbsp;&nbsp;<a href="#[179f1d4]">SysCtlDelay</a><BR>
 <LI><a href="#[17abb64]">SSIDataPut</a>&nbsp;&nbsp;&nbsp;&rArr;&nbsp;&nbsp;&nbsp;<a href="#[17abb64]">SSIDataPut</a><BR>
 <LI><a href="#[17ab7e0]">NmiSR</a>&nbsp;&nbsp;&nbsp;&rArr;&nbsp;&nbsp;&nbsp;<a href="#[17ab7e0]">NmiSR</a><BR>
 <LI><a href="#[17ab7a4]">FaultISR</a>&nbsp;&nbsp;&nbsp;&rArr;&nbsp;&nbsp;&nbsp;<a href="#[17ab7a4]">FaultISR</a><BR>
 <LI><a href="#[17ab768]">IntDefaultHandler</a>&nbsp;&nbsp;&nbsp;&rArr;&nbsp;&nbsp;&nbsp;<a href="#[17ab768]">IntDefaultHandler</a><BR>
</UL>
<P>
<H3>
Function Pointers
</H3><UL>
 <LI><a href="#[17ab600]">Reset_Handler</a>
 <LI><a href="#[17ab7e0]">NmiSR</a>
 <LI><a href="#[17ab7a4]">FaultISR</a>
 <LI><a href="#[17ab768]">IntDefaultHandler</a>
 <LI><a href="#[17ab768]">IntDefaultHandler</a>
 <LI><a href="#[17ab768]">IntDefaultHandler</a>
 <LI><a href="#[17ab768]">IntDefaultHandler</a>
 <LI><a href="#[17ab768]">IntDefaultHandler</a>
 <LI><a href="#[17ab768]">IntDefaultHandler</a>
 <LI><a href="#[17ab768]">IntDefaultHandler</a>
 <LI><a href="#[17ab768]">IntDefaultHandler</a>
 <LI><a href="#[17ab768]">IntDefaultHandler</a>
 <LI><a href="#[17ab768]">IntDefaultHandler</a>
 <LI><a href="#[17ab768]">IntDefaultHandler</a>
 <LI><a href="#[17ab768]">IntDefaultHandler</a>
 <LI><a href="#[17ab588]">UARTIntHandler</a>
 <LI><a href="#[17ab768]">IntDefaultHandler</a>
 <LI><a href="#[17ab768]">IntDefaultHandler</a>
 <LI><a href="#[17ab768]">IntDefaultHandler</a>
 <LI><a href="#[17ab768]">IntDefaultHandler</a>
 <LI><a href="#[17ab768]">IntDefaultHandler</a>
 <LI><a href="#[17ab768]">IntDefaultHandler</a>
 <LI><a href="#[17ab768]">IntDefaultHandler</a>
 <LI><a href="#[17ab768]">IntDefaultHandler</a>
 <LI><a href="#[17ab768]">IntDefaultHandler</a>
 <LI><a href="#[17ab768]">IntDefaultHandler</a>
 <LI><a href="#[17ab768]">IntDefaultHandler</a>
 <LI><a href="#[17ab768]">IntDefaultHandler</a>
 <LI><a href="#[17ab768]">IntDefaultHandler</a>
 <LI><a href="#[17ab768]">IntDefaultHandler</a>
 <LI><a href="#[17ab768]">IntDefaultHandler</a>
 <LI><a href="#[17ab768]">IntDefaultHandler</a>
 <LI><a href="#[17ab768]">IntDefaultHandler</a>
 <LI><a href="#[17ab768]">IntDefaultHandler</a>
 <LI><a href="#[17ab768]">IntDefaultHandler</a>
 <LI><a href="#[17ab768]">IntDefaultHandler</a>
 <LI><a href="#[17ab768]">IntDefaultHandler</a>
 <LI><a href="#[17ab768]">IntDefaultHandler</a>
 <LI><a href="#[17ab768]">IntDefaultHandler</a>
 <LI><a href="#[17ab768]">IntDefaultHandler</a>
 <LI><a href="#[17ab768]">IntDefaultHandler</a>
 <LI><a href="#[17ab768]">IntDefaultHandler</a>
 <LI><a href="#[17ab768]">IntDefaultHandler</a>
 <LI><a href="#[17ab768]">IntDefaultHandler</a>
 <LI><a href="#[17ab768]">IntDefaultHandler</a>
 <LI><a href="#[17ab768]">IntDefaultHandler</a>
 <LI><a href="#[17ab768]">IntDefaultHandler</a>
 <LI><a href="#[17ab768]">IntDefaultHandler</a>
 <LI><a href="#[17ab768]">IntDefaultHandler</a>
 <LI><a href="#[17ab768]">IntDefaultHandler</a>
 <LI><a href="#[17ab768]">IntDefaultHandler</a>
 <LI><a href="#[17ab768]">IntDefaultHandler</a>
 <LI><a href="#[17ab768]">IntDefaultHandler</a>
 <LI><a href="#[17ab768]">IntDefaultHandler</a>
 <LI><a href="#[17aabb0]">main</a>
</UL>
<P>
<H3>
Global Symbols
</H3>
<P><STRONG><a name="[17ab600]"></a>Reset_Handler</STRONG> (Thumb, 0 bytes, Stack size unknown bytes, startup_rvmdk.o(RESET))
<BR><BR>[Calls]<UL><LI><a href="#[27b9b58]">&gt;&gt;</a>&nbsp;&nbsp;&nbsp;__main
</UL>

<P><STRONG><a name="[27b9b58]"></a>__main</STRONG> (Thumb, 0 bytes, Stack size unknown bytes, entry.o(.ARM.Collect$$$$00000000))
<BR><BR>[Called By]<UL><LI><a href="#[17ab600]">&gt;&gt;</a>&nbsp;&nbsp;&nbsp;Reset_Handler
</UL>

<P><STRONG><a name="[27b9810]"></a>_main_stk</STRONG> (Thumb, 0 bytes, Stack size unknown bytes, entry2.o(.ARM.Collect$$$$00000001))

<P><STRONG><a name="[27b96e4]"></a>_main_scatterload</STRONG> (Thumb, 0 bytes, Stack size unknown bytes, entry5.o(.ARM.Collect$$$$00000004))
<BR><BR>[Calls]<UL><LI><a href="#[27b948c]">&gt;&gt;</a>&nbsp;&nbsp;&nbsp;__scatterload
</UL>

<P><STRONG><a name="[27b96a8]"></a>__main_after_scatterload</STRONG> (Thumb, 0 bytes, Stack size unknown bytes, entry5.o(.ARM.Collect$$$$00000004))
<BR><BR>[Called By]<UL><LI><a href="#[27b948c]">&gt;&gt;</a>&nbsp;&nbsp;&nbsp;__scatterload
</UL>

<P><STRONG><a name="[27b95b8]"></a>_main_init</STRONG> (Thumb, 0 bytes, Stack size unknown bytes, entry7.o(.ARM.Collect$$$$00000007))

<P><STRONG><a name="[179f1d4]"></a>SysCtlDelay</STRONG> (Thumb, 6 bytes, Stack size 0 bytes, sysctl.o(.emb_text))
<BR><BR>[Calls]<UL><LI><a href="#[179f1d4]">&gt;&gt;</a>&nbsp;&nbsp;&nbsp;SysCtlDelay
</UL>
<BR>[Called By]<UL><LI><a href="#[179f1d4]">&gt;&gt;</a>&nbsp;&nbsp;&nbsp;SysCtlDelay
<LI><a href="#[17aaac0]">&gt;&gt;</a>&nbsp;&nbsp;&nbsp;SysCtlClockSet
</UL>

<P><STRONG><a name="[17a4fd0]"></a>CPUcpsid</STRONG> (Thumb, 8 bytes, Stack size 0 bytes, cpu.o(.emb_text), UNUSED)

<P><STRONG><a name="[27b9c0c]"></a>CPUprimask</STRONG> (Thumb, 6 bytes, Stack size 0 bytes, cpu.o(.emb_text), UNUSED)

<P><STRONG><a name="[17a4f94]"></a>CPUcpsie</STRONG> (Thumb, 8 bytes, Stack size 0 bytes, cpu.o(.emb_text))
<BR><BR>[Called By]<UL><LI><a href="#[17aaafc]">&gt;&gt;</a>&nbsp;&nbsp;&nbsp;IntMasterEnable
</UL>

<P><STRONG><a name="[27be2d4]"></a>CPUwfi</STRONG> (Thumb, 4 bytes, Stack size 0 bytes, cpu.o(.emb_text), UNUSED)

<P><STRONG><a name="[27b948c]"></a>__scatterload</STRONG> (Thumb, 28 bytes, Stack size 0 bytes, init.o(.text))
<BR><BR>[Calls]<UL><LI><a href="#[27b96a8]">&gt;&gt;</a>&nbsp;&nbsp;&nbsp;__main_after_scatterload
</UL>
<BR>[Called By]<UL><LI><a href="#[27b96e4]">&gt;&gt;</a>&nbsp;&nbsp;&nbsp;_main_scatterload
</UL>

<P><STRONG><a name="[27b9450]"></a>__scatterload_rt2</STRONG> (Thumb, 0 bytes, Stack size 0 bytes, init.o(.text), UNUSED)

<P><STRONG><a name="[17a6fb0]"></a>GPIODirModeSet</STRONG> (Thumb, 40 bytes, Stack size 0 bytes, gpio.o(i.GPIODirModeSet))
<BR><BR>[Called By]<UL><LI><a href="#[17aab74]">&gt;&gt;</a>&nbsp;&nbsp;&nbsp;GPIOPinTypeUART
<LI><a href="#[17abc90]">&gt;&gt;</a>&nbsp;&nbsp;&nbsp;GPIOPinTypeSSI
<LI><a href="#[17abccc]">&gt;&gt;</a>&nbsp;&nbsp;&nbsp;GPIOPinTypeGPIOOutput
</UL>

<P><STRONG><a name="[17abd08]"></a>GPIOPadConfigSet</STRONG> (Thumb, 176 bytes, Stack size 0 bytes, gpio.o(i.GPIOPadConfigSet))
<BR><BR>[Called By]<UL><LI><a href="#[17aab74]">&gt;&gt;</a>&nbsp;&nbsp;&nbsp;GPIOPinTypeUART
<LI><a href="#[17abc90]">&gt;&gt;</a>&nbsp;&nbsp;&nbsp;GPIOPinTypeSSI
<LI><a href="#[17abccc]">&gt;&gt;</a>&nbsp;&nbsp;&nbsp;GPIOPinTypeGPIOOutput
<LI><a href="#[17abd80]">&gt;&gt;</a>&nbsp;&nbsp;&nbsp;RIT128x96x4Init
<LI><a href="#[17abdf8]">&gt;&gt;</a>&nbsp;&nbsp;&nbsp;RIT128x96x4Enable
</UL>

<P><STRONG><a name="[17abccc]"></a>GPIOPinTypeGPIOOutput</STRONG> (Thumb, 28 bytes, Stack size 12 bytes, gpio.o(i.GPIOPinTypeGPIOOutput))
<BR><BR>[Stack]<UL><LI>Max Depth = 12<LI>Call Chain = GPIOPinTypeGPIOOutput
</UL>
<BR>[Calls]<UL><LI><a href="#[17a6fb0]">&gt;&gt;</a>&nbsp;&nbsp;&nbsp;GPIODirModeSet
<LI><a href="#[17abd08]">&gt;&gt;</a>&nbsp;&nbsp;&nbsp;GPIOPadConfigSet
</UL>
<BR>[Called By]<UL><LI><a href="#[17abd80]">&gt;&gt;</a>&nbsp;&nbsp;&nbsp;RIT128x96x4Init
</UL>

<P><STRONG><a name="[17abc90]"></a>GPIOPinTypeSSI</STRONG> (Thumb, 28 bytes, Stack size 12 bytes, gpio.o(i.GPIOPinTypeSSI))
<BR><BR>[Stack]<UL><LI>Max Depth = 12<LI>Call Chain = GPIOPinTypeSSI
</UL>
<BR>[Calls]<UL><LI><a href="#[17a6fb0]">&gt;&gt;</a>&nbsp;&nbsp;&nbsp;GPIODirModeSet
<LI><a href="#[17abd08]">&gt;&gt;</a>&nbsp;&nbsp;&nbsp;GPIOPadConfigSet
</UL>
<BR>[Called By]<UL><LI><a href="#[17abd80]">&gt;&gt;</a>&nbsp;&nbsp;&nbsp;RIT128x96x4Init
<LI><a href="#[17abdf8]">&gt;&gt;</a>&nbsp;&nbsp;&nbsp;RIT128x96x4Enable
</UL>

<P><STRONG><a name="[17aab74]"></a>GPIOPinTypeUART</STRONG> (Thumb, 28 bytes, Stack size 12 bytes, gpio.o(i.GPIOPinTypeUART))
<BR><BR>[Stack]<UL><LI>Max Depth = 12<LI>Call Chain = GPIOPinTypeUART
</UL>
<BR>[Calls]<UL><LI><a href="#[17a6fb0]">&gt;&gt;</a>&nbsp;&nbsp;&nbsp;GPIODirModeSet
<LI><a href="#[17abd08]">&gt;&gt;</a>&nbsp;&nbsp;&nbsp;GPIOPadConfigSet
</UL>
<BR>[Called By]<UL><LI><a href="#[17aabb0]">&gt;&gt;</a>&nbsp;&nbsp;&nbsp;main
</UL>

<P><STRONG><a name="[17abc54]"></a>GPIOPinWrite</STRONG> (Thumb, 6 bytes, Stack size 0 bytes, gpio.o(i.GPIOPinWrite))
<BR><BR>[Called By]<UL><LI><a href="#[17abd80]">&gt;&gt;</a>&nbsp;&nbsp;&nbsp;RIT128x96x4Init
<LI><a href="#[17ac8c0]">&gt;&gt;</a>&nbsp;&nbsp;&nbsp;RITWriteData
<LI><a href="#[17ac8fc]">&gt;&gt;</a>&nbsp;&nbsp;&nbsp;RITWriteCommand
</UL>

<P><STRONG><a name="[17aab38]"></a>IntEnable</STRONG> (Thumb, 104 bytes, Stack size 0 bytes, interrupt.o(i.IntEnable))
<BR><BR>[Called By]<UL><LI><a href="#[17aabb0]">&gt;&gt;</a>&nbsp;&nbsp;&nbsp;main
</UL>

<P><STRONG><a name="[17aaafc]"></a>IntMasterEnable</STRONG> (Thumb, 10 bytes, Stack size 8 bytes, interrupt.o(i.IntMasterEnable))
<BR><BR>[Stack]<UL><LI>Max Depth = 8<LI>Call Chain = IntMasterEnable
</UL>
<BR>[Calls]<UL><LI><a href="#[17a4f94]">&gt;&gt;</a>&nbsp;&nbsp;&nbsp;CPUcpsie
</UL>
<BR>[Called By]<UL><LI><a href="#[17aabb0]">&gt;&gt;</a>&nbsp;&nbsp;&nbsp;main
</UL>

<P><STRONG><a name="[17abee8]"></a>RIT128x96x4Clear</STRONG> (Thumb, 64 bytes, Stack size 16 bytes, rit128x96x4.o(i.RIT128x96x4Clear))
<BR><BR>[Stack]<UL><LI>Max Depth = 40<LI>Call Chain = RIT128x96x4Clear &rArr; RITWriteData
</UL>
<BR>[Calls]<UL><LI><a href="#[17ac8c0]">&gt;&gt;</a>&nbsp;&nbsp;&nbsp;RITWriteData
<LI><a href="#[17ac8fc]">&gt;&gt;</a>&nbsp;&nbsp;&nbsp;RITWriteCommand
</UL>
<BR>[Called By]<UL><LI><a href="#[17abd80]">&gt;&gt;</a>&nbsp;&nbsp;&nbsp;RIT128x96x4Init
</UL>

<P><STRONG><a name="[17abdf8]"></a>RIT128x96x4Enable</STRONG> (Thumb, 90 bytes, Stack size 24 bytes, rit128x96x4.o(i.RIT128x96x4Enable))
<BR><BR>[Stack]<UL><LI>Max Depth = 36<LI>Call Chain = RIT128x96x4Enable &rArr; GPIOPinTypeSSI
</UL>
<BR>[Calls]<UL><LI><a href="#[17abab0]">&gt;&gt;</a>&nbsp;&nbsp;&nbsp;SysCtlClockGet
<LI><a href="#[17abaec]">&gt;&gt;</a>&nbsp;&nbsp;&nbsp;SSIEnable
<LI><a href="#[17abb28]">&gt;&gt;</a>&nbsp;&nbsp;&nbsp;SSIDisable
<LI><a href="#[17abbdc]">&gt;&gt;</a>&nbsp;&nbsp;&nbsp;SSIConfigSetExpClk
<LI><a href="#[17abc90]">&gt;&gt;</a>&nbsp;&nbsp;&nbsp;GPIOPinTypeSSI
<LI><a href="#[17abd08]">&gt;&gt;</a>&nbsp;&nbsp;&nbsp;GPIOPadConfigSet
</UL>
<BR>[Called By]<UL><LI><a href="#[17abd80]">&gt;&gt;</a>&nbsp;&nbsp;&nbsp;RIT128x96x4Init
</UL>

<P><STRONG><a name="[17abd80]"></a>RIT128x96x4Init</STRONG> (Thumb, 140 bytes, Stack size 16 bytes, rit128x96x4.o(i.RIT128x96x4Init))
<BR><BR>[Stack]<UL><LI>Max Depth = 56<LI>Call Chain = RIT128x96x4Init &rArr; RIT128x96x4Clear &rArr; RITWriteData
</UL>
<BR>[Calls]<UL><LI><a href="#[17aba74]">&gt;&gt;</a>&nbsp;&nbsp;&nbsp;SysCtlPeripheralEnable
<LI><a href="#[17abc54]">&gt;&gt;</a>&nbsp;&nbsp;&nbsp;GPIOPinWrite
<LI><a href="#[17abc90]">&gt;&gt;</a>&nbsp;&nbsp;&nbsp;GPIOPinTypeSSI
<LI><a href="#[17abccc]">&gt;&gt;</a>&nbsp;&nbsp;&nbsp;GPIOPinTypeGPIOOutput
<LI><a href="#[17abd08]">&gt;&gt;</a>&nbsp;&nbsp;&nbsp;GPIOPadConfigSet
<LI><a href="#[17abdf8]">&gt;&gt;</a>&nbsp;&nbsp;&nbsp;RIT128x96x4Enable
<LI><a href="#[17abee8]">&gt;&gt;</a>&nbsp;&nbsp;&nbsp;RIT128x96x4Clear
<LI><a href="#[17ac8fc]">&gt;&gt;</a>&nbsp;&nbsp;&nbsp;RITWriteCommand
</UL>
<BR>[Called By]<UL><LI><a href="#[17aabb0]">&gt;&gt;</a>&nbsp;&nbsp;&nbsp;main
</UL>

<P><STRONG><a name="[17abd44]"></a>RIT128x96x4StringDraw</STRONG> (Thumb, 184 bytes, Stack size 40 bytes, rit128x96x4.o(i.RIT128x96x4StringDraw))
<BR><BR>[Stack]<UL><LI>Max Depth = 64<LI>Call Chain = RIT128x96x4StringDraw &rArr; RITWriteData
</UL>
<BR>[Calls]<UL><LI><a href="#[17ac8c0]">&gt;&gt;</a>&nbsp;&nbsp;&nbsp;RITWriteData
<LI><a href="#[17ac8fc]">&gt;&gt;</a>&nbsp;&nbsp;&nbsp;RITWriteCommand
</UL>
<BR>[Called By]<UL><LI><a href="#[17aabb0]">&gt;&gt;</a>&nbsp;&nbsp;&nbsp;main
</UL>

<P><STRONG><a name="[17abc18]"></a>SSIBusy</STRONG> (Thumb, 8 bytes, Stack size 0 bytes, ssi.o(i.SSIBusy))
<BR><BR>[Called By]<UL><LI><a href="#[17ac8c0]">&gt;&gt;</a>&nbsp;&nbsp;&nbsp;RITWriteData
<LI><a href="#[17ac8fc]">&gt;&gt;</a>&nbsp;&nbsp;&nbsp;RITWriteCommand
</UL>

<P><STRONG><a name="[17abbdc]"></a>SSIConfigSetExpClk</STRONG> (Thumb, 76 bytes, Stack size 8 bytes, ssi.o(i.SSIConfigSetExpClk))
<BR><BR>[Stack]<UL><LI>Max Depth = 8<LI>Call Chain = SSIConfigSetExpClk
</UL>
<BR>[Called By]<UL><LI><a href="#[17abdf8]">&gt;&gt;</a>&nbsp;&nbsp;&nbsp;RIT128x96x4Enable
</UL>

<P><STRONG><a name="[17abb64]"></a>SSIDataPut</STRONG> (Thumb, 12 bytes, Stack size 0 bytes, ssi.o(i.SSIDataPut))
<BR><BR>[Calls]<UL><LI><a href="#[17abb64]">&gt;&gt;</a>&nbsp;&nbsp;&nbsp;SSIDataPut
</UL>
<BR>[Called By]<UL><LI><a href="#[17abb64]">&gt;&gt;</a>&nbsp;&nbsp;&nbsp;SSIDataPut
<LI><a href="#[17ac8c0]">&gt;&gt;</a>&nbsp;&nbsp;&nbsp;RITWriteData
<LI><a href="#[17ac8fc]">&gt;&gt;</a>&nbsp;&nbsp;&nbsp;RITWriteCommand
</UL>

<P><STRONG><a name="[17abb28]"></a>SSIDisable</STRONG> (Thumb, 10 bytes, Stack size 0 bytes, ssi.o(i.SSIDisable))
<BR><BR>[Called By]<UL><LI><a href="#[17abdf8]">&gt;&gt;</a>&nbsp;&nbsp;&nbsp;RIT128x96x4Enable
</UL>

<P><STRONG><a name="[17abaec]"></a>SSIEnable</STRONG> (Thumb, 10 bytes, Stack size 0 bytes, ssi.o(i.SSIEnable))
<BR><BR>[Called By]<UL><LI><a href="#[17abdf8]">&gt;&gt;</a>&nbsp;&nbsp;&nbsp;RIT128x96x4Enable
</UL>

<P><STRONG><a name="[17abab0]"></a>SysCtlClockGet</STRONG> (Thumb, 438 bytes, Stack size 8 bytes, sysctl.o(i.SysCtlClockGet))
<BR><BR>[Stack]<UL><LI>Max Depth = 8<LI>Call Chain = SysCtlClockGet
</UL>
<BR>[Called By]<UL><LI><a href="#[17aabb0]">&gt;&gt;</a>&nbsp;&nbsp;&nbsp;main
<LI><a href="#[17abdf8]">&gt;&gt;</a>&nbsp;&nbsp;&nbsp;RIT128x96x4Enable
</UL>

<P><STRONG><a name="[17aaac0]"></a>SysCtlClockSet</STRONG> (Thumb, 288 bytes, Stack size 24 bytes, sysctl.o(i.SysCtlClockSet))
<BR><BR>[Stack]<UL><LI>Max Depth = 24<LI>Call Chain = SysCtlClockSet
</UL>
<BR>[Calls]<UL><LI><a href="#[179f1d4]">&gt;&gt;</a>&nbsp;&nbsp;&nbsp;SysCtlDelay
</UL>
<BR>[Called By]<UL><LI><a href="#[17aabb0]">&gt;&gt;</a>&nbsp;&nbsp;&nbsp;main
</UL>

<P><STRONG><a name="[17aba74]"></a>SysCtlPeripheralEnable</STRONG> (Thumb, 26 bytes, Stack size 0 bytes, sysctl.o(i.SysCtlPeripheralEnable))
<BR><BR>[Called By]<UL><LI><a href="#[17aabb0]">&gt;&gt;</a>&nbsp;&nbsp;&nbsp;main
<LI><a href="#[17abd80]">&gt;&gt;</a>&nbsp;&nbsp;&nbsp;RIT128x96x4Init
</UL>

<P><STRONG><a name="[17aaa84]"></a>UARTCharGetNonBlocking</STRONG> (Thumb, 16 bytes, Stack size 0 bytes, uart.o(i.UARTCharGetNonBlocking))
<BR><BR>[Called By]<UL><LI><a href="#[17ab588]">&gt;&gt;</a>&nbsp;&nbsp;&nbsp;UARTIntHandler
</UL>

<P><STRONG><a name="[17aaa48]"></a>UARTCharPutNonBlocking</STRONG> (Thumb, 18 bytes, Stack size 0 bytes, uart.o(i.UARTCharPutNonBlocking))
<BR><BR>[Called By]<UL><LI><a href="#[17aabec]">&gt;&gt;</a>&nbsp;&nbsp;&nbsp;UARTSend
<LI><a href="#[17ab588]">&gt;&gt;</a>&nbsp;&nbsp;&nbsp;UARTIntHandler
</UL>

<P><STRONG><a name="[17aaa0c]"></a>UARTCharsAvail</STRONG> (Thumb, 10 bytes, Stack size 0 bytes, uart.o(i.UARTCharsAvail))
<BR><BR>[Called By]<UL><LI><a href="#[17ab588]">&gt;&gt;</a>&nbsp;&nbsp;&nbsp;UARTIntHandler
</UL>

<P><STRONG><a name="[17aa9d0]"></a>UARTConfigSetExpClk</STRONG> (Thumb, 110 bytes, Stack size 0 bytes, uart.o(i.UARTConfigSetExpClk))
<BR><BR>[Calls]<UL><LI><a href="#[17aa9d0]">&gt;&gt;</a>&nbsp;&nbsp;&nbsp;UARTConfigSetExpClk
</UL>
<BR>[Called By]<UL><LI><a href="#[17aa9d0]">&gt;&gt;</a>&nbsp;&nbsp;&nbsp;UARTConfigSetExpClk
<LI><a href="#[17aabb0]">&gt;&gt;</a>&nbsp;&nbsp;&nbsp;main
</UL>

<P><STRONG><a name="[17aa994]"></a>UARTIntClear</STRONG> (Thumb, 4 bytes, Stack size 0 bytes, uart.o(i.UARTIntClear))
<BR><BR>[Called By]<UL><LI><a href="#[17ab588]">&gt;&gt;</a>&nbsp;&nbsp;&nbsp;UARTIntHandler
</UL>

<P><STRONG><a name="[17aa958]"></a>UARTIntEnable</STRONG> (Thumb, 8 bytes, Stack size 0 bytes, uart.o(i.UARTIntEnable))
<BR><BR>[Called By]<UL><LI><a href="#[17aabb0]">&gt;&gt;</a>&nbsp;&nbsp;&nbsp;main
</UL>

<P><STRONG><a name="[17ab588]"></a>UARTIntHandler</STRONG> (Thumb, 48 bytes, Stack size 8 bytes, uart_echo.o(i.UARTIntHandler))
<BR><BR>[Stack]<UL><LI>Max Depth = 8<LI>Call Chain = UARTIntHandler
</UL>
<BR>[Calls]<UL><LI><a href="#[17aa91c]">&gt;&gt;</a>&nbsp;&nbsp;&nbsp;UARTIntStatus
<LI><a href="#[17aa994]">&gt;&gt;</a>&nbsp;&nbsp;&nbsp;UARTIntClear
<LI><a href="#[17aaa0c]">&gt;&gt;</a>&nbsp;&nbsp;&nbsp;UARTCharsAvail
<LI><a href="#[17aaa48]">&gt;&gt;</a>&nbsp;&nbsp;&nbsp;UARTCharPutNonBlocking
<LI><a href="#[17aaa84]">&gt;&gt;</a>&nbsp;&nbsp;&nbsp;UARTCharGetNonBlocking
</UL>
<BR>[Address Reference Count : 1]<UL><LI> startup_rvmdk.o(RESET)
</UL>
<P><STRONG><a name="[17aa91c]"></a>UARTIntStatus</STRONG> (Thumb, 10 bytes, Stack size 0 bytes, uart.o(i.UARTIntStatus))
<BR><BR>[Called By]<UL><LI><a href="#[17ab588]">&gt;&gt;</a>&nbsp;&nbsp;&nbsp;UARTIntHandler
</UL>

<P><STRONG><a name="[17aabec]"></a>UARTSend</STRONG> (Thumb, 26 bytes, Stack size 16 bytes, uart_echo.o(i.UARTSend))
<BR><BR>[Stack]<UL><LI>Max Depth = 16<LI>Call Chain = UARTSend
</UL>
<BR>[Calls]<UL><LI><a href="#[17aaa48]">&gt;&gt;</a>&nbsp;&nbsp;&nbsp;UARTCharPutNonBlocking
</UL>
<BR>[Called By]<UL><LI><a href="#[17aabb0]">&gt;&gt;</a>&nbsp;&nbsp;&nbsp;main
</UL>

<P><STRONG><a name="[27b9090]"></a>__scatterload_copy</STRONG> (Thumb, 14 bytes, Stack size unknown bytes, handlers.o(i.__scatterload_copy), UNUSED)

<P><STRONG><a name="[27b9054]"></a>__scatterload_null</STRONG> (Thumb, 2 bytes, Stack size unknown bytes, handlers.o(i.__scatterload_null), UNUSED)

<P><STRONG><a name="[27b9018]"></a>__scatterload_zeroinit</STRONG> (Thumb, 14 bytes, Stack size unknown bytes, handlers.o(i.__scatterload_zeroinit), UNUSED)

<P><STRONG><a name="[17aabb0]"></a>main</STRONG> (Thumb, 156 bytes, Stack size 8 bytes, uart_echo.o(i.main))
<BR><BR>[Stack]<UL><LI>Max Depth = 72<LI>Call Chain = main &rArr; RIT128x96x4StringDraw &rArr; RITWriteData
</UL>
<BR>[Calls]<UL><LI><a href="#[17aa958]">&gt;&gt;</a>&nbsp;&nbsp;&nbsp;UARTIntEnable
<LI><a href="#[17aa9d0]">&gt;&gt;</a>&nbsp;&nbsp;&nbsp;UARTConfigSetExpClk
<LI><a href="#[17aaac0]">&gt;&gt;</a>&nbsp;&nbsp;&nbsp;SysCtlClockSet
<LI><a href="#[17aaafc]">&gt;&gt;</a>&nbsp;&nbsp;&nbsp;IntMasterEnable
<LI><a href="#[17aab38]">&gt;&gt;</a>&nbsp;&nbsp;&nbsp;IntEnable
<LI><a href="#[17aab74]">&gt;&gt;</a>&nbsp;&nbsp;&nbsp;GPIOPinTypeUART
<LI><a href="#[17aabec]">&gt;&gt;</a>&nbsp;&nbsp;&nbsp;UARTSend
<LI><a href="#[17aba74]">&gt;&gt;</a>&nbsp;&nbsp;&nbsp;SysCtlPeripheralEnable
<LI><a href="#[17abab0]">&gt;&gt;</a>&nbsp;&nbsp;&nbsp;SysCtlClockGet
<LI><a href="#[17abd44]">&gt;&gt;</a>&nbsp;&nbsp;&nbsp;RIT128x96x4StringDraw
<LI><a href="#[17abd80]">&gt;&gt;</a>&nbsp;&nbsp;&nbsp;RIT128x96x4Init
</UL>
<BR>[Address Reference Count : 1]<UL><LI> entry7.o(.ARM.Collect$$$$00000007)
</UL><P>
<H3>
Local Symbols
</H3>
<P><STRONG><a name="[17ac8fc]"></a>RITWriteCommand</STRONG> (Thumb, 92 bytes, Stack size 24 bytes, rit128x96x4.o(i.RITWriteCommand))
<BR><BR>[Stack]<UL><LI>Max Depth = 24<LI>Call Chain = RITWriteCommand
</UL>
<BR>[Calls]<UL><LI><a href="#[17abb64]">&gt;&gt;</a>&nbsp;&nbsp;&nbsp;SSIDataPut
<LI><a href="#[17abc18]">&gt;&gt;</a>&nbsp;&nbsp;&nbsp;SSIBusy
<LI><a href="#[17abc54]">&gt;&gt;</a>&nbsp;&nbsp;&nbsp;GPIOPinWrite
</UL>
<BR>[Called By]<UL><LI><a href="#[17abd44]">&gt;&gt;</a>&nbsp;&nbsp;&nbsp;RIT128x96x4StringDraw
<LI><a href="#[17abd80]">&gt;&gt;</a>&nbsp;&nbsp;&nbsp;RIT128x96x4Init
<LI><a href="#[17abee8]">&gt;&gt;</a>&nbsp;&nbsp;&nbsp;RIT128x96x4Clear
</UL>

<P><STRONG><a name="[17ac8c0]"></a>RITWriteData</STRONG> (Thumb, 92 bytes, Stack size 24 bytes, rit128x96x4.o(i.RITWriteData))
<BR><BR>[Stack]<UL><LI>Max Depth = 24<LI>Call Chain = RITWriteData
</UL>
<BR>[Calls]<UL><LI><a href="#[17abb64]">&gt;&gt;</a>&nbsp;&nbsp;&nbsp;SSIDataPut
<LI><a href="#[17abc18]">&gt;&gt;</a>&nbsp;&nbsp;&nbsp;SSIBusy
<LI><a href="#[17abc54]">&gt;&gt;</a>&nbsp;&nbsp;&nbsp;GPIOPinWrite
</UL>
<BR>[Called By]<UL><LI><a href="#[17abd44]">&gt;&gt;</a>&nbsp;&nbsp;&nbsp;RIT128x96x4StringDraw
<LI><a href="#[17abee8]">&gt;&gt;</a>&nbsp;&nbsp;&nbsp;RIT128x96x4Clear
</UL>

<P><STRONG><a name="[17ab7e0]"></a>NmiSR</STRONG> (Thumb, 0 bytes, Stack size unknown bytes, startup_rvmdk.o(RESET))
<BR><BR>[Calls]<UL><LI><a href="#[17ab7e0]">&gt;&gt;</a>&nbsp;&nbsp;&nbsp;NmiSR
</UL>
<BR>[Called By]<UL><LI><a href="#[17ab7e0]">&gt;&gt;</a>&nbsp;&nbsp;&nbsp;NmiSR
</UL>
<BR>[Address Reference Count : 1]<UL><LI> startup_rvmdk.o(RESET)
</UL>
<P><STRONG><a name="[17ab7a4]"></a>FaultISR</STRONG> (Thumb, 0 bytes, Stack size unknown bytes, startup_rvmdk.o(RESET))
<BR><BR>[Calls]<UL><LI><a href="#[17ab7a4]">&gt;&gt;</a>&nbsp;&nbsp;&nbsp;FaultISR
</UL>
<BR>[Called By]<UL><LI><a href="#[17ab7a4]">&gt;&gt;</a>&nbsp;&nbsp;&nbsp;FaultISR
</UL>
<BR>[Address Reference Count : 1]<UL><LI> startup_rvmdk.o(RESET)
</UL>
<P><STRONG><a name="[17ab768]"></a>IntDefaultHandler</STRONG> (Thumb, 0 bytes, Stack size unknown bytes, startup_rvmdk.o(RESET))
<BR><BR>[Calls]<UL><LI><a href="#[17ab768]">&gt;&gt;</a>&nbsp;&nbsp;&nbsp;IntDefaultHandler
</UL>
<BR>[Called By]<UL><LI><a href="#[17ab768]">&gt;&gt;</a>&nbsp;&nbsp;&nbsp;IntDefaultHandler
</UL>
<BR>[Address Reference Count : 1]<UL><LI> startup_rvmdk.o(RESET)
</UL><P>
<H3>
Undefined Global Symbols
</H3><HR></body></html>
