ARM Linker, RVCT4.0 [Build 728] [Standard]

==============================================================================

Section Cross References

    startup_rvmdk.o(RESET) refers to startup_rvmdk.o(STACK) for StackMem
    startup_rvmdk.o(RESET) refers to entry.o(.ARM.Collect$$$$00000000) for __main
    entry.o(.ARM.Collect$$$$00000000) refers (Special) to entry7.o(.ARM.Collect$$$$00000007) for _main_init
    entry.o(.ARM.Collect$$$$00000000) refers (Special) to entry5.o(.ARM.Collect$$$$00000004) for _main_scatterload
    entry.o(.ARM.Collect$$$$00000000) refers (Special) to entry2.o(.ARM.Collect$$$$00000001) for _main_stk
    entry2.o(.ARM.Collect$$$$00000001) refers to entry2.o(.ARM.Collect$$$$00002712) for __lit__00000000
    entry2.o(.ARM.Collect$$$$00002712) refers to startup_rvmdk.o(STACK) for __initial_sp
    entry2.o(__vectab_stack_and_reset_area) refers to startup_rvmdk.o(STACK) for __initial_sp
    entry2.o(__vectab_stack_and_reset_area) refers to entry.o(.ARM.Collect$$$$00000000) for __main
    entry5.o(.ARM.Collect$$$$00000004) refers to init.o(.text) for __scatterload
    entry7.o(.ARM.Collect$$$$00000007) refers to blinky.o(i.main) for main
    init.o(.text) refers to entry5.o(.ARM.Collect$$$$00000004) for __main_after_scatterload


==============================================================================

Removing Unused input sections from the image.

    Removing startup_rvmdk.o(HEAP), (0 bytes).
    Removing startup_rvmdk.o(.text), (0 bytes).

2 unused section(s) (total 0 bytes) removed from the image.

==============================================================================

Image Symbol Table

    Local Symbols

    Symbol Name                              Value     Ov Type        Size  Object(Section)

    RESET                                    0x00000000   Section      252  startup_rvmdk.o(RESET)
    ../../microlib/init/entry.s              0x00000000   Number         0  entry.o ABSOLUTE
    ../../microlib/init/entry.s              0x00000000   Number         0  entry2.o ABSOLUTE
    ../../microlib/init/entry.s              0x00000000   Number         0  entry5.o ABSOLUTE
    ../../microlib/init/entry.s              0x00000000   Number         0  entry7.o ABSOLUTE
    blinky.c                                 0x00000000   Number         0  blinky.o ABSOLUTE
    dc.s                                     0x00000000   Number         0  dc.o ABSOLUTE
    handlers.s                               0x00000000   Number         0  handlers.o ABSOLUTE
    init.s                                   0x00000000   Number         0  init.o ABSOLUTE
    startup_rvmdk.S                          0x00000000   Number         0  startup_rvmdk.o ABSOLUTE
    NmiSR                                    0x000000f5   Thumb Code     0  startup_rvmdk.o(RESET)
    FaultISR                                 0x000000f7   Thumb Code     0  startup_rvmdk.o(RESET)
    IntDefaultHandler                        0x000000f9   Thumb Code     0  startup_rvmdk.o(RESET)
    .ARM.Collect$$$$00000000                 0x000000fc   Section        0  entry.o(.ARM.Collect$$$$00000000)
    .ARM.Collect$$$$00000001                 0x000000fc   Section        4  entry2.o(.ARM.Collect$$$$00000001)
    .ARM.Collect$$$$00000004                 0x00000100   Section        4  entry5.o(.ARM.Collect$$$$00000004)
    .ARM.Collect$$$$00000007                 0x00000104   Section        8  entry7.o(.ARM.Collect$$$$00000007)
    .ARM.Collect$$$$00002712                 0x0000010c   Section        4  entry2.o(.ARM.Collect$$$$00002712)
    __lit__00000000                          0x0000010c   Data           4  entry2.o(.ARM.Collect$$$$00002712)
    .text                                    0x00000110   Section       36  init.o(.text)
    i.__scatterload_copy                     0x00000134   Section       14  handlers.o(i.__scatterload_copy)
    i.__scatterload_null                     0x00000142   Section        2  handlers.o(i.__scatterload_null)
    i.__scatterload_zeroinit                 0x00000144   Section       14  handlers.o(i.__scatterload_zeroinit)
    i.main                                   0x00000154   Section        0  blinky.o(i.main)
    STACK                                    0x20000000   Section      256  startup_rvmdk.o(STACK)
    StackMem                                 0x20000000   Data           0  startup_rvmdk.o(STACK)

    Global Symbols

    Symbol Name                              Value     Ov Type        Size  Object(Section)

    BuildAttributes$$THM_ISAv4$P$D$K$B$S$PE$A:L22UL41UL21$X:L11$S22US41US21$IEEE1$IW$USESV6$~STKCKD$USESV7$~SHL$OSPACE$EBA8$MICROLIB$REQ8$PRES8$EABIv2 0x00000000   Number         0  anon$$obj.o ABSOLUTE
    __ARM_use_no_argv                        0x00000000   Number         0  blinky.o ABSOLUTE
    __Vectors                                0x00000000   Data           0  startup_rvmdk.o(RESET)
    __decompress                              - Undefined Weak Reference
    Reset_Handler                            0x000000f1   Thumb Code     0  startup_rvmdk.o(RESET)
    __main                                   0x000000fd   Thumb Code     0  entry.o(.ARM.Collect$$$$00000000)
    _main_stk                                0x000000fd   Thumb Code     0  entry2.o(.ARM.Collect$$$$00000001)
    _main_scatterload                        0x00000101   Thumb Code     0  entry5.o(.ARM.Collect$$$$00000004)
    __main_after_scatterload                 0x00000105   Thumb Code     0  entry5.o(.ARM.Collect$$$$00000004)
    _main_init                               0x00000105   Thumb Code     0  entry7.o(.ARM.Collect$$$$00000007)
    __scatterload                            0x00000111   Thumb Code    28  init.o(.text)
    __scatterload_rt2                        0x00000111   Thumb Code     0  init.o(.text)
    __scatterload_copy                       0x00000135   Thumb Code    14  handlers.o(i.__scatterload_copy)
    __scatterload_null                       0x00000143   Thumb Code     2  handlers.o(i.__scatterload_null)
    __scatterload_zeroinit                   0x00000145   Thumb Code    14  handlers.o(i.__scatterload_zeroinit)
    main                                     0x00000155   Thumb Code    76  blinky.o(i.main)
    Region$$Table$$Base                      0x000001ac   Number         0  anon$$obj.o(Region$$Table)
    Region$$Table$$Limit                     0x000001bc   Number         0  anon$$obj.o(Region$$Table)
    __initial_sp                             0x20000100   Data           0  startup_rvmdk.o(STACK)



==============================================================================

Memory Map of the image

  Image Entry point : 0x000000f1

  Load Region LR_IROM (Base: 0x00000000, Size: 0x000001bc, Max: 0x00040000, ABSOLUTE)

    Execution Region ER_IROM (Base: 0x00000000, Size: 0x000001bc, Max: 0x00040000, ABSOLUTE)

    Base Addr    Size         Type   Attr      Idx    E Section Name        Object

    0x00000000   0x000000fc   Code   RO           20  * RESET               startup_rvmdk.o
    0x000000fc   0x00000000   Code   RO           27  * .ARM.Collect$$$$00000000  entry.o(mc_w.l)
    0x000000fc   0x00000004   Code   RO           30    .ARM.Collect$$$$00000001  entry2.o(mc_w.l)
    0x00000100   0x00000004   Code   RO           33    .ARM.Collect$$$$00000004  entry5.o(mc_w.l)
    0x00000104   0x00000008   Code   RO           34    .ARM.Collect$$$$00000007  entry7.o(mc_w.l)
    0x0000010c   0x00000004   Code   RO           31    .ARM.Collect$$$$00002712  entry2.o(mc_w.l)
    0x00000110   0x00000024   Code   RO           35    .text               init.o(mc_w.l)
    0x00000134   0x0000000e   Code   RO           39    i.__scatterload_copy  handlers.o(mc_w.l)
    0x00000142   0x00000002   Code   RO           40    i.__scatterload_null  handlers.o(mc_w.l)
    0x00000144   0x0000000e   Code   RO           41    i.__scatterload_zeroinit  handlers.o(mc_w.l)
    0x00000152   0x00000002   PAD
    0x00000154   0x00000058   Code   RO            1    i.main              blinky.o
    0x000001ac   0x00000010   Data   RO           37    Region$$Table       anon$$obj.o


    Execution Region RW_IRAM (Base: 0x20000000, Size: 0x00000100, Max: 0x00010000, ABSOLUTE)

    Base Addr    Size         Type   Attr      Idx    E Section Name        Object

    0x20000000   0x00000100   Zero   RW           18    STACK               startup_rvmdk.o


==============================================================================

Image component sizes


      Code (inc. data)   RO Data    RW Data    ZI Data      Debug   Object Name

        88         12          0          0          0       2015   blinky.o
       252        242          0          0        256        264   startup_rvmdk.o

    ----------------------------------------------------------------------
       340        254         16          0        256       2279   Object Totals
         0          0         16          0          0          0   (incl. Generated)
         0          0          0          0          0          1   (incl. Padding)

    ----------------------------------------------------------------------

      Code (inc. data)   RO Data    RW Data    ZI Data      Debug   Library Member Name

         0          0          0          0          0          0   entry.o
         8          4          0          0          0          0   entry2.o
         4          0          0          0          0          0   entry5.o
         8          4          0          0          0          0   entry7.o
        30          0          0          0          0          0   handlers.o
        36          8          0          0          0         68   init.o

    ----------------------------------------------------------------------
        88         16          0          0          0         68   Library Totals
         2          0          0          0          0          0   (incl. Padding)

    ----------------------------------------------------------------------

      Code (inc. data)   RO Data    RW Data    ZI Data      Debug   Library Name

        86         16          0          0          0         68   mc_w.l

    ----------------------------------------------------------------------
        88         16          0          0          0         68   Library Totals

    ----------------------------------------------------------------------

==============================================================================


      Code (inc. data)   RO Data    RW Data    ZI Data      Debug   

       428        270         16          0        256       2348   Grand Totals
       428        270         16          0        256       2348   ELF Image Totals
       428        270         16          0          0          0   ROM Totals

==============================================================================

    Total RO  Size (Code + RO Data)                  444 (   0.43kB)
    Total RW  Size (RW Data + ZI Data)               256 (   0.25kB)
    Total ROM Size (Code + RO Data + RW Data)        444 (   0.43kB)

==============================================================================

