ARM Linker, RVCT4.0 [Build 728] [Standard]

==============================================================================

Section Cross References

    rit128x96x4.o(i.RIT128x96x4Clear) refers to rit128x96x4.o(i.RITWriteCommand) for RITWriteCommand
    rit128x96x4.o(i.RIT128x96x4Clear) refers to rit128x96x4.o(i.RITWriteData) for RITWriteData
    rit128x96x4.o(i.RIT128x96x4Clear) refers to rit128x96x4.o(.data) for .data
    rit128x96x4.o(i.RIT128x96x4Clear) refers to rit128x96x4.o(.constdata) for .constdata
    rit128x96x4.o(i.RIT128x96x4Disable) refers to ssi.o(i.SSIDataGetNonBlocking) for SSIDataGetNonBlocking
    rit128x96x4.o(i.RIT128x96x4Disable) refers to ssi.o(i.SSIDisable) for SSIDisable
    rit128x96x4.o(i.RIT128x96x4Disable) refers to gpio.o(i.GPIOPinTypeGPIOOutput) for GPIOPinTypeGPIOOutput
    rit128x96x4.o(i.RIT128x96x4Disable) refers to gpio.o(i.GPIOPadConfigSet) for GPIOPadConfigSet
    rit128x96x4.o(i.RIT128x96x4Disable) refers to gpio.o(i.GPIOPinWrite) for GPIOPinWrite
    rit128x96x4.o(i.RIT128x96x4Disable) refers to rit128x96x4.o(.data) for .data
    rit128x96x4.o(i.RIT128x96x4DisplayOff) refers to rit128x96x4.o(i.RITWriteCommand) for RITWriteCommand
    rit128x96x4.o(i.RIT128x96x4DisplayOff) refers to rit128x96x4.o(.constdata) for .constdata
    rit128x96x4.o(i.RIT128x96x4DisplayOn) refers to rit128x96x4.o(i.RITWriteCommand) for RITWriteCommand
    rit128x96x4.o(i.RIT128x96x4DisplayOn) refers to rit128x96x4.o(.constdata) for .constdata
    rit128x96x4.o(i.RIT128x96x4Enable) refers to ssi.o(i.SSIDisable) for SSIDisable
    rit128x96x4.o(i.RIT128x96x4Enable) refers to sysctl.o(i.SysCtlClockGet) for SysCtlClockGet
    rit128x96x4.o(i.RIT128x96x4Enable) refers to ssi.o(i.SSIConfigSetExpClk) for SSIConfigSetExpClk
    rit128x96x4.o(i.RIT128x96x4Enable) refers to gpio.o(i.GPIOPinTypeSSI) for GPIOPinTypeSSI
    rit128x96x4.o(i.RIT128x96x4Enable) refers to gpio.o(i.GPIOPadConfigSet) for GPIOPadConfigSet
    rit128x96x4.o(i.RIT128x96x4Enable) refers to ssi.o(i.SSIEnable) for SSIEnable
    rit128x96x4.o(i.RIT128x96x4Enable) refers to rit128x96x4.o(.data) for .data
    rit128x96x4.o(i.RIT128x96x4ImageDraw) refers to rit128x96x4.o(i.RITWriteCommand) for RITWriteCommand
    rit128x96x4.o(i.RIT128x96x4ImageDraw) refers to rit128x96x4.o(i.RITWriteData) for RITWriteData
    rit128x96x4.o(i.RIT128x96x4ImageDraw) refers to rit128x96x4.o(.data) for .data
    rit128x96x4.o(i.RIT128x96x4ImageDraw) refers to rit128x96x4.o(.constdata) for .constdata
    rit128x96x4.o(i.RIT128x96x4Init) refers to sysctl.o(i.SysCtlPeripheralEnable) for SysCtlPeripheralEnable
    rit128x96x4.o(i.RIT128x96x4Init) refers to gpio.o(i.GPIOPinTypeSSI) for GPIOPinTypeSSI
    rit128x96x4.o(i.RIT128x96x4Init) refers to gpio.o(i.GPIOPadConfigSet) for GPIOPadConfigSet
    rit128x96x4.o(i.RIT128x96x4Init) refers to gpio.o(i.GPIOPinTypeGPIOOutput) for GPIOPinTypeGPIOOutput
    rit128x96x4.o(i.RIT128x96x4Init) refers to gpio.o(i.GPIOPinWrite) for GPIOPinWrite
    rit128x96x4.o(i.RIT128x96x4Init) refers to rit128x96x4.o(i.RIT128x96x4Enable) for RIT128x96x4Enable
    rit128x96x4.o(i.RIT128x96x4Init) refers to rit128x96x4.o(i.RIT128x96x4Clear) for RIT128x96x4Clear
    rit128x96x4.o(i.RIT128x96x4Init) refers to rit128x96x4.o(i.RITWriteCommand) for RITWriteCommand
    rit128x96x4.o(i.RIT128x96x4Init) refers to rit128x96x4.o(.data) for .data
    rit128x96x4.o(i.RIT128x96x4Init) refers to rit128x96x4.o(.constdata) for .constdata
    rit128x96x4.o(i.RIT128x96x4StringDraw) refers to rit128x96x4.o(i.RITWriteCommand) for RITWriteCommand
    rit128x96x4.o(i.RIT128x96x4StringDraw) refers to rit128x96x4.o(i.RITWriteData) for RITWriteData
    rit128x96x4.o(i.RIT128x96x4StringDraw) refers to rit128x96x4.o(.data) for .data
    rit128x96x4.o(i.RIT128x96x4StringDraw) refers to rit128x96x4.o(.constdata) for .constdata
    rit128x96x4.o(i.RITWriteCommand) refers to ssi.o(i.SSIBusy) for SSIBusy
    rit128x96x4.o(i.RITWriteCommand) refers to gpio.o(i.GPIOPinWrite) for GPIOPinWrite
    rit128x96x4.o(i.RITWriteCommand) refers to ssi.o(i.SSIDataPut) for SSIDataPut
    rit128x96x4.o(i.RITWriteCommand) refers to rit128x96x4.o(.data) for .data
    rit128x96x4.o(i.RITWriteData) refers to ssi.o(i.SSIBusy) for SSIBusy
    rit128x96x4.o(i.RITWriteData) refers to gpio.o(i.GPIOPinWrite) for GPIOPinWrite
    rit128x96x4.o(i.RITWriteData) refers to ssi.o(i.SSIDataPut) for SSIDataPut
    rit128x96x4.o(i.RITWriteData) refers to rit128x96x4.o(.data) for .data
    startup_rvmdk.o(RESET) refers to startup_rvmdk.o(STACK) for StackMem
    startup_rvmdk.o(RESET) refers to uart_echo.o(i.UARTIntHandler) for UARTIntHandler
    startup_rvmdk.o(RESET) refers to entry.o(.ARM.Collect$$$$00000000) for __main
    uart_echo.o(i.UARTIntHandler) refers to uart.o(i.UARTIntStatus) for UARTIntStatus
    uart_echo.o(i.UARTIntHandler) refers to uart.o(i.UARTIntClear) for UARTIntClear
    uart_echo.o(i.UARTIntHandler) refers to uart.o(i.UARTCharGetNonBlocking) for UARTCharGetNonBlocking
    uart_echo.o(i.UARTIntHandler) refers to uart.o(i.UARTCharPutNonBlocking) for UARTCharPutNonBlocking
    uart_echo.o(i.UARTIntHandler) refers to uart.o(i.UARTCharsAvail) for UARTCharsAvail
    uart_echo.o(i.UARTSend) refers to uart.o(i.UARTCharPutNonBlocking) for UARTCharPutNonBlocking
    uart_echo.o(i.main) refers to sysctl.o(i.SysCtlClockSet) for SysCtlClockSet
    uart_echo.o(i.main) refers to rit128x96x4.o(i.RIT128x96x4Init) for RIT128x96x4Init
    uart_echo.o(i.main) refers to rit128x96x4.o(i.RIT128x96x4StringDraw) for RIT128x96x4StringDraw
    uart_echo.o(i.main) refers to sysctl.o(i.SysCtlPeripheralEnable) for SysCtlPeripheralEnable
    uart_echo.o(i.main) refers to interrupt.o(i.IntMasterEnable) for IntMasterEnable
    uart_echo.o(i.main) refers to gpio.o(i.GPIOPinTypeUART) for GPIOPinTypeUART
    uart_echo.o(i.main) refers to sysctl.o(i.SysCtlClockGet) for SysCtlClockGet
    uart_echo.o(i.main) refers to uart.o(i.UARTConfigSetExpClk) for UARTConfigSetExpClk
    uart_echo.o(i.main) refers to interrupt.o(i.IntEnable) for IntEnable
    uart_echo.o(i.main) refers to uart.o(i.UARTIntEnable) for UARTIntEnable
    uart_echo.o(i.main) refers to uart_echo.o(i.UARTSend) for UARTSend
    gpio.o(i.GPIOPinConfigure) refers to gpio.o(.constdata) for .constdata
    gpio.o(i.GPIOPinTypeADC) refers to gpio.o(i.GPIODirModeSet) for GPIODirModeSet
    gpio.o(i.GPIOPinTypeADC) refers to gpio.o(i.GPIOPadConfigSet) for GPIOPadConfigSet
    gpio.o(i.GPIOPinTypeCAN) refers to gpio.o(i.GPIODirModeSet) for GPIODirModeSet
    gpio.o(i.GPIOPinTypeCAN) refers to gpio.o(i.GPIOPadConfigSet) for GPIOPadConfigSet
    gpio.o(i.GPIOPinTypeComparator) refers to gpio.o(i.GPIODirModeSet) for GPIODirModeSet
    gpio.o(i.GPIOPinTypeComparator) refers to gpio.o(i.GPIOPadConfigSet) for GPIOPadConfigSet
    gpio.o(i.GPIOPinTypeEPI) refers to gpio.o(i.GPIODirModeSet) for GPIODirModeSet
    gpio.o(i.GPIOPinTypeEPI) refers to gpio.o(i.GPIOPadConfigSet) for GPIOPadConfigSet
    gpio.o(i.GPIOPinTypeEthernetLED) refers to gpio.o(i.GPIODirModeSet) for GPIODirModeSet
    gpio.o(i.GPIOPinTypeEthernetLED) refers to gpio.o(i.GPIOPadConfigSet) for GPIOPadConfigSet
    gpio.o(i.GPIOPinTypeGPIOInput) refers to gpio.o(i.GPIODirModeSet) for GPIODirModeSet
    gpio.o(i.GPIOPinTypeGPIOInput) refers to gpio.o(i.GPIOPadConfigSet) for GPIOPadConfigSet
    gpio.o(i.GPIOPinTypeGPIOOutput) refers to gpio.o(i.GPIODirModeSet) for GPIODirModeSet
    gpio.o(i.GPIOPinTypeGPIOOutput) refers to gpio.o(i.GPIOPadConfigSet) for GPIOPadConfigSet
    gpio.o(i.GPIOPinTypeGPIOOutputOD) refers to gpio.o(i.GPIODirModeSet) for GPIODirModeSet
    gpio.o(i.GPIOPinTypeGPIOOutputOD) refers to gpio.o(i.GPIOPadConfigSet) for GPIOPadConfigSet
    gpio.o(i.GPIOPinTypeI2C) refers to gpio.o(i.GPIODirModeSet) for GPIODirModeSet
    gpio.o(i.GPIOPinTypeI2C) refers to gpio.o(i.GPIOPadConfigSet) for GPIOPadConfigSet
    gpio.o(i.GPIOPinTypeI2S) refers to gpio.o(i.GPIODirModeSet) for GPIODirModeSet
    gpio.o(i.GPIOPinTypeI2S) refers to gpio.o(i.GPIOPadConfigSet) for GPIOPadConfigSet
    gpio.o(i.GPIOPinTypePWM) refers to gpio.o(i.GPIODirModeSet) for GPIODirModeSet
    gpio.o(i.GPIOPinTypePWM) refers to gpio.o(i.GPIOPadConfigSet) for GPIOPadConfigSet
    gpio.o(i.GPIOPinTypeQEI) refers to gpio.o(i.GPIODirModeSet) for GPIODirModeSet
    gpio.o(i.GPIOPinTypeQEI) refers to gpio.o(i.GPIOPadConfigSet) for GPIOPadConfigSet
    gpio.o(i.GPIOPinTypeSSI) refers to gpio.o(i.GPIODirModeSet) for GPIODirModeSet
    gpio.o(i.GPIOPinTypeSSI) refers to gpio.o(i.GPIOPadConfigSet) for GPIOPadConfigSet
    gpio.o(i.GPIOPinTypeTimer) refers to gpio.o(i.GPIODirModeSet) for GPIODirModeSet
    gpio.o(i.GPIOPinTypeTimer) refers to gpio.o(i.GPIOPadConfigSet) for GPIOPadConfigSet
    gpio.o(i.GPIOPinTypeUART) refers to gpio.o(i.GPIODirModeSet) for GPIODirModeSet
    gpio.o(i.GPIOPinTypeUART) refers to gpio.o(i.GPIOPadConfigSet) for GPIOPadConfigSet
    gpio.o(i.GPIOPinTypeUSBAnalog) refers to gpio.o(i.GPIODirModeSet) for GPIODirModeSet
    gpio.o(i.GPIOPinTypeUSBAnalog) refers to gpio.o(i.GPIOPadConfigSet) for GPIOPadConfigSet
    gpio.o(i.GPIOPinTypeUSBDigital) refers to gpio.o(i.GPIODirModeSet) for GPIODirModeSet
    gpio.o(i.GPIOPinTypeUSBDigital) refers to gpio.o(i.GPIOPadConfigSet) for GPIOPadConfigSet
    gpio.o(i.GPIOPortIntRegister) refers to gpio.o(i.GPIOGetIntNumber) for GPIOGetIntNumber
    gpio.o(i.GPIOPortIntRegister) refers to interrupt.o(i.IntRegister) for IntRegister
    gpio.o(i.GPIOPortIntRegister) refers to interrupt.o(i.IntEnable) for IntEnable
    gpio.o(i.GPIOPortIntUnregister) refers to gpio.o(i.GPIOGetIntNumber) for GPIOGetIntNumber
    gpio.o(i.GPIOPortIntUnregister) refers to interrupt.o(i.IntDisable) for IntDisable
    gpio.o(i.GPIOPortIntUnregister) refers to interrupt.o(i.IntUnregister) for IntUnregister
    interrupt.o(i.IntMasterDisable) refers to cpu.o(.emb_text) for CPUcpsid
    interrupt.o(i.IntMasterEnable) refers to cpu.o(.emb_text) for CPUcpsie
    interrupt.o(i.IntPriorityGet) refers to interrupt.o(.constdata) for .constdata
    interrupt.o(i.IntPriorityGroupingGet) refers to interrupt.o(.constdata) for .constdata
    interrupt.o(i.IntPriorityGroupingSet) refers to interrupt.o(.constdata) for .constdata
    interrupt.o(i.IntPrioritySet) refers to interrupt.o(.constdata) for .constdata
    interrupt.o(i.IntRegister) refers to interrupt.o(vtable) for vtable
    interrupt.o(i.IntUnregister) refers to interrupt.o(i.IntDefaultHandler) for IntDefaultHandler
    interrupt.o(i.IntUnregister) refers to interrupt.o(vtable) for vtable
    ssi.o(i.SSIIntRegister) refers to interrupt.o(i.IntRegister) for IntRegister
    ssi.o(i.SSIIntRegister) refers to interrupt.o(i.IntEnable) for IntEnable
    ssi.o(i.SSIIntUnregister) refers to interrupt.o(i.IntDisable) for IntDisable
    ssi.o(i.SSIIntUnregister) refers to interrupt.o(i.IntUnregister) for IntUnregister
    sysctl.o(i.SysCtlClockGet) refers to sysctl.o(.constdata) for .constdata
    sysctl.o(i.SysCtlClockSet) refers to sysctl.o(.emb_text) for SysCtlDelay
    sysctl.o(i.SysCtlDeepSleep) refers to cpu.o(.emb_text) for CPUwfi
    sysctl.o(i.SysCtlI2SMClkSet) refers to sysctl.o(.constdata) for .constdata
    sysctl.o(i.SysCtlIntRegister) refers to interrupt.o(i.IntRegister) for IntRegister
    sysctl.o(i.SysCtlIntRegister) refers to interrupt.o(i.IntEnable) for IntEnable
    sysctl.o(i.SysCtlIntUnregister) refers to interrupt.o(i.IntDisable) for IntDisable
    sysctl.o(i.SysCtlIntUnregister) refers to interrupt.o(i.IntUnregister) for IntUnregister
    sysctl.o(i.SysCtlPeripheralDeepSleepDisable) refers to sysctl.o(.constdata) for .constdata
    sysctl.o(i.SysCtlPeripheralDeepSleepEnable) refers to sysctl.o(.constdata) for .constdata
    sysctl.o(i.SysCtlPeripheralDisable) refers to sysctl.o(.constdata) for .constdata
    sysctl.o(i.SysCtlPeripheralEnable) refers to sysctl.o(.constdata) for .constdata
    sysctl.o(i.SysCtlPeripheralPresent) refers to sysctl.o(.constdata) for .constdata
    sysctl.o(i.SysCtlPeripheralReset) refers to sysctl.o(.constdata) for .constdata
    sysctl.o(i.SysCtlPeripheralSleepDisable) refers to sysctl.o(.constdata) for .constdata
    sysctl.o(i.SysCtlPeripheralSleepEnable) refers to sysctl.o(.constdata) for .constdata
    sysctl.o(i.SysCtlSleep) refers to cpu.o(.emb_text) for CPUwfi
    uart.o(i.UARTIntRegister) refers to interrupt.o(i.IntRegister) for IntRegister
    uart.o(i.UARTIntRegister) refers to interrupt.o(i.IntEnable) for IntEnable
    uart.o(i.UARTIntUnregister) refers to interrupt.o(i.IntDisable) for IntDisable
    uart.o(i.UARTIntUnregister) refers to interrupt.o(i.IntUnregister) for IntUnregister
    entry.o(.ARM.Collect$$$$00000000) refers (Special) to entry7.o(.ARM.Collect$$$$00000007) for _main_init
    entry.o(.ARM.Collect$$$$00000000) refers (Special) to entry5.o(.ARM.Collect$$$$00000004) for _main_scatterload
    entry.o(.ARM.Collect$$$$00000000) refers (Special) to entry2.o(.ARM.Collect$$$$00000001) for _main_stk
    entry2.o(.ARM.Collect$$$$00000001) refers to entry2.o(.ARM.Collect$$$$00002712) for __lit__00000000
    entry2.o(.ARM.Collect$$$$00002712) refers to startup_rvmdk.o(STACK) for __initial_sp
    entry2.o(__vectab_stack_and_reset_area) refers to startup_rvmdk.o(STACK) for __initial_sp
    entry2.o(__vectab_stack_and_reset_area) refers to entry.o(.ARM.Collect$$$$00000000) for __main
    entry5.o(.ARM.Collect$$$$00000004) refers to init.o(.text) for __scatterload
    entry7.o(.ARM.Collect$$$$00000007) refers to uart_echo.o(i.main) for main
    init.o(.text) refers to entry5.o(.ARM.Collect$$$$00000004) for __main_after_scatterload


==============================================================================

Removing Unused input sections from the image.

    Removing rit128x96x4.o(i.RIT128x96x4Disable), (92 bytes).
    Removing rit128x96x4.o(i.RIT128x96x4DisplayOff), (12 bytes).
    Removing rit128x96x4.o(i.RIT128x96x4DisplayOn), (36 bytes).
    Removing rit128x96x4.o(i.RIT128x96x4ImageDraw), (104 bytes).
    Removing startup_rvmdk.o(HEAP), (0 bytes).
    Removing startup_rvmdk.o(.text), (0 bytes).
    Removing gpio.o(i.GPIODirModeGet), (34 bytes).
    Removing gpio.o(i.GPIOGetIntNumber), (156 bytes).
    Removing gpio.o(i.GPIOIntTypeGet), (48 bytes).
    Removing gpio.o(i.GPIOIntTypeSet), (58 bytes).
    Removing gpio.o(i.GPIOPadConfigGet), (140 bytes).
    Removing gpio.o(i.GPIOPinConfigure), (72 bytes).
    Removing gpio.o(i.GPIOPinIntClear), (6 bytes).
    Removing gpio.o(i.GPIOPinIntDisable), (14 bytes).
    Removing gpio.o(i.GPIOPinIntEnable), (12 bytes).
    Removing gpio.o(i.GPIOPinIntStatus), (14 bytes).
    Removing gpio.o(i.GPIOPinRead), (6 bytes).
    Removing gpio.o(i.GPIOPinTypeADC), (28 bytes).
    Removing gpio.o(i.GPIOPinTypeCAN), (28 bytes).
    Removing gpio.o(i.GPIOPinTypeComparator), (28 bytes).
    Removing gpio.o(i.GPIOPinTypeEPI), (28 bytes).
    Removing gpio.o(i.GPIOPinTypeEthernetLED), (28 bytes).
    Removing gpio.o(i.GPIOPinTypeGPIOInput), (28 bytes).
    Removing gpio.o(i.GPIOPinTypeGPIOOutputOD), (28 bytes).
    Removing gpio.o(i.GPIOPinTypeI2C), (28 bytes).
    Removing gpio.o(i.GPIOPinTypeI2S), (28 bytes).
    Removing gpio.o(i.GPIOPinTypePWM), (28 bytes).
    Removing gpio.o(i.GPIOPinTypeQEI), (28 bytes).
    Removing gpio.o(i.GPIOPinTypeTimer), (28 bytes).
    Removing gpio.o(i.GPIOPinTypeUSBAnalog), (28 bytes).
    Removing gpio.o(i.GPIOPinTypeUSBDigital), (28 bytes).
    Removing gpio.o(i.GPIOPortIntRegister), (26 bytes).
    Removing gpio.o(i.GPIOPortIntUnregister), (22 bytes).
    Removing gpio.o(.constdata), (72 bytes).
    Removing interrupt.o(i.IntDefaultHandler), (2 bytes).
    Removing interrupt.o(i.IntDisable), (104 bytes).
    Removing interrupt.o(i.IntMasterDisable), (10 bytes).
    Removing interrupt.o(i.IntPendClear), (72 bytes).
    Removing interrupt.o(i.IntPendSet), (90 bytes).
    Removing interrupt.o(i.IntPriorityGet), (28 bytes).
    Removing interrupt.o(i.IntPriorityGroupingGet), (40 bytes).
    Removing interrupt.o(i.IntPriorityGroupingSet), (28 bytes).
    Removing interrupt.o(i.IntPrioritySet), (40 bytes).
    Removing interrupt.o(i.IntRegister), (56 bytes).
    Removing interrupt.o(i.IntUnregister), (20 bytes).
    Removing interrupt.o(.constdata), (104 bytes).
    Removing interrupt.o(vtable), (284 bytes).
    Removing ssi.o(i.SSIDMADisable), (10 bytes).
    Removing ssi.o(i.SSIDMAEnable), (8 bytes).
    Removing ssi.o(i.SSIDataGet), (14 bytes).
    Removing ssi.o(i.SSIDataGetNonBlocking), (18 bytes).
    Removing ssi.o(i.SSIDataPutNonBlocking), (16 bytes).
    Removing ssi.o(i.SSIIntClear), (4 bytes).
    Removing ssi.o(i.SSIIntDisable), (10 bytes).
    Removing ssi.o(i.SSIIntEnable), (8 bytes).
    Removing ssi.o(i.SSIIntRegister), (32 bytes).
    Removing ssi.o(i.SSIIntStatus), (10 bytes).
    Removing ssi.o(i.SSIIntUnregister), (32 bytes).
    Removing sysctl.o(i.SysCtlADCSpeedGet), (16 bytes).
    Removing sysctl.o(i.SysCtlADCSpeedSet), (32 bytes).
    Removing sysctl.o(i.SysCtlBrownOutConfigSet), (16 bytes).
    Removing sysctl.o(i.SysCtlClkVerificationClear), (20 bytes).
    Removing sysctl.o(i.SysCtlDeepSleep), (32 bytes).
    Removing sysctl.o(i.SysCtlFlashSizeGet), (20 bytes).
    Removing sysctl.o(i.SysCtlGPIOAHBDisable), (20 bytes).
    Removing sysctl.o(i.SysCtlGPIOAHBEnable), (16 bytes).
    Removing sysctl.o(i.SysCtlI2SMClkSet), (216 bytes).
    Removing sysctl.o(i.SysCtlIOSCVerificationSet), (24 bytes).
    Removing sysctl.o(i.SysCtlIntClear), (12 bytes).
    Removing sysctl.o(i.SysCtlIntDisable), (16 bytes).
    Removing sysctl.o(i.SysCtlIntEnable), (16 bytes).
    Removing sysctl.o(i.SysCtlIntRegister), (20 bytes).
    Removing sysctl.o(i.SysCtlIntStatus), (16 bytes).
    Removing sysctl.o(i.SysCtlIntUnregister), (18 bytes).
    Removing sysctl.o(i.SysCtlLDOConfigSet), (12 bytes).
    Removing sysctl.o(i.SysCtlLDOGet), (12 bytes).
    Removing sysctl.o(i.SysCtlLDOSet), (12 bytes).
    Removing sysctl.o(i.SysCtlMOSCVerificationSet), (24 bytes).
    Removing sysctl.o(i.SysCtlPLLVerificationSet), (24 bytes).
    Removing sysctl.o(i.SysCtlPWMClockGet), (24 bytes).
    Removing sysctl.o(i.SysCtlPWMClockSet), (20 bytes).
    Removing sysctl.o(i.SysCtlPeripheralClockGating), (24 bytes).
    Removing sysctl.o(i.SysCtlPeripheralDeepSleepDisable), (32 bytes).
    Removing sysctl.o(i.SysCtlPeripheralDeepSleepEnable), (32 bytes).
    Removing sysctl.o(i.SysCtlPeripheralDisable), (32 bytes).
    Removing sysctl.o(i.SysCtlPeripheralPresent), (64 bytes).
    Removing sysctl.o(i.SysCtlPeripheralReset), (56 bytes).
    Removing sysctl.o(i.SysCtlPeripheralSleepDisable), (32 bytes).
    Removing sysctl.o(i.SysCtlPeripheralSleepEnable), (32 bytes).
    Removing sysctl.o(i.SysCtlPinPresent), (16 bytes).
    Removing sysctl.o(i.SysCtlReset), (16 bytes).
    Removing sysctl.o(i.SysCtlResetCauseClear), (16 bytes).
    Removing sysctl.o(i.SysCtlResetCauseGet), (12 bytes).
    Removing sysctl.o(i.SysCtlSRAMSizeGet), (20 bytes).
    Removing sysctl.o(i.SysCtlSleep), (4 bytes).
    Removing sysctl.o(i.SysCtlUSBPLLDisable), (16 bytes).
    Removing sysctl.o(i.SysCtlUSBPLLEnable), (16 bytes).
    Removing uart.o(i.UARTBreakCtl), (18 bytes).
    Removing uart.o(i.UARTBusy), (8 bytes).
    Removing uart.o(i.UARTCharGet), (12 bytes).
    Removing uart.o(i.UARTCharPut), (12 bytes).
    Removing uart.o(i.UARTConfigGetExpClk), (46 bytes).
    Removing uart.o(i.UARTDMADisable), (10 bytes).
    Removing uart.o(i.UARTDMAEnable), (8 bytes).
    Removing uart.o(i.UARTDisable), (30 bytes).
    Removing uart.o(i.UARTDisableSIR), (10 bytes).
    Removing uart.o(i.UARTEnable), (20 bytes).
    Removing uart.o(i.UARTEnableSIR), (18 bytes).
    Removing uart.o(i.UARTFIFODisable), (10 bytes).
    Removing uart.o(i.UARTFIFOEnable), (10 bytes).
    Removing uart.o(i.UARTFIFOLevelGet), (16 bytes).
    Removing uart.o(i.UARTFIFOLevelSet), (6 bytes).
    Removing uart.o(i.UARTFlowControlGet), (8 bytes).
    Removing uart.o(i.UARTFlowControlSet), (12 bytes).
    Removing uart.o(i.UARTIntDisable), (10 bytes).
    Removing uart.o(i.UARTIntRegister), (46 bytes).
    Removing uart.o(i.UARTIntUnregister), (46 bytes).
    Removing uart.o(i.UARTModemControlClear), (14 bytes).
    Removing uart.o(i.UARTModemControlGet), (8 bytes).
    Removing uart.o(i.UARTModemControlSet), (12 bytes).
    Removing uart.o(i.UARTModemStatusGet), (10 bytes).
    Removing uart.o(i.UARTParityModeGet), (8 bytes).
    Removing uart.o(i.UARTParityModeSet), (12 bytes).
    Removing uart.o(i.UARTRxErrorClear), (6 bytes).
    Removing uart.o(i.UARTRxErrorGet), (8 bytes).
    Removing uart.o(i.UARTSmartCardDisable), (10 bytes).
    Removing uart.o(i.UARTSmartCardEnable), (22 bytes).
    Removing uart.o(i.UARTSpaceAvail), (10 bytes).
    Removing uart.o(i.UARTTxIntModeGet), (8 bytes).
    Removing uart.o(i.UARTTxIntModeSet), (12 bytes).

130 unused section(s) (total 3910 bytes) removed from the image.

==============================================================================

Image Symbol Table

    Local Symbols

    Symbol Name                              Value     Ov Type        Size  Object(Section)

    RESET                                    0x00000000   Section      252  startup_rvmdk.o(RESET)
    ../../microlib/init/entry.s              0x00000000   Number         0  entry5.o ABSOLUTE
    ../../microlib/init/entry.s              0x00000000   Number         0  entry2.o ABSOLUTE
    ../../microlib/init/entry.s              0x00000000   Number         0  entry.o ABSOLUTE
    ../../microlib/init/entry.s              0x00000000   Number         0  entry7.o ABSOLUTE
    ..\drivers\rit128x96x4.c                 0x00000000   Number         0  rit128x96x4.o ABSOLUTE
    cpu.c                                    0x00000000   Number         0  cpu.o ABSOLUTE
    cpu.c                                    0x00000000   Number         0  cpu.o ABSOLUTE
    dc.s                                     0x00000000   Number         0  dc.o ABSOLUTE
    gpio.c                                   0x00000000   Number         0  gpio.o ABSOLUTE
    handlers.s                               0x00000000   Number         0  handlers.o ABSOLUTE
    init.s                                   0x00000000   Number         0  init.o ABSOLUTE
    interrupt.c                              0x00000000   Number         0  interrupt.o ABSOLUTE
    ssi.c                                    0x00000000   Number         0  ssi.o ABSOLUTE
    startup_rvmdk.S                          0x00000000   Number         0  startup_rvmdk.o ABSOLUTE
    sysctl.c                                 0x00000000   Number         0  sysctl.o ABSOLUTE
    sysctl.c                                 0x00000000   Number         0  sysctl.o ABSOLUTE
    uart.c                                   0x00000000   Number         0  uart.o ABSOLUTE
    uart_echo.c                              0x00000000   Number         0  uart_echo.o ABSOLUTE
    NmiSR                                    0x000000f5   Thumb Code     0  startup_rvmdk.o(RESET)
    FaultISR                                 0x000000f7   Thumb Code     0  startup_rvmdk.o(RESET)
    IntDefaultHandler                        0x000000f9   Thumb Code     0  startup_rvmdk.o(RESET)
    .ARM.Collect$$$$00000000                 0x000000fc   Section        0  entry.o(.ARM.Collect$$$$00000000)
    .ARM.Collect$$$$00000001                 0x000000fc   Section        4  entry2.o(.ARM.Collect$$$$00000001)
    .ARM.Collect$$$$00000004                 0x00000100   Section        4  entry5.o(.ARM.Collect$$$$00000004)
    .ARM.Collect$$$$00000007                 0x00000104   Section        8  entry7.o(.ARM.Collect$$$$00000007)
    .ARM.Collect$$$$00002712                 0x0000010c   Section        4  entry2.o(.ARM.Collect$$$$00002712)
    __lit__00000000                          0x0000010c   Data           4  entry2.o(.ARM.Collect$$$$00002712)
    .emb_text                                0x00000110   Section        6  sysctl.o(.emb_text)
    .emb_text                                0x00000118   Section       26  cpu.o(.emb_text)
    .text                                    0x00000134   Section       36  init.o(.text)
    i.GPIODirModeSet                         0x00000158   Section        0  gpio.o(i.GPIODirModeSet)
    i.GPIOPadConfigSet                       0x00000180   Section        0  gpio.o(i.GPIOPadConfigSet)
    i.GPIOPinTypeGPIOOutput                  0x00000230   Section        0  gpio.o(i.GPIOPinTypeGPIOOutput)
    i.GPIOPinTypeSSI                         0x0000024c   Section        0  gpio.o(i.GPIOPinTypeSSI)
    i.GPIOPinTypeUART                        0x00000268   Section        0  gpio.o(i.GPIOPinTypeUART)
    i.GPIOPinWrite                           0x00000284   Section        0  gpio.o(i.GPIOPinWrite)
    i.IntEnable                              0x0000028a   Section        0  interrupt.o(i.IntEnable)
    i.IntMasterEnable                        0x000002f2   Section        0  interrupt.o(i.IntMasterEnable)
    i.RIT128x96x4Clear                       0x000002fc   Section        0  rit128x96x4.o(i.RIT128x96x4Clear)
    i.RIT128x96x4Enable                      0x00000344   Section        0  rit128x96x4.o(i.RIT128x96x4Enable)
    i.RIT128x96x4Init                        0x000003a8   Section        0  rit128x96x4.o(i.RIT128x96x4Init)
    i.RIT128x96x4StringDraw                  0x00000448   Section        0  rit128x96x4.o(i.RIT128x96x4StringDraw)
    i.RITWriteCommand                        0x00000508   Section        0  rit128x96x4.o(i.RITWriteCommand)
    RITWriteCommand                          0x00000509   Thumb Code    92  rit128x96x4.o(i.RITWriteCommand)
    i.RITWriteData                           0x00000570   Section        0  rit128x96x4.o(i.RITWriteData)
    RITWriteData                             0x00000571   Thumb Code    92  rit128x96x4.o(i.RITWriteData)
    i.SSIBusy                                0x000005d8   Section        0  ssi.o(i.SSIBusy)
    i.SSIConfigSetExpClk                     0x000005e0   Section        0  ssi.o(i.SSIConfigSetExpClk)
    i.SSIDataPut                             0x0000062c   Section        0  ssi.o(i.SSIDataPut)
    i.SSIDisable                             0x00000638   Section        0  ssi.o(i.SSIDisable)
    i.SSIEnable                              0x00000642   Section        0  ssi.o(i.SSIEnable)
    i.SysCtlClockGet                         0x0000064c   Section        0  sysctl.o(i.SysCtlClockGet)
    i.SysCtlClockSet                         0x00000830   Section        0  sysctl.o(i.SysCtlClockSet)
    i.SysCtlPeripheralEnable                 0x00000968   Section        0  sysctl.o(i.SysCtlPeripheralEnable)
    i.UARTCharGetNonBlocking                 0x00000988   Section        0  uart.o(i.UARTCharGetNonBlocking)
    i.UARTCharPutNonBlocking                 0x00000998   Section        0  uart.o(i.UARTCharPutNonBlocking)
    i.UARTCharsAvail                         0x000009aa   Section        0  uart.o(i.UARTCharsAvail)
    i.UARTConfigSetExpClk                    0x000009b4   Section        0  uart.o(i.UARTConfigSetExpClk)
    i.UARTIntClear                           0x00000a22   Section        0  uart.o(i.UARTIntClear)
    i.UARTIntEnable                          0x00000a26   Section        0  uart.o(i.UARTIntEnable)
    i.UARTIntHandler                         0x00000a30   Section        0  uart_echo.o(i.UARTIntHandler)
    i.UARTIntStatus                          0x00000a64   Section        0  uart.o(i.UARTIntStatus)
    i.UARTSend                               0x00000a70   Section        0  uart_echo.o(i.UARTSend)
    i.__scatterload_copy                     0x00000a90   Section       14  handlers.o(i.__scatterload_copy)
    i.__scatterload_null                     0x00000a9e   Section        2  handlers.o(i.__scatterload_null)
    i.__scatterload_zeroinit                 0x00000aa0   Section       14  handlers.o(i.__scatterload_zeroinit)
    i.main                                   0x00000ab0   Section        0  uart_echo.o(i.main)
    .constdata                               0x00000bd0   Section      571  rit128x96x4.o(.constdata)
    g_pucRIT128x96x4VerticalInc              0x00000bd0   Data           2  rit128x96x4.o(.constdata)
    g_pucRIT128x96x4HorizontalInc            0x00000bd2   Data           2  rit128x96x4.o(.constdata)
    pucCommand1                              0x00000bd4   Data           2  rit128x96x4.o(.constdata)
    pucCommand1                              0x00000bd6   Data           3  rit128x96x4.o(.constdata)
    pucCommand2                              0x00000bd9   Data           3  rit128x96x4.o(.constdata)
    g_pucFont                                0x00000bdc   Data         480  rit128x96x4.o(.constdata)
    g_pucRIT128x96x4Init                     0x00000dbc   Data          79  rit128x96x4.o(.constdata)
    .constdata                               0x00000e0c   Section      156  sysctl.o(.constdata)
    g_pulDCRegs                              0x00000e0c   Data          16  sysctl.o(.constdata)
    g_pulSRCRRegs                            0x00000e1c   Data          12  sysctl.o(.constdata)
    g_pulRCGCRegs                            0x00000e28   Data          12  sysctl.o(.constdata)
    g_pulSCGCRegs                            0x00000e34   Data          12  sysctl.o(.constdata)
    g_pulDCGCRegs                            0x00000e40   Data          12  sysctl.o(.constdata)
    g_pulXtals                               0x00000e4c   Data          92  sysctl.o(.constdata)
    .data                                    0x20000000   Section       12  rit128x96x4.o(.data)
    g_ulSSIFlags                             0x20000000   Data           4  rit128x96x4.o(.data)
    g_pucBuffer                              0x20000004   Data           8  rit128x96x4.o(.data)
    STACK                                    0x20000010   Section      256  startup_rvmdk.o(STACK)
    StackMem                                 0x20000010   Data           0  startup_rvmdk.o(STACK)

    Global Symbols

    Symbol Name                              Value     Ov Type        Size  Object(Section)

    BuildAttributes$$THM_ISAv4$P$D$K$B$S$PE$A:L22UL41UL21$X:L11$S22US41US21$IEEE1$IW$USESV6$~STKCKD$USESV7$~SHL$OTIME$EBA8$MICROLIB$REQ8$PRES8$EABIv2 0x00000000   Number         0  anon$$obj.o ABSOLUTE
    __ARM_use_no_argv                        0x00000000   Number         0  uart_echo.o ABSOLUTE
    __Vectors                                0x00000000   Data           0  startup_rvmdk.o(RESET)
    __decompress                              - Undefined Weak Reference
    Reset_Handler                            0x000000f1   Thumb Code     0  startup_rvmdk.o(RESET)
    __main                                   0x000000fd   Thumb Code     0  entry.o(.ARM.Collect$$$$00000000)
    _main_stk                                0x000000fd   Thumb Code     0  entry2.o(.ARM.Collect$$$$00000001)
    _main_scatterload                        0x00000101   Thumb Code     0  entry5.o(.ARM.Collect$$$$00000004)
    __main_after_scatterload                 0x00000105   Thumb Code     0  entry5.o(.ARM.Collect$$$$00000004)
    _main_init                               0x00000105   Thumb Code     0  entry7.o(.ARM.Collect$$$$00000007)
    SysCtlDelay                              0x00000111   Thumb Code     6  sysctl.o(.emb_text)
    CPUcpsid                                 0x00000119   Thumb Code     8  cpu.o(.emb_text)
    CPUprimask                               0x00000121   Thumb Code     6  cpu.o(.emb_text)
    CPUcpsie                                 0x00000127   Thumb Code     8  cpu.o(.emb_text)
    CPUwfi                                   0x0000012f   Thumb Code     4  cpu.o(.emb_text)
    __scatterload                            0x00000135   Thumb Code    28  init.o(.text)
    __scatterload_rt2                        0x00000135   Thumb Code     0  init.o(.text)
    GPIODirModeSet                           0x00000159   Thumb Code    40  gpio.o(i.GPIODirModeSet)
    GPIOPadConfigSet                         0x00000181   Thumb Code   176  gpio.o(i.GPIOPadConfigSet)
    GPIOPinTypeGPIOOutput                    0x00000231   Thumb Code    28  gpio.o(i.GPIOPinTypeGPIOOutput)
    GPIOPinTypeSSI                           0x0000024d   Thumb Code    28  gpio.o(i.GPIOPinTypeSSI)
    GPIOPinTypeUART                          0x00000269   Thumb Code    28  gpio.o(i.GPIOPinTypeUART)
    GPIOPinWrite                             0x00000285   Thumb Code     6  gpio.o(i.GPIOPinWrite)
    IntEnable                                0x0000028b   Thumb Code   104  interrupt.o(i.IntEnable)
    IntMasterEnable                          0x000002f3   Thumb Code    10  interrupt.o(i.IntMasterEnable)
    RIT128x96x4Clear                         0x000002fd   Thumb Code    64  rit128x96x4.o(i.RIT128x96x4Clear)
    RIT128x96x4Enable                        0x00000345   Thumb Code    90  rit128x96x4.o(i.RIT128x96x4Enable)
    RIT128x96x4Init                          0x000003a9   Thumb Code   140  rit128x96x4.o(i.RIT128x96x4Init)
    RIT128x96x4StringDraw                    0x00000449   Thumb Code   184  rit128x96x4.o(i.RIT128x96x4StringDraw)
    SSIBusy                                  0x000005d9   Thumb Code     8  ssi.o(i.SSIBusy)
    SSIConfigSetExpClk                       0x000005e1   Thumb Code    76  ssi.o(i.SSIConfigSetExpClk)
    SSIDataPut                               0x0000062d   Thumb Code    12  ssi.o(i.SSIDataPut)
    SSIDisable                               0x00000639   Thumb Code    10  ssi.o(i.SSIDisable)
    SSIEnable                                0x00000643   Thumb Code    10  ssi.o(i.SSIEnable)
    SysCtlClockGet                           0x0000064d   Thumb Code   438  sysctl.o(i.SysCtlClockGet)
    SysCtlClockSet                           0x00000831   Thumb Code   288  sysctl.o(i.SysCtlClockSet)
    SysCtlPeripheralEnable                   0x00000969   Thumb Code    26  sysctl.o(i.SysCtlPeripheralEnable)
    UARTCharGetNonBlocking                   0x00000989   Thumb Code    16  uart.o(i.UARTCharGetNonBlocking)
    UARTCharPutNonBlocking                   0x00000999   Thumb Code    18  uart.o(i.UARTCharPutNonBlocking)
    UARTCharsAvail                           0x000009ab   Thumb Code    10  uart.o(i.UARTCharsAvail)
    UARTConfigSetExpClk                      0x000009b5   Thumb Code   110  uart.o(i.UARTConfigSetExpClk)
    UARTIntClear                             0x00000a23   Thumb Code     4  uart.o(i.UARTIntClear)
    UARTIntEnable                            0x00000a27   Thumb Code     8  uart.o(i.UARTIntEnable)
    UARTIntHandler                           0x00000a31   Thumb Code    48  uart_echo.o(i.UARTIntHandler)
    UARTIntStatus                            0x00000a65   Thumb Code    10  uart.o(i.UARTIntStatus)
    UARTSend                                 0x00000a71   Thumb Code    26  uart_echo.o(i.UARTSend)
    __scatterload_copy                       0x00000a91   Thumb Code    14  handlers.o(i.__scatterload_copy)
    __scatterload_null                       0x00000a9f   Thumb Code     2  handlers.o(i.__scatterload_null)
    __scatterload_zeroinit                   0x00000aa1   Thumb Code    14  handlers.o(i.__scatterload_zeroinit)
    main                                     0x00000ab1   Thumb Code   156  uart_echo.o(i.main)
    Region$$Table$$Base                      0x00000ea8   Number         0  anon$$obj.o(Region$$Table)
    Region$$Table$$Limit                     0x00000ec8   Number         0  anon$$obj.o(Region$$Table)
    __initial_sp                             0x20000110   Data           0  startup_rvmdk.o(STACK)



==============================================================================

Memory Map of the image

  Image Entry point : 0x000000f1

  Load Region LR_IROM (Base: 0x00000000, Size: 0x00000ed4, Max: 0x00040000, ABSOLUTE)

    Execution Region ER_IROM (Base: 0x00000000, Size: 0x00000ec8, Max: 0x00040000, ABSOLUTE)

    Base Addr    Size         Type   Attr      Idx    E Section Name        Object

    0x00000000   0x000000fc   Code   RO           99  * RESET               startup_rvmdk.o
    0x000000fc   0x00000000   Code   RO         1096  * .ARM.Collect$$$$00000000  entry.o(mc_w.l)
    0x000000fc   0x00000004   Code   RO         1099    .ARM.Collect$$$$00000001  entry2.o(mc_w.l)
    0x00000100   0x00000004   Code   RO         1102    .ARM.Collect$$$$00000004  entry5.o(mc_w.l)
    0x00000104   0x00000008   Code   RO         1103    .ARM.Collect$$$$00000007  entry7.o(mc_w.l)
    0x0000010c   0x00000004   Code   RO         1100    .ARM.Collect$$$$00002712  entry2.o(mc_w.l)
    0x00000110   0x00000006   Code   RO          571    .emb_text           sysctl.o(driverlib.lib)
    0x00000116   0x00000002   PAD
    0x00000118   0x0000001a   Code   RO         1086    .emb_text           cpu.o(driverlib.lib)
    0x00000132   0x00000002   PAD
    0x00000134   0x00000024   Code   RO         1104    .text               init.o(mc_w.l)
    0x00000158   0x00000028   Code   RO          140    i.GPIODirModeSet    gpio.o(driverlib.lib)
    0x00000180   0x000000b0   Code   RO          145    i.GPIOPadConfigSet  gpio.o(driverlib.lib)
    0x00000230   0x0000001c   Code   RO          158    i.GPIOPinTypeGPIOOutput  gpio.o(driverlib.lib)
    0x0000024c   0x0000001c   Code   RO          164    i.GPIOPinTypeSSI    gpio.o(driverlib.lib)
    0x00000268   0x0000001c   Code   RO          166    i.GPIOPinTypeUART   gpio.o(driverlib.lib)
    0x00000284   0x00000006   Code   RO          169    i.GPIOPinWrite      gpio.o(driverlib.lib)
    0x0000028a   0x00000068   Code   RO          370    i.IntEnable         interrupt.o(driverlib.lib)
    0x000002f2   0x0000000a   Code   RO          372    i.IntMasterEnable   interrupt.o(driverlib.lib)
    0x000002fc   0x00000048   Code   RO            1    i.RIT128x96x4Clear  rit128x96x4.o
    0x00000344   0x00000064   Code   RO            5    i.RIT128x96x4Enable  rit128x96x4.o
    0x000003a8   0x000000a0   Code   RO            7    i.RIT128x96x4Init   rit128x96x4.o
    0x00000448   0x000000c0   Code   RO            8    i.RIT128x96x4StringDraw  rit128x96x4.o
    0x00000508   0x00000068   Code   RO            9    i.RITWriteCommand   rit128x96x4.o
    0x00000570   0x00000068   Code   RO           10    i.RITWriteData      rit128x96x4.o
    0x000005d8   0x00000008   Code   RO          460    i.SSIBusy           ssi.o(driverlib.lib)
    0x000005e0   0x0000004c   Code   RO          461    i.SSIConfigSetExpClk  ssi.o(driverlib.lib)
    0x0000062c   0x0000000c   Code   RO          466    i.SSIDataPut        ssi.o(driverlib.lib)
    0x00000638   0x0000000a   Code   RO          468    i.SSIDisable        ssi.o(driverlib.lib)
    0x00000642   0x0000000a   Code   RO          469    i.SSIEnable         ssi.o(driverlib.lib)
    0x0000064c   0x000001e4   Code   RO          576    i.SysCtlClockGet    sysctl.o(driverlib.lib)
    0x00000830   0x00000138   Code   RO          577    i.SysCtlClockSet    sysctl.o(driverlib.lib)
    0x00000968   0x00000020   Code   RO          601    i.SysCtlPeripheralEnable  sysctl.o(driverlib.lib)
    0x00000988   0x00000010   Code   RO          838    i.UARTCharGetNonBlocking  uart.o(driverlib.lib)
    0x00000998   0x00000012   Code   RO          840    i.UARTCharPutNonBlocking  uart.o(driverlib.lib)
    0x000009aa   0x0000000a   Code   RO          841    i.UARTCharsAvail    uart.o(driverlib.lib)
    0x000009b4   0x0000006e   Code   RO          843    i.UARTConfigSetExpClk  uart.o(driverlib.lib)
    0x00000a22   0x00000004   Code   RO          856    i.UARTIntClear      uart.o(driverlib.lib)
    0x00000a26   0x00000008   Code   RO          858    i.UARTIntEnable     uart.o(driverlib.lib)
    0x00000a2e   0x00000002   PAD
    0x00000a30   0x00000034   Code   RO          106    i.UARTIntHandler    uart_echo.o
    0x00000a64   0x0000000a   Code   RO          860    i.UARTIntStatus     uart.o(driverlib.lib)
    0x00000a6e   0x00000002   PAD
    0x00000a70   0x00000020   Code   RO          107    i.UARTSend          uart_echo.o
    0x00000a90   0x0000000e   Code   RO         1108    i.__scatterload_copy  handlers.o(mc_w.l)
    0x00000a9e   0x00000002   Code   RO         1109    i.__scatterload_null  handlers.o(mc_w.l)
    0x00000aa0   0x0000000e   Code   RO         1110    i.__scatterload_zeroinit  handlers.o(mc_w.l)
    0x00000aae   0x00000002   PAD
    0x00000ab0   0x00000120   Code   RO          108    i.main              uart_echo.o
    0x00000bd0   0x0000023b   Data   RO           11    .constdata          rit128x96x4.o
    0x00000e0b   0x00000001   PAD
    0x00000e0c   0x0000009c   Data   RO          614    .constdata          sysctl.o(driverlib.lib)
    0x00000ea8   0x00000020   Data   RO         1106    Region$$Table       anon$$obj.o


    Execution Region RW_IRAM (Base: 0x20000000, Size: 0x00000110, Max: 0x00010000, ABSOLUTE)

    Base Addr    Size         Type   Attr      Idx    E Section Name        Object

    0x20000000   0x0000000c   Data   RW           12    .data               rit128x96x4.o
    0x2000000c   0x00000004   PAD
    0x20000010   0x00000100   Zero   RW           97    STACK               startup_rvmdk.o


==============================================================================

Image component sizes


      Code (inc. data)   RO Data    RW Data    ZI Data      Debug   Object Name

       732         70        571         12          0       7133   rit128x96x4.o
       252        242          0          0        256        264   startup_rvmdk.o
       372        142          0          0          0       2047   uart_echo.o

    ----------------------------------------------------------------------
      1356        454        604         12        260       9444   Object Totals
         0          0         32          0          0          0   (incl. Generated)
         0          0          1          0          4          1   (incl. Padding)

    ----------------------------------------------------------------------

      Code (inc. data)   RO Data    RW Data    ZI Data      Debug   Library Member Name

        26          0          0          0          0        296   cpu.o
         0          0          0          0          0          0   entry.o
         8          4          0          0          0          0   entry2.o
         4          0          0          0          0          0   entry5.o
         8          4          0          0          0          0   entry7.o
       306          0          0          0          0       6338   gpio.o
        30          0          0          0          0          0   handlers.o
        36          8          0          0          0         68   init.o
       114          0          0          0          0        954   interrupt.o
       116          0          0          0          0       2405   ssi.o
       834         76        156          0          0       3603   sysctl.o
       176          0          0          0          0       4013   uart.o

    ----------------------------------------------------------------------
      1668         92        156          0          0      17677   Library Totals
        10          0          0          0          0          0   (incl. Padding)

    ----------------------------------------------------------------------

      Code (inc. data)   RO Data    RW Data    ZI Data      Debug   Library Name

      1572         76        156          0          0      17609   driverlib.lib
        86         16          0          0          0         68   mc_w.l

    ----------------------------------------------------------------------
      1668         92        156          0          0      17677   Library Totals

    ----------------------------------------------------------------------

==============================================================================


      Code (inc. data)   RO Data    RW Data    ZI Data      Debug   

      3024        546        760         12        260      25672   Grand Totals
      3024        546        760         12        260      25672   ELF Image Totals
      3024        546        760         12          0          0   ROM Totals

==============================================================================

    Total RO  Size (Code + RO Data)                 3784 (   3.70kB)
    Total RW  Size (RW Data + ZI Data)               272 (   0.27kB)
    Total ROM Size (Code + RO Data + RW Data)       3796 (   3.71kB)

==============================================================================

