<!doctype html public "-//w3c//dtd html 4.0 transitional//en">
<html><head>
<title>Static Call Graph - [.\rvmdk\boot_demo1.axf]</title></head>
<body><HR>
<H1>Static Call Graph for image .\rvmdk\boot_demo1.axf</H1><HR>
<BR><P>#&#060CALLGRAPH&#062# ARM Linker, RVCT4.0 [Build 728]: Last Updated: Sun Jul 04 13:58:20 2010
<BR><P>
<H3>Maximum Stack Usage =        112 bytes + Unknown(Functions without stacksize, Cycles, Untraceable Function Pointers)</H3><H3>
Call chain for Maximum Stack Depth:</H3>
main &rArr; usprintf &rArr; uvsnprintf &rArr; strncpy
<P>
<H3>
Functions with no stack information
</H3><UL>
 <LI><a href="#[168ea48]">Reset_Handler</a>
 <LI><a href="#[168ec28]">NmiSR</a>
 <LI><a href="#[168ebec]">FaultISR</a>
 <LI><a href="#[168ebb0]">IntDefaultHandler</a>
</UL>
</UL>
<P>
<H3>
Mutually Recursive functions
</H3> <LI><a href="#[1690848]">UARTConfigSetExpClk</a>&nbsp;&nbsp;&nbsp;&rArr;&nbsp;&nbsp;&nbsp;<a href="#[1690848]">UARTConfigSetExpClk</a><BR>
 <LI><a href="#[2824bc0]">SysCtlDelay</a>&nbsp;&nbsp;&nbsp;&rArr;&nbsp;&nbsp;&nbsp;<a href="#[2824bc0]">SysCtlDelay</a><BR>
 <LI><a href="#[168ef34]">SSIDataPut</a>&nbsp;&nbsp;&nbsp;&rArr;&nbsp;&nbsp;&nbsp;<a href="#[168ef34]">SSIDataPut</a><BR>
 <LI><a href="#[168ec28]">NmiSR</a>&nbsp;&nbsp;&nbsp;&rArr;&nbsp;&nbsp;&nbsp;<a href="#[168ec28]">NmiSR</a><BR>
 <LI><a href="#[168ebec]">FaultISR</a>&nbsp;&nbsp;&nbsp;&rArr;&nbsp;&nbsp;&nbsp;<a href="#[168ebec]">FaultISR</a><BR>
 <LI><a href="#[168ebb0]">IntDefaultHandler</a>&nbsp;&nbsp;&nbsp;&rArr;&nbsp;&nbsp;&nbsp;<a href="#[168ebb0]">IntDefaultHandler</a><BR>
</UL>
<P>
<H3>
Function Pointers
</H3><UL>
 <LI><a href="#[168ea48]">Reset_Handler</a>
 <LI><a href="#[168ec28]">NmiSR</a>
 <LI><a href="#[168ebec]">FaultISR</a>
 <LI><a href="#[168ebb0]">IntDefaultHandler</a>
 <LI><a href="#[168ebb0]">IntDefaultHandler</a>
 <LI><a href="#[168ebb0]">IntDefaultHandler</a>
 <LI><a href="#[168ebb0]">IntDefaultHandler</a>
 <LI><a href="#[168ebb0]">IntDefaultHandler</a>
 <LI><a href="#[168ebb0]">IntDefaultHandler</a>
 <LI><a href="#[168ebb0]">IntDefaultHandler</a>
 <LI><a href="#[168ebb0]">IntDefaultHandler</a>
 <LI><a href="#[168ebb0]">IntDefaultHandler</a>
 <LI><a href="#[168ebb0]">IntDefaultHandler</a>
 <LI><a href="#[168ebb0]">IntDefaultHandler</a>
 <LI><a href="#[168ebb0]">IntDefaultHandler</a>
 <LI><a href="#[168ebb0]">IntDefaultHandler</a>
 <LI><a href="#[168ebb0]">IntDefaultHandler</a>
 <LI><a href="#[168ebb0]">IntDefaultHandler</a>
 <LI><a href="#[168ebb0]">IntDefaultHandler</a>
 <LI><a href="#[168ebb0]">IntDefaultHandler</a>
 <LI><a href="#[168ebb0]">IntDefaultHandler</a>
 <LI><a href="#[168ebb0]">IntDefaultHandler</a>
 <LI><a href="#[168ebb0]">IntDefaultHandler</a>
 <LI><a href="#[168ebb0]">IntDefaultHandler</a>
 <LI><a href="#[168ebb0]">IntDefaultHandler</a>
 <LI><a href="#[168ebb0]">IntDefaultHandler</a>
 <LI><a href="#[168ebb0]">IntDefaultHandler</a>
 <LI><a href="#[168ebb0]">IntDefaultHandler</a>
 <LI><a href="#[168ebb0]">IntDefaultHandler</a>
 <LI><a href="#[168ebb0]">IntDefaultHandler</a>
 <LI><a href="#[168ebb0]">IntDefaultHandler</a>
 <LI><a href="#[168ebb0]">IntDefaultHandler</a>
 <LI><a href="#[168ebb0]">IntDefaultHandler</a>
 <LI><a href="#[168ebb0]">IntDefaultHandler</a>
 <LI><a href="#[168ebb0]">IntDefaultHandler</a>
 <LI><a href="#[168ebb0]">IntDefaultHandler</a>
 <LI><a href="#[168ebb0]">IntDefaultHandler</a>
 <LI><a href="#[168ebb0]">IntDefaultHandler</a>
 <LI><a href="#[168ebb0]">IntDefaultHandler</a>
 <LI><a href="#[168ebb0]">IntDefaultHandler</a>
 <LI><a href="#[168ebb0]">IntDefaultHandler</a>
 <LI><a href="#[168ebb0]">IntDefaultHandler</a>
 <LI><a href="#[168ebb0]">IntDefaultHandler</a>
 <LI><a href="#[168ebb0]">IntDefaultHandler</a>
 <LI><a href="#[168ebb0]">IntDefaultHandler</a>
 <LI><a href="#[168ebb0]">IntDefaultHandler</a>
 <LI><a href="#[168ebb0]">IntDefaultHandler</a>
 <LI><a href="#[168ebb0]">IntDefaultHandler</a>
 <LI><a href="#[168ebb0]">IntDefaultHandler</a>
 <LI><a href="#[168ebb0]">IntDefaultHandler</a>
 <LI><a href="#[168ebb0]">IntDefaultHandler</a>
 <LI><a href="#[168ebb0]">IntDefaultHandler</a>
 <LI><a href="#[168ebb0]">IntDefaultHandler</a>
 <LI><a href="#[168ebb0]">IntDefaultHandler</a>
 <LI><a href="#[1690bcc]">main</a>
</UL>
<P>
<H3>
Global Symbols
</H3>
<P><STRONG><a name="[168ea48]"></a>Reset_Handler</STRONG> (Thumb, 0 bytes, Stack size unknown bytes, startup_rvmdk.o(RESET))
<BR><BR>[Calls]<UL><LI><a href="#[281e194]">&gt;&gt;</a>&nbsp;&nbsp;&nbsp;__main
</UL>

<P><STRONG><a name="[281e194]"></a>__main</STRONG> (Thumb, 0 bytes, Stack size unknown bytes, entry.o(.ARM.Collect$$$$00000000))
<BR><BR>[Called By]<UL><LI><a href="#[168ea48]">&gt;&gt;</a>&nbsp;&nbsp;&nbsp;Reset_Handler
</UL>

<P><STRONG><a name="[281db7c]"></a>_main_stk</STRONG> (Thumb, 0 bytes, Stack size unknown bytes, entry2.o(.ARM.Collect$$$$00000001))

<P><STRONG><a name="[281da50]"></a>_main_scatterload</STRONG> (Thumb, 0 bytes, Stack size unknown bytes, entry5.o(.ARM.Collect$$$$00000004))
<BR><BR>[Calls]<UL><LI><a href="#[281d7f8]">&gt;&gt;</a>&nbsp;&nbsp;&nbsp;__scatterload
</UL>

<P><STRONG><a name="[281da14]"></a>__main_after_scatterload</STRONG> (Thumb, 0 bytes, Stack size unknown bytes, entry5.o(.ARM.Collect$$$$00000004))
<BR><BR>[Called By]<UL><LI><a href="#[281d7f8]">&gt;&gt;</a>&nbsp;&nbsp;&nbsp;__scatterload
</UL>

<P><STRONG><a name="[281d924]"></a>_main_init</STRONG> (Thumb, 0 bytes, Stack size unknown bytes, entry7.o(.ARM.Collect$$$$00000007))

<P><STRONG><a name="[2824bc0]"></a>SysCtlDelay</STRONG> (Thumb, 6 bytes, Stack size 0 bytes, sysctl.o(.emb_text))
<BR><BR>[Calls]<UL><LI><a href="#[2824bc0]">&gt;&gt;</a>&nbsp;&nbsp;&nbsp;SysCtlDelay
</UL>
<BR>[Called By]<UL><LI><a href="#[16908c0]">&gt;&gt;</a>&nbsp;&nbsp;&nbsp;SysCtlClockSet
<LI><a href="#[2824bc0]">&gt;&gt;</a>&nbsp;&nbsp;&nbsp;SysCtlDelay
</UL>

<P><STRONG><a name="[281dec4]"></a>strncpy</STRONG> (Thumb, 24 bytes, Stack size 8 bytes, strncpy.o(.text))
<BR><BR>[Stack]<UL><LI>Max Depth = 8<LI>Call Chain = strncpy
</UL>
<BR>[Called By]<UL><LI><a href="#[168d800]">&gt;&gt;</a>&nbsp;&nbsp;&nbsp;uvsnprintf
</UL>

<P><STRONG><a name="[281d7f8]"></a>__scatterload</STRONG> (Thumb, 28 bytes, Stack size 0 bytes, init.o(.text))
<BR><BR>[Calls]<UL><LI><a href="#[281da14]">&gt;&gt;</a>&nbsp;&nbsp;&nbsp;__main_after_scatterload
</UL>
<BR>[Called By]<UL><LI><a href="#[281da50]">&gt;&gt;</a>&nbsp;&nbsp;&nbsp;_main_scatterload
</UL>

<P><STRONG><a name="[281d7bc]"></a>__scatterload_rt2</STRONG> (Thumb, 0 bytes, Stack size 0 bytes, init.o(.text), UNUSED)

<P><STRONG><a name="[1690b90]"></a>EthernetConfigSet</STRONG> (Thumb, 42 bytes, Stack size 0 bytes, ethernet.o(i.EthernetConfigSet))
<BR><BR>[Called By]<UL><LI><a href="#[1690bcc]">&gt;&gt;</a>&nbsp;&nbsp;&nbsp;main
</UL>

<P><STRONG><a name="[1690b54]"></a>EthernetEnable</STRONG> (Thumb, 34 bytes, Stack size 0 bytes, ethernet.o(i.EthernetEnable))
<BR><BR>[Called By]<UL><LI><a href="#[1690bcc]">&gt;&gt;</a>&nbsp;&nbsp;&nbsp;main
</UL>

<P><STRONG><a name="[1690b18]"></a>EthernetInitExpClk</STRONG> (Thumb, 12 bytes, Stack size 0 bytes, ethernet.o(i.EthernetInitExpClk))
<BR><BR>[Called By]<UL><LI><a href="#[1690bcc]">&gt;&gt;</a>&nbsp;&nbsp;&nbsp;main
</UL>

<P><STRONG><a name="[1690adc]"></a>EthernetIntClear</STRONG> (Thumb, 4 bytes, Stack size 0 bytes, ethernet.o(i.EthernetIntClear))
<BR><BR>[Called By]<UL><LI><a href="#[1690bcc]">&gt;&gt;</a>&nbsp;&nbsp;&nbsp;main
</UL>

<P><STRONG><a name="[1690aa0]"></a>EthernetIntDisable</STRONG> (Thumb, 10 bytes, Stack size 0 bytes, ethernet.o(i.EthernetIntDisable))
<BR><BR>[Called By]<UL><LI><a href="#[1690bcc]">&gt;&gt;</a>&nbsp;&nbsp;&nbsp;main
</UL>

<P><STRONG><a name="[1690a64]"></a>EthernetIntStatus</STRONG> (Thumb, 14 bytes, Stack size 0 bytes, ethernet.o(i.EthernetIntStatus))
<BR><BR>[Called By]<UL><LI><a href="#[1690bcc]">&gt;&gt;</a>&nbsp;&nbsp;&nbsp;main
</UL>

<P><STRONG><a name="[1690a28]"></a>EthernetMACAddrSet</STRONG> (Thumb, 54 bytes, Stack size 4 bytes, ethernet.o(i.EthernetMACAddrSet))
<BR><BR>[Stack]<UL><LI>Max Depth = 4<LI>Call Chain = EthernetMACAddrSet
</UL>
<BR>[Called By]<UL><LI><a href="#[1690bcc]">&gt;&gt;</a>&nbsp;&nbsp;&nbsp;main
</UL>

<P><STRONG><a name="[16909ec]"></a>FlashUserGet</STRONG> (Thumb, 48 bytes, Stack size 0 bytes, flash.o(i.FlashUserGet))
<BR><BR>[Called By]<UL><LI><a href="#[1690bcc]">&gt;&gt;</a>&nbsp;&nbsp;&nbsp;main
</UL>

<P><STRONG><a name="[16855ec]"></a>GPIODirModeSet</STRONG> (Thumb, 40 bytes, Stack size 0 bytes, gpio.o(i.GPIODirModeSet))
<BR><BR>[Called By]<UL><LI><a href="#[168f060]">&gt;&gt;</a>&nbsp;&nbsp;&nbsp;GPIOPinTypeSSI
<LI><a href="#[168f09c]">&gt;&gt;</a>&nbsp;&nbsp;&nbsp;GPIOPinTypeGPIOOutput
<LI><a href="#[16909b0]">&gt;&gt;</a>&nbsp;&nbsp;&nbsp;GPIOPinTypeUART
</UL>

<P><STRONG><a name="[168f0d8]"></a>GPIOPadConfigSet</STRONG> (Thumb, 176 bytes, Stack size 0 bytes, gpio.o(i.GPIOPadConfigSet))
<BR><BR>[Called By]<UL><LI><a href="#[168f060]">&gt;&gt;</a>&nbsp;&nbsp;&nbsp;GPIOPinTypeSSI
<LI><a href="#[168f09c]">&gt;&gt;</a>&nbsp;&nbsp;&nbsp;GPIOPinTypeGPIOOutput
<LI><a href="#[168f150]">&gt;&gt;</a>&nbsp;&nbsp;&nbsp;RIT128x96x4Enable
<LI><a href="#[1690974]">&gt;&gt;</a>&nbsp;&nbsp;&nbsp;RIT128x96x4Init
<LI><a href="#[16909b0]">&gt;&gt;</a>&nbsp;&nbsp;&nbsp;GPIOPinTypeUART
</UL>

<P><STRONG><a name="[168f09c]"></a>GPIOPinTypeGPIOOutput</STRONG> (Thumb, 28 bytes, Stack size 12 bytes, gpio.o(i.GPIOPinTypeGPIOOutput))
<BR><BR>[Stack]<UL><LI>Max Depth = 12<LI>Call Chain = GPIOPinTypeGPIOOutput
</UL>
<BR>[Calls]<UL><LI><a href="#[16855ec]">&gt;&gt;</a>&nbsp;&nbsp;&nbsp;GPIODirModeSet
<LI><a href="#[168f0d8]">&gt;&gt;</a>&nbsp;&nbsp;&nbsp;GPIOPadConfigSet
</UL>
<BR>[Called By]<UL><LI><a href="#[1690974]">&gt;&gt;</a>&nbsp;&nbsp;&nbsp;RIT128x96x4Init
</UL>

<P><STRONG><a name="[168f060]"></a>GPIOPinTypeSSI</STRONG> (Thumb, 28 bytes, Stack size 12 bytes, gpio.o(i.GPIOPinTypeSSI))
<BR><BR>[Stack]<UL><LI>Max Depth = 12<LI>Call Chain = GPIOPinTypeSSI
</UL>
<BR>[Calls]<UL><LI><a href="#[16855ec]">&gt;&gt;</a>&nbsp;&nbsp;&nbsp;GPIODirModeSet
<LI><a href="#[168f0d8]">&gt;&gt;</a>&nbsp;&nbsp;&nbsp;GPIOPadConfigSet
</UL>
<BR>[Called By]<UL><LI><a href="#[168f150]">&gt;&gt;</a>&nbsp;&nbsp;&nbsp;RIT128x96x4Enable
<LI><a href="#[1690974]">&gt;&gt;</a>&nbsp;&nbsp;&nbsp;RIT128x96x4Init
</UL>

<P><STRONG><a name="[16909b0]"></a>GPIOPinTypeUART</STRONG> (Thumb, 28 bytes, Stack size 12 bytes, gpio.o(i.GPIOPinTypeUART))
<BR><BR>[Stack]<UL><LI>Max Depth = 12<LI>Call Chain = GPIOPinTypeUART
</UL>
<BR>[Calls]<UL><LI><a href="#[16855ec]">&gt;&gt;</a>&nbsp;&nbsp;&nbsp;GPIODirModeSet
<LI><a href="#[168f0d8]">&gt;&gt;</a>&nbsp;&nbsp;&nbsp;GPIOPadConfigSet
</UL>
<BR>[Called By]<UL><LI><a href="#[1690bcc]">&gt;&gt;</a>&nbsp;&nbsp;&nbsp;main
</UL>

<P><STRONG><a name="[168f024]"></a>GPIOPinWrite</STRONG> (Thumb, 6 bytes, Stack size 0 bytes, gpio.o(i.GPIOPinWrite))
<BR><BR>[Called By]<UL><LI><a href="#[168f63c]">&gt;&gt;</a>&nbsp;&nbsp;&nbsp;RITWriteData
<LI><a href="#[168f678]">&gt;&gt;</a>&nbsp;&nbsp;&nbsp;RITWriteCommand
<LI><a href="#[1690974]">&gt;&gt;</a>&nbsp;&nbsp;&nbsp;RIT128x96x4Init
</UL>

<P><STRONG><a name="[168f240]"></a>RIT128x96x4Clear</STRONG> (Thumb, 64 bytes, Stack size 16 bytes, rit128x96x4.o(i.RIT128x96x4Clear))
<BR><BR>[Stack]<UL><LI>Max Depth = 40<LI>Call Chain = RIT128x96x4Clear &rArr; RITWriteData
</UL>
<BR>[Calls]<UL><LI><a href="#[168f63c]">&gt;&gt;</a>&nbsp;&nbsp;&nbsp;RITWriteData
<LI><a href="#[168f678]">&gt;&gt;</a>&nbsp;&nbsp;&nbsp;RITWriteCommand
</UL>
<BR>[Called By]<UL><LI><a href="#[1690974]">&gt;&gt;</a>&nbsp;&nbsp;&nbsp;RIT128x96x4Init
</UL>

<P><STRONG><a name="[168f150]"></a>RIT128x96x4Enable</STRONG> (Thumb, 90 bytes, Stack size 24 bytes, rit128x96x4.o(i.RIT128x96x4Enable))
<BR><BR>[Stack]<UL><LI>Max Depth = 36<LI>Call Chain = RIT128x96x4Enable &rArr; GPIOPinTypeSSI
</UL>
<BR>[Calls]<UL><LI><a href="#[168eebc]">&gt;&gt;</a>&nbsp;&nbsp;&nbsp;SSIEnable
<LI><a href="#[168eef8]">&gt;&gt;</a>&nbsp;&nbsp;&nbsp;SSIDisable
<LI><a href="#[168efac]">&gt;&gt;</a>&nbsp;&nbsp;&nbsp;SSIConfigSetExpClk
<LI><a href="#[168f060]">&gt;&gt;</a>&nbsp;&nbsp;&nbsp;GPIOPinTypeSSI
<LI><a href="#[168f0d8]">&gt;&gt;</a>&nbsp;&nbsp;&nbsp;GPIOPadConfigSet
<LI><a href="#[16908fc]">&gt;&gt;</a>&nbsp;&nbsp;&nbsp;SysCtlClockGet
</UL>
<BR>[Called By]<UL><LI><a href="#[1690974]">&gt;&gt;</a>&nbsp;&nbsp;&nbsp;RIT128x96x4Init
</UL>

<P><STRONG><a name="[1690974]"></a>RIT128x96x4Init</STRONG> (Thumb, 140 bytes, Stack size 16 bytes, rit128x96x4.o(i.RIT128x96x4Init))
<BR><BR>[Stack]<UL><LI>Max Depth = 56<LI>Call Chain = RIT128x96x4Init &rArr; RIT128x96x4Clear &rArr; RITWriteData
</UL>
<BR>[Calls]<UL><LI><a href="#[168f024]">&gt;&gt;</a>&nbsp;&nbsp;&nbsp;GPIOPinWrite
<LI><a href="#[168f060]">&gt;&gt;</a>&nbsp;&nbsp;&nbsp;GPIOPinTypeSSI
<LI><a href="#[168f09c]">&gt;&gt;</a>&nbsp;&nbsp;&nbsp;GPIOPinTypeGPIOOutput
<LI><a href="#[168f0d8]">&gt;&gt;</a>&nbsp;&nbsp;&nbsp;GPIOPadConfigSet
<LI><a href="#[168f150]">&gt;&gt;</a>&nbsp;&nbsp;&nbsp;RIT128x96x4Enable
<LI><a href="#[168f240]">&gt;&gt;</a>&nbsp;&nbsp;&nbsp;RIT128x96x4Clear
<LI><a href="#[168f678]">&gt;&gt;</a>&nbsp;&nbsp;&nbsp;RITWriteCommand
<LI><a href="#[1690884]">&gt;&gt;</a>&nbsp;&nbsp;&nbsp;SysCtlPeripheralEnable
</UL>
<BR>[Called By]<UL><LI><a href="#[1690bcc]">&gt;&gt;</a>&nbsp;&nbsp;&nbsp;main
</UL>

<P><STRONG><a name="[1690938]"></a>RIT128x96x4StringDraw</STRONG> (Thumb, 184 bytes, Stack size 40 bytes, rit128x96x4.o(i.RIT128x96x4StringDraw))
<BR><BR>[Stack]<UL><LI>Max Depth = 64<LI>Call Chain = RIT128x96x4StringDraw &rArr; RITWriteData
</UL>
<BR>[Calls]<UL><LI><a href="#[168f63c]">&gt;&gt;</a>&nbsp;&nbsp;&nbsp;RITWriteData
<LI><a href="#[168f678]">&gt;&gt;</a>&nbsp;&nbsp;&nbsp;RITWriteCommand
</UL>
<BR>[Called By]<UL><LI><a href="#[1690bcc]">&gt;&gt;</a>&nbsp;&nbsp;&nbsp;main
</UL>

<P><STRONG><a name="[168efe8]"></a>SSIBusy</STRONG> (Thumb, 8 bytes, Stack size 0 bytes, ssi.o(i.SSIBusy))
<BR><BR>[Called By]<UL><LI><a href="#[168f63c]">&gt;&gt;</a>&nbsp;&nbsp;&nbsp;RITWriteData
<LI><a href="#[168f678]">&gt;&gt;</a>&nbsp;&nbsp;&nbsp;RITWriteCommand
</UL>

<P><STRONG><a name="[168efac]"></a>SSIConfigSetExpClk</STRONG> (Thumb, 76 bytes, Stack size 8 bytes, ssi.o(i.SSIConfigSetExpClk))
<BR><BR>[Stack]<UL><LI>Max Depth = 8<LI>Call Chain = SSIConfigSetExpClk
</UL>
<BR>[Called By]<UL><LI><a href="#[168f150]">&gt;&gt;</a>&nbsp;&nbsp;&nbsp;RIT128x96x4Enable
</UL>

<P><STRONG><a name="[168ef34]"></a>SSIDataPut</STRONG> (Thumb, 12 bytes, Stack size 0 bytes, ssi.o(i.SSIDataPut))
<BR><BR>[Calls]<UL><LI><a href="#[168ef34]">&gt;&gt;</a>&nbsp;&nbsp;&nbsp;SSIDataPut
</UL>
<BR>[Called By]<UL><LI><a href="#[168ef34]">&gt;&gt;</a>&nbsp;&nbsp;&nbsp;SSIDataPut
<LI><a href="#[168f63c]">&gt;&gt;</a>&nbsp;&nbsp;&nbsp;RITWriteData
<LI><a href="#[168f678]">&gt;&gt;</a>&nbsp;&nbsp;&nbsp;RITWriteCommand
</UL>

<P><STRONG><a name="[168eef8]"></a>SSIDisable</STRONG> (Thumb, 10 bytes, Stack size 0 bytes, ssi.o(i.SSIDisable))
<BR><BR>[Called By]<UL><LI><a href="#[168f150]">&gt;&gt;</a>&nbsp;&nbsp;&nbsp;RIT128x96x4Enable
</UL>

<P><STRONG><a name="[168eebc]"></a>SSIEnable</STRONG> (Thumb, 10 bytes, Stack size 0 bytes, ssi.o(i.SSIEnable))
<BR><BR>[Called By]<UL><LI><a href="#[168f150]">&gt;&gt;</a>&nbsp;&nbsp;&nbsp;RIT128x96x4Enable
</UL>

<P><STRONG><a name="[16908fc]"></a>SysCtlClockGet</STRONG> (Thumb, 438 bytes, Stack size 8 bytes, sysctl.o(i.SysCtlClockGet))
<BR><BR>[Stack]<UL><LI>Max Depth = 8<LI>Call Chain = SysCtlClockGet
</UL>
<BR>[Called By]<UL><LI><a href="#[168f150]">&gt;&gt;</a>&nbsp;&nbsp;&nbsp;RIT128x96x4Enable
<LI><a href="#[1690bcc]">&gt;&gt;</a>&nbsp;&nbsp;&nbsp;main
</UL>

<P><STRONG><a name="[16908c0]"></a>SysCtlClockSet</STRONG> (Thumb, 288 bytes, Stack size 24 bytes, sysctl.o(i.SysCtlClockSet))
<BR><BR>[Stack]<UL><LI>Max Depth = 24<LI>Call Chain = SysCtlClockSet
</UL>
<BR>[Calls]<UL><LI><a href="#[2824bc0]">&gt;&gt;</a>&nbsp;&nbsp;&nbsp;SysCtlDelay
</UL>
<BR>[Called By]<UL><LI><a href="#[1690bcc]">&gt;&gt;</a>&nbsp;&nbsp;&nbsp;main
</UL>

<P><STRONG><a name="[1690884]"></a>SysCtlPeripheralEnable</STRONG> (Thumb, 26 bytes, Stack size 0 bytes, sysctl.o(i.SysCtlPeripheralEnable))
<BR><BR>[Called By]<UL><LI><a href="#[1690974]">&gt;&gt;</a>&nbsp;&nbsp;&nbsp;RIT128x96x4Init
<LI><a href="#[1690bcc]">&gt;&gt;</a>&nbsp;&nbsp;&nbsp;main
</UL>

<P><STRONG><a name="[1690848]"></a>UARTConfigSetExpClk</STRONG> (Thumb, 110 bytes, Stack size 0 bytes, uart.o(i.UARTConfigSetExpClk))
<BR><BR>[Calls]<UL><LI><a href="#[1690848]">&gt;&gt;</a>&nbsp;&nbsp;&nbsp;UARTConfigSetExpClk
</UL>
<BR>[Called By]<UL><LI><a href="#[1690848]">&gt;&gt;</a>&nbsp;&nbsp;&nbsp;UARTConfigSetExpClk
<LI><a href="#[1690bcc]">&gt;&gt;</a>&nbsp;&nbsp;&nbsp;main
</UL>

<P><STRONG><a name="[281d3fc]"></a>__scatterload_copy</STRONG> (Thumb, 14 bytes, Stack size unknown bytes, handlers.o(i.__scatterload_copy), UNUSED)

<P><STRONG><a name="[281d3c0]"></a>__scatterload_null</STRONG> (Thumb, 2 bytes, Stack size unknown bytes, handlers.o(i.__scatterload_null), UNUSED)

<P><STRONG><a name="[281d384]"></a>__scatterload_zeroinit</STRONG> (Thumb, 14 bytes, Stack size unknown bytes, handlers.o(i.__scatterload_zeroinit), UNUSED)

<P><STRONG><a name="[1690bcc]"></a>main</STRONG> (Thumb, 278 bytes, Stack size 40 bytes, boot_demo1.o(i.main))
<BR><BR>[Stack]<UL><LI>Max Depth = 112<LI>Call Chain = main &rArr; usprintf &rArr; uvsnprintf &rArr; strncpy
</UL>
<BR>[Calls]<UL><LI><a href="#[169080c]">&gt;&gt;</a>&nbsp;&nbsp;&nbsp;usprintf
<LI><a href="#[1690848]">&gt;&gt;</a>&nbsp;&nbsp;&nbsp;UARTConfigSetExpClk
<LI><a href="#[1690884]">&gt;&gt;</a>&nbsp;&nbsp;&nbsp;SysCtlPeripheralEnable
<LI><a href="#[16908c0]">&gt;&gt;</a>&nbsp;&nbsp;&nbsp;SysCtlClockSet
<LI><a href="#[16908fc]">&gt;&gt;</a>&nbsp;&nbsp;&nbsp;SysCtlClockGet
<LI><a href="#[1690938]">&gt;&gt;</a>&nbsp;&nbsp;&nbsp;RIT128x96x4StringDraw
<LI><a href="#[1690974]">&gt;&gt;</a>&nbsp;&nbsp;&nbsp;RIT128x96x4Init
<LI><a href="#[16909b0]">&gt;&gt;</a>&nbsp;&nbsp;&nbsp;GPIOPinTypeUART
<LI><a href="#[16909ec]">&gt;&gt;</a>&nbsp;&nbsp;&nbsp;FlashUserGet
<LI><a href="#[1690a28]">&gt;&gt;</a>&nbsp;&nbsp;&nbsp;EthernetMACAddrSet
<LI><a href="#[1690a64]">&gt;&gt;</a>&nbsp;&nbsp;&nbsp;EthernetIntStatus
<LI><a href="#[1690aa0]">&gt;&gt;</a>&nbsp;&nbsp;&nbsp;EthernetIntDisable
<LI><a href="#[1690adc]">&gt;&gt;</a>&nbsp;&nbsp;&nbsp;EthernetIntClear
<LI><a href="#[1690b18]">&gt;&gt;</a>&nbsp;&nbsp;&nbsp;EthernetInitExpClk
<LI><a href="#[1690b54]">&gt;&gt;</a>&nbsp;&nbsp;&nbsp;EthernetEnable
<LI><a href="#[1690b90]">&gt;&gt;</a>&nbsp;&nbsp;&nbsp;EthernetConfigSet
</UL>
<BR>[Address Reference Count : 1]<UL><LI> entry7.o(.ARM.Collect$$$$00000007)
</UL>
<P><STRONG><a name="[169080c]"></a>usprintf</STRONG> (Thumb, 22 bytes, Stack size 24 bytes, ustdlib.o(i.usprintf))
<BR><BR>[Stack]<UL><LI>Max Depth = 72<LI>Call Chain = usprintf &rArr; uvsnprintf &rArr; strncpy
</UL>
<BR>[Calls]<UL><LI><a href="#[168d800]">&gt;&gt;</a>&nbsp;&nbsp;&nbsp;uvsnprintf
</UL>
<BR>[Called By]<UL><LI><a href="#[1690bcc]">&gt;&gt;</a>&nbsp;&nbsp;&nbsp;main
</UL>

<P><STRONG><a name="[168d800]"></a>uvsnprintf</STRONG> (Thumb, 572 bytes, Stack size 40 bytes, ustdlib.o(i.uvsnprintf))
<BR><BR>[Stack]<UL><LI>Max Depth = 48<LI>Call Chain = uvsnprintf &rArr; strncpy
</UL>
<BR>[Calls]<UL><LI><a href="#[281dec4]">&gt;&gt;</a>&nbsp;&nbsp;&nbsp;strncpy
</UL>
<BR>[Called By]<UL><LI><a href="#[169080c]">&gt;&gt;</a>&nbsp;&nbsp;&nbsp;usprintf
</UL>
<P>
<H3>
Local Symbols
</H3>
<P><STRONG><a name="[168f678]"></a>RITWriteCommand</STRONG> (Thumb, 92 bytes, Stack size 24 bytes, rit128x96x4.o(i.RITWriteCommand))
<BR><BR>[Stack]<UL><LI>Max Depth = 24<LI>Call Chain = RITWriteCommand
</UL>
<BR>[Calls]<UL><LI><a href="#[168ef34]">&gt;&gt;</a>&nbsp;&nbsp;&nbsp;SSIDataPut
<LI><a href="#[168efe8]">&gt;&gt;</a>&nbsp;&nbsp;&nbsp;SSIBusy
<LI><a href="#[168f024]">&gt;&gt;</a>&nbsp;&nbsp;&nbsp;GPIOPinWrite
</UL>
<BR>[Called By]<UL><LI><a href="#[168f240]">&gt;&gt;</a>&nbsp;&nbsp;&nbsp;RIT128x96x4Clear
<LI><a href="#[1690938]">&gt;&gt;</a>&nbsp;&nbsp;&nbsp;RIT128x96x4StringDraw
<LI><a href="#[1690974]">&gt;&gt;</a>&nbsp;&nbsp;&nbsp;RIT128x96x4Init
</UL>

<P><STRONG><a name="[168f63c]"></a>RITWriteData</STRONG> (Thumb, 92 bytes, Stack size 24 bytes, rit128x96x4.o(i.RITWriteData))
<BR><BR>[Stack]<UL><LI>Max Depth = 24<LI>Call Chain = RITWriteData
</UL>
<BR>[Calls]<UL><LI><a href="#[168ef34]">&gt;&gt;</a>&nbsp;&nbsp;&nbsp;SSIDataPut
<LI><a href="#[168efe8]">&gt;&gt;</a>&nbsp;&nbsp;&nbsp;SSIBusy
<LI><a href="#[168f024]">&gt;&gt;</a>&nbsp;&nbsp;&nbsp;GPIOPinWrite
</UL>
<BR>[Called By]<UL><LI><a href="#[168f240]">&gt;&gt;</a>&nbsp;&nbsp;&nbsp;RIT128x96x4Clear
<LI><a href="#[1690938]">&gt;&gt;</a>&nbsp;&nbsp;&nbsp;RIT128x96x4StringDraw
</UL>

<P><STRONG><a name="[168ec28]"></a>NmiSR</STRONG> (Thumb, 0 bytes, Stack size unknown bytes, startup_rvmdk.o(RESET))
<BR><BR>[Calls]<UL><LI><a href="#[168ec28]">&gt;&gt;</a>&nbsp;&nbsp;&nbsp;NmiSR
</UL>
<BR>[Called By]<UL><LI><a href="#[168ec28]">&gt;&gt;</a>&nbsp;&nbsp;&nbsp;NmiSR
</UL>
<BR>[Address Reference Count : 1]<UL><LI> startup_rvmdk.o(RESET)
</UL>
<P><STRONG><a name="[168ebec]"></a>FaultISR</STRONG> (Thumb, 0 bytes, Stack size unknown bytes, startup_rvmdk.o(RESET))
<BR><BR>[Calls]<UL><LI><a href="#[168ebec]">&gt;&gt;</a>&nbsp;&nbsp;&nbsp;FaultISR
</UL>
<BR>[Called By]<UL><LI><a href="#[168ebec]">&gt;&gt;</a>&nbsp;&nbsp;&nbsp;FaultISR
</UL>
<BR>[Address Reference Count : 1]<UL><LI> startup_rvmdk.o(RESET)
</UL>
<P><STRONG><a name="[168ebb0]"></a>IntDefaultHandler</STRONG> (Thumb, 0 bytes, Stack size unknown bytes, startup_rvmdk.o(RESET))
<BR><BR>[Calls]<UL><LI><a href="#[168ebb0]">&gt;&gt;</a>&nbsp;&nbsp;&nbsp;IntDefaultHandler
</UL>
<BR>[Called By]<UL><LI><a href="#[168ebb0]">&gt;&gt;</a>&nbsp;&nbsp;&nbsp;IntDefaultHandler
</UL>
<BR>[Address Reference Count : 1]<UL><LI> startup_rvmdk.o(RESET)
</UL><P>
<H3>
Undefined Global Symbols
</H3><HR></body></html>
