<!doctype html public "-//w3c//dtd html 4.0 transitional//en">
<html><head>
<title>Static Call Graph - [.\rvmdk\blinky.axf]</title></head>
<body><HR>
<H1>Static Call Graph for image .\rvmdk\blinky.axf</H1><HR>
<BR><P>#&#060CALLGRAPH&#062# ARM Linker, RVCT4.0 [Build 728]: Last Updated: Sun Jul 04 10:51:46 2010
<BR><P>
<H3>Maximum Stack Usage =         16 bytes + Unknown(Functions without stacksize, Cycles, Untraceable Function Pointers)</H3><H3>
Call chain for Maximum Stack Depth:</H3>
main
<P>
<H3>
Functions with no stack information
</H3><UL>
 <LI><a href="#[1758130]">Reset_Handler</a>
 <LI><a href="#[1758310]">NmiSR</a>
 <LI><a href="#[17582d4]">FaultISR</a>
 <LI><a href="#[1758298]">IntDefaultHandler</a>
</UL>
</UL>
<P>
<H3>
Mutually Recursive functions
</H3> <LI><a href="#[1758310]">NmiSR</a>&nbsp;&nbsp;&nbsp;&rArr;&nbsp;&nbsp;&nbsp;<a href="#[1758310]">NmiSR</a><BR>
 <LI><a href="#[17582d4]">FaultISR</a>&nbsp;&nbsp;&nbsp;&rArr;&nbsp;&nbsp;&nbsp;<a href="#[17582d4]">FaultISR</a><BR>
 <LI><a href="#[1758298]">IntDefaultHandler</a>&nbsp;&nbsp;&nbsp;&rArr;&nbsp;&nbsp;&nbsp;<a href="#[1758298]">IntDefaultHandler</a><BR>
</UL>
<P>
<H3>
Function Pointers
</H3><UL>
 <LI><a href="#[1758130]">Reset_Handler</a>
 <LI><a href="#[1758310]">NmiSR</a>
 <LI><a href="#[17582d4]">FaultISR</a>
 <LI><a href="#[1758298]">IntDefaultHandler</a>
 <LI><a href="#[1758298]">IntDefaultHandler</a>
 <LI><a href="#[1758298]">IntDefaultHandler</a>
 <LI><a href="#[1758298]">IntDefaultHandler</a>
 <LI><a href="#[1758298]">IntDefaultHandler</a>
 <LI><a href="#[1758298]">IntDefaultHandler</a>
 <LI><a href="#[1758298]">IntDefaultHandler</a>
 <LI><a href="#[1758298]">IntDefaultHandler</a>
 <LI><a href="#[1758298]">IntDefaultHandler</a>
 <LI><a href="#[1758298]">IntDefaultHandler</a>
 <LI><a href="#[1758298]">IntDefaultHandler</a>
 <LI><a href="#[1758298]">IntDefaultHandler</a>
 <LI><a href="#[1758298]">IntDefaultHandler</a>
 <LI><a href="#[1758298]">IntDefaultHandler</a>
 <LI><a href="#[1758298]">IntDefaultHandler</a>
 <LI><a href="#[1758298]">IntDefaultHandler</a>
 <LI><a href="#[1758298]">IntDefaultHandler</a>
 <LI><a href="#[1758298]">IntDefaultHandler</a>
 <LI><a href="#[1758298]">IntDefaultHandler</a>
 <LI><a href="#[1758298]">IntDefaultHandler</a>
 <LI><a href="#[1758298]">IntDefaultHandler</a>
 <LI><a href="#[1758298]">IntDefaultHandler</a>
 <LI><a href="#[1758298]">IntDefaultHandler</a>
 <LI><a href="#[1758298]">IntDefaultHandler</a>
 <LI><a href="#[1758298]">IntDefaultHandler</a>
 <LI><a href="#[1758298]">IntDefaultHandler</a>
 <LI><a href="#[1758298]">IntDefaultHandler</a>
 <LI><a href="#[1758298]">IntDefaultHandler</a>
 <LI><a href="#[1758298]">IntDefaultHandler</a>
 <LI><a href="#[1758298]">IntDefaultHandler</a>
 <LI><a href="#[1758298]">IntDefaultHandler</a>
 <LI><a href="#[1758298]">IntDefaultHandler</a>
 <LI><a href="#[1758298]">IntDefaultHandler</a>
 <LI><a href="#[1758298]">IntDefaultHandler</a>
 <LI><a href="#[1758298]">IntDefaultHandler</a>
 <LI><a href="#[1758298]">IntDefaultHandler</a>
 <LI><a href="#[1758298]">IntDefaultHandler</a>
 <LI><a href="#[1758298]">IntDefaultHandler</a>
 <LI><a href="#[1758298]">IntDefaultHandler</a>
 <LI><a href="#[1758298]">IntDefaultHandler</a>
 <LI><a href="#[1758298]">IntDefaultHandler</a>
 <LI><a href="#[1758298]">IntDefaultHandler</a>
 <LI><a href="#[1758298]">IntDefaultHandler</a>
 <LI><a href="#[1758298]">IntDefaultHandler</a>
 <LI><a href="#[1758298]">IntDefaultHandler</a>
 <LI><a href="#[1758298]">IntDefaultHandler</a>
 <LI><a href="#[1758298]">IntDefaultHandler</a>
 <LI><a href="#[1758298]">IntDefaultHandler</a>
 <LI><a href="#[1758298]">IntDefaultHandler</a>
 <LI><a href="#[1758298]">IntDefaultHandler</a>
 <LI><a href="#[1758298]">IntDefaultHandler</a>
 <LI><a href="#[17585a4]">main</a>
</UL>
<P>
<H3>
Global Symbols
</H3>
<P><STRONG><a name="[1758130]"></a>Reset_Handler</STRONG> (Thumb, 0 bytes, Stack size unknown bytes, startup_rvmdk.o(RESET))
<BR><BR>[Calls]<UL><LI><a href="#[1757f8c]">&gt;&gt;</a>&nbsp;&nbsp;&nbsp;__main
</UL>

<P><STRONG><a name="[1757f8c]"></a>__main</STRONG> (Thumb, 0 bytes, Stack size unknown bytes, entry.o(.ARM.Collect$$$$00000000))
<BR><BR>[Called By]<UL><LI><a href="#[1758130]">&gt;&gt;</a>&nbsp;&nbsp;&nbsp;Reset_Handler
</UL>

<P><STRONG><a name="[1757c44]"></a>_main_stk</STRONG> (Thumb, 0 bytes, Stack size unknown bytes, entry2.o(.ARM.Collect$$$$00000001))

<P><STRONG><a name="[1757b18]"></a>_main_scatterload</STRONG> (Thumb, 0 bytes, Stack size unknown bytes, entry5.o(.ARM.Collect$$$$00000004))
<BR><BR>[Calls]<UL><LI><a href="#[17578c0]">&gt;&gt;</a>&nbsp;&nbsp;&nbsp;__scatterload
</UL>

<P><STRONG><a name="[1757adc]"></a>__main_after_scatterload</STRONG> (Thumb, 0 bytes, Stack size unknown bytes, entry5.o(.ARM.Collect$$$$00000004))
<BR><BR>[Called By]<UL><LI><a href="#[17578c0]">&gt;&gt;</a>&nbsp;&nbsp;&nbsp;__scatterload
</UL>

<P><STRONG><a name="[17579ec]"></a>_main_init</STRONG> (Thumb, 0 bytes, Stack size unknown bytes, entry7.o(.ARM.Collect$$$$00000007))

<P><STRONG><a name="[17578c0]"></a>__scatterload</STRONG> (Thumb, 28 bytes, Stack size 0 bytes, init.o(.text))
<BR><BR>[Calls]<UL><LI><a href="#[1757adc]">&gt;&gt;</a>&nbsp;&nbsp;&nbsp;__main_after_scatterload
</UL>
<BR>[Called By]<UL><LI><a href="#[1757b18]">&gt;&gt;</a>&nbsp;&nbsp;&nbsp;_main_scatterload
</UL>

<P><STRONG><a name="[1757884]"></a>__scatterload_rt2</STRONG> (Thumb, 0 bytes, Stack size 0 bytes, init.o(.text), UNUSED)

<P><STRONG><a name="[1757500]"></a>__scatterload_copy</STRONG> (Thumb, 14 bytes, Stack size unknown bytes, handlers.o(i.__scatterload_copy), UNUSED)

<P><STRONG><a name="[17574c4]"></a>__scatterload_null</STRONG> (Thumb, 2 bytes, Stack size unknown bytes, handlers.o(i.__scatterload_null), UNUSED)

<P><STRONG><a name="[1757488]"></a>__scatterload_zeroinit</STRONG> (Thumb, 14 bytes, Stack size unknown bytes, handlers.o(i.__scatterload_zeroinit), UNUSED)

<P><STRONG><a name="[17585a4]"></a>main</STRONG> (Thumb, 76 bytes, Stack size 16 bytes, blinky.o(i.main))
<BR><BR>[Stack]<UL><LI>Max Depth = 16<LI>Call Chain = main
</UL>
<BR>[Address Reference Count : 1]<UL><LI> entry7.o(.ARM.Collect$$$$00000007)
</UL><P>
<H3>
Local Symbols
</H3>
<P><STRONG><a name="[1758310]"></a>NmiSR</STRONG> (Thumb, 0 bytes, Stack size unknown bytes, startup_rvmdk.o(RESET))
<BR><BR>[Calls]<UL><LI><a href="#[1758310]">&gt;&gt;</a>&nbsp;&nbsp;&nbsp;NmiSR
</UL>
<BR>[Called By]<UL><LI><a href="#[1758310]">&gt;&gt;</a>&nbsp;&nbsp;&nbsp;NmiSR
</UL>
<BR>[Address Reference Count : 1]<UL><LI> startup_rvmdk.o(RESET)
</UL>
<P><STRONG><a name="[17582d4]"></a>FaultISR</STRONG> (Thumb, 0 bytes, Stack size unknown bytes, startup_rvmdk.o(RESET))
<BR><BR>[Calls]<UL><LI><a href="#[17582d4]">&gt;&gt;</a>&nbsp;&nbsp;&nbsp;FaultISR
</UL>
<BR>[Called By]<UL><LI><a href="#[17582d4]">&gt;&gt;</a>&nbsp;&nbsp;&nbsp;FaultISR
</UL>
<BR>[Address Reference Count : 1]<UL><LI> startup_rvmdk.o(RESET)
</UL>
<P><STRONG><a name="[1758298]"></a>IntDefaultHandler</STRONG> (Thumb, 0 bytes, Stack size unknown bytes, startup_rvmdk.o(RESET))
<BR><BR>[Calls]<UL><LI><a href="#[1758298]">&gt;&gt;</a>&nbsp;&nbsp;&nbsp;IntDefaultHandler
</UL>
<BR>[Called By]<UL><LI><a href="#[1758298]">&gt;&gt;</a>&nbsp;&nbsp;&nbsp;IntDefaultHandler
</UL>
<BR>[Address Reference Count : 1]<UL><LI> startup_rvmdk.o(RESET)
</UL><P>
<H3>
Undefined Global Symbols
</H3><HR></body></html>
