ARM Linker, RVCT4.0 [Build 728] [Standard]

==============================================================================

Section Cross References

    bl_main.o(i.ConfigureDevice) refers to bl_startup_rvmdk.o(.text) for Delay
    bl_main.o(i.Updater) refers to bl_packet.o(i.ReceivePacket) for ReceivePacket
    bl_main.o(i.Updater) refers to bl_flash.o(i.BLInternalFlashStartAddrCheck) for BLInternalFlashStartAddrCheck
    bl_main.o(i.Updater) refers to bl_packet.o(i.AckPacket) for AckPacket
    bl_main.o(i.Updater) refers to bl_uart.o(i.UARTFlush) for UARTFlush
    bl_main.o(i.Updater) refers to bl_packet.o(i.SendPacket) for SendPacket
    bl_main.o(i.Updater) refers to bl_main.o(.bss) for .bss
    bl_main.o(i.Updater) refers to bl_main.o(.data) for .data
    bl_packet.o(i.AckPacket) refers to bl_uart.o(i.UARTSend) for UARTSend
    bl_packet.o(i.AckPacket) refers to bl_packet.o(.constdata) for .constdata
    bl_packet.o(i.NakPacket) refers to bl_uart.o(i.UARTSend) for UARTSend
    bl_packet.o(i.NakPacket) refers to bl_packet.o(.constdata) for .constdata
    bl_packet.o(i.ReceivePacket) refers to bl_uart.o(i.UARTReceive) for UARTReceive
    bl_packet.o(i.ReceivePacket) refers to bl_packet.o(i.CheckSum) for CheckSum
    bl_packet.o(i.ReceivePacket) refers to bl_packet.o(i.NakPacket) for NakPacket
    bl_packet.o(i.SendPacket) refers to bl_packet.o(i.CheckSum) for CheckSum
    bl_packet.o(i.SendPacket) refers to bl_uart.o(i.UARTSend) for UARTSend
    bl_packet.o(i.SendPacket) refers to bl_uart.o(i.UARTReceive) for UARTReceive
    bl_startup_rvmdk.o(RESET) refers to bl_startup_rvmdk.o(.bss) for g_pulStack
    bl_startup_rvmdk.o(RESET) refers to bl_startup_rvmdk.o(.text) for IntDefaultHandler
    bl_startup_rvmdk.o(.text) refers to bl_check.o(i.CheckForceUpdate) for CheckForceUpdate
    bl_startup_rvmdk.o(.text) refers to bl_main.o(i.ConfigureDevice) for ConfigureDevice
    bl_startup_rvmdk.o(.text) refers to bl_main.o(i.Updater) for Updater
    bl_uart.o(i.UARTSend) refers to bl_uart.o(i.UARTFlush) for UARTFlush


==============================================================================

Removing Unused input sections from the image.

    Removing bl_flash.o(i.BLInternalFlashErase), (24 bytes).
    Removing bl_flash.o(i.BLInternalFlashErrorCheck), (16 bytes).
    Removing bl_flash.o(i.BLInternalFlashErrorClear), (12 bytes).
    Removing bl_flash.o(i.BLInternalFlashProgram), (44 bytes).
    Removing bl_flash.o(i.BLInternalFlashSizeGet), (16 bytes).

5 unused section(s) (total 112 bytes) removed from the image.

==============================================================================

Image Symbol Table

    Local Symbols

    Symbol Name                              Value     Ov Type        Size  Object(Section)

    RESET                                    0x00000000   Section      156  bl_startup_rvmdk.o(RESET)
    ..\..\..\boot_loader\bl_autobaud.c       0x00000000   Number         0  bl_autobaud.o ABSOLUTE
    ..\..\..\boot_loader\bl_can.c            0x00000000   Number         0  bl_can.o ABSOLUTE
    ..\..\..\boot_loader\bl_check.c          0x00000000   Number         0  bl_check.o ABSOLUTE
    ..\..\..\boot_loader\bl_decrypt.c        0x00000000   Number         0  bl_decrypt.o ABSOLUTE
    ..\..\..\boot_loader\bl_enet.c           0x00000000   Number         0  bl_enet.o ABSOLUTE
    ..\..\..\boot_loader\bl_flash.c          0x00000000   Number         0  bl_flash.o ABSOLUTE
    ..\..\..\boot_loader\bl_i2c.c            0x00000000   Number         0  bl_i2c.o ABSOLUTE
    ..\..\..\boot_loader\bl_main.c           0x00000000   Number         0  bl_main.o ABSOLUTE
    ..\..\..\boot_loader\bl_packet.c         0x00000000   Number         0  bl_packet.o ABSOLUTE
    ..\..\..\boot_loader\bl_ssi.c            0x00000000   Number         0  bl_ssi.o ABSOLUTE
    ..\..\..\boot_loader\bl_uart.c           0x00000000   Number         0  bl_uart.o ABSOLUTE
    ..\..\..\boot_loader\bl_usb.c            0x00000000   Number         0  bl_usb.o ABSOLUTE
    ..\..\..\boot_loader\bl_usbfuncs.c       0x00000000   Number         0  bl_usbfuncs.o ABSOLUTE
    ..\\..\\..\\boot_loader\\bl_config.c     0x00000000   Number         0  bl_startup_rvmdk.o ABSOLUTE
    dc.s                                     0x00000000   Number         0  dc.o ABSOLUTE
    NmiSR                                    0x00000081   Thumb Code     0  bl_startup_rvmdk.o(RESET)
    FaultISR                                 0x00000083   Thumb Code     0  bl_startup_rvmdk.o(RESET)
    UpdateHandler                            0x00000085   Thumb Code     0  bl_startup_rvmdk.o(RESET)
    .text                                    0x2000009c   Section       56  bl_startup_rvmdk.o(.text)
    Reset_Handler_In_SRAM                    0x2000009d   Thumb Code     0  bl_startup_rvmdk.o(.text)
    UpdateHandler_In_SRAM                    0x200000c1   Thumb Code     0  bl_startup_rvmdk.o(.text)
    IntDefaultHandler                        0x200000cb   Thumb Code     0  bl_startup_rvmdk.o(.text)
    i.AckPacket                              0x200000d4   Section        0  bl_packet.o(i.AckPacket)
    i.BLInternalFlashStartAddrCheck          0x200000e0   Section        0  bl_flash.o(i.BLInternalFlashStartAddrCheck)
    i.CheckForceUpdate                       0x20000104   Section        0  bl_check.o(i.CheckForceUpdate)
    i.CheckSum                               0x20000130   Section        0  bl_packet.o(i.CheckSum)
    i.ConfigureDevice                        0x20000144   Section        0  bl_main.o(i.ConfigureDevice)
    i.NakPacket                              0x200001b4   Section        0  bl_packet.o(i.NakPacket)
    i.ReceivePacket                          0x200001c0   Section        0  bl_packet.o(i.ReceivePacket)
    i.SendPacket                             0x20000228   Section        0  bl_packet.o(i.SendPacket)
    i.UARTFlush                              0x20000278   Section        0  bl_uart.o(i.UARTFlush)
    i.UARTReceive                            0x2000028c   Section        0  bl_uart.o(i.UARTReceive)
    i.UARTSend                               0x200002a8   Section        0  bl_uart.o(i.UARTSend)
    i.Updater                                0x200002c4   Section        0  bl_main.o(i.Updater)
    .constdata                               0x2000049c   Section        4  bl_packet.o(.constdata)
    g_pucACK                                 0x2000049c   Data           2  bl_packet.o(.constdata)
    g_pucNAK                                 0x2000049e   Data           2  bl_packet.o(.constdata)
    .data                                    0x200004a0   Section       16  bl_main.o(.data)
    .bss                                     0x200004b0   Section       80  bl_main.o(.bss)
    .bss                                     0x20000500   Section      192  bl_startup_rvmdk.o(.bss)
    g_pulStack                               0x20000500   Data           0  bl_startup_rvmdk.o(.bss)

    Global Symbols

    Symbol Name                              Value     Ov Type        Size  Object(Section)

    BuildAttributes$$THM_ISAv4$P$D$K$B$S$PE$A:L22UL41UL21$X:L11$S22US41US21$IEEE1$IW$USESV6$~STKCKD$USESV7$~SHL$OSPACE$EBA8$MICROLIB$REQ8$PRES8$EABIv2 0x00000000   Number         0  anon$$obj.o ABSOLUTE
    __Vectors                                0x00000000   Data           0  bl_startup_rvmdk.o(RESET)
    ProcessorInit                            0x00000045   Thumb Code     0  bl_startup_rvmdk.o(RESET)
    Reset_Handler                            0x00000079   Thumb Code     0  bl_startup_rvmdk.o(RESET)
    StartApplication                         0x200000ab   Thumb Code     0  bl_startup_rvmdk.o(.text)
    Delay                                    0x200000cd   Thumb Code     0  bl_startup_rvmdk.o(.text)
    AckPacket                                0x200000d5   Thumb Code     8  bl_packet.o(i.AckPacket)
    BLInternalFlashStartAddrCheck            0x200000e1   Thumb Code    32  bl_flash.o(i.BLInternalFlashStartAddrCheck)
    CheckForceUpdate                         0x20000105   Thumb Code    40  bl_check.o(i.CheckForceUpdate)
    CheckSum                                 0x20000131   Thumb Code    18  bl_packet.o(i.CheckSum)
    ConfigureDevice                          0x20000145   Thumb Code    98  bl_main.o(i.ConfigureDevice)
    NakPacket                                0x200001b5   Thumb Code     8  bl_packet.o(i.NakPacket)
    ReceivePacket                            0x200001c1   Thumb Code   104  bl_packet.o(i.ReceivePacket)
    SendPacket                               0x20000229   Thumb Code    80  bl_packet.o(i.SendPacket)
    UARTFlush                                0x20000279   Thumb Code    16  bl_uart.o(i.UARTFlush)
    UARTReceive                              0x2000028d   Thumb Code    22  bl_uart.o(i.UARTReceive)
    UARTSend                                 0x200002a9   Thumb Code    24  bl_uart.o(i.UARTSend)
    Updater                                  0x200002c5   Thumb Code   442  bl_main.o(i.Updater)
    g_ucStatus                               0x200004a0   Data           1  bl_main.o(.data)
    g_ulTransferSize                         0x200004a4   Data           4  bl_main.o(.data)
    g_ulTransferAddress                      0x200004a8   Data           4  bl_main.o(.data)
    g_pucDataBuffer                          0x200004ac   Data           4  bl_main.o(.data)
    Image$$SRAM$$ZI$$Base                    0x200004b0   Number         0  bl_main.o(.bss)
    g_pulDataBuffer                          0x200004b0   Data          80  bl_main.o(.bss)
    Image$$SRAM$$ZI$$Limit                   0x200005c0   Number         0  bl_startup_rvmdk.o(.bss)



==============================================================================

Memory Map of the image

  Image Entry point : 0x00000079

  Load Region FLASH (Base: 0x00000000, Size: 0x000004b0, Max: 0x00010000, ABSOLUTE)

    Execution Region RESET (Base: 0x00000000, Size: 0x0000009c, Max: 0x00010000, ABSOLUTE)

    Base Addr    Size         Type   Attr      Idx    E Section Name        Object

    0x00000000   0x0000009c   Code   RO          228  * RESET               bl_startup_rvmdk.o


    Execution Region SRAM (Base: 0x2000009c, Size: 0x00000524, Max: 0x00010000, ABSOLUTE)

    Base Addr    Size         Type   Attr      Idx    E Section Name        Object

    0x2000009c   0x00000038   Code   RO          229    .text               bl_startup_rvmdk.o
    0x200000d4   0x0000000c   Code   RO          184    i.AckPacket         bl_packet.o
    0x200000e0   0x00000024   Code   RO          101    i.BLInternalFlashStartAddrCheck  bl_flash.o
    0x20000104   0x0000002c   Code   RO           63    i.CheckForceUpdate  bl_check.o
    0x20000130   0x00000012   Code   RO          185    i.CheckSum          bl_packet.o
    0x20000142   0x00000002   PAD
    0x20000144   0x00000070   Code   RO          150    i.ConfigureDevice   bl_main.o
    0x200001b4   0x0000000c   Code   RO          186    i.NakPacket         bl_packet.o
    0x200001c0   0x00000068   Code   RO          187    i.ReceivePacket     bl_packet.o
    0x20000228   0x00000050   Code   RO          188    i.SendPacket        bl_packet.o
    0x20000278   0x00000014   Code   RO          235    i.UARTFlush         bl_uart.o
    0x2000028c   0x0000001c   Code   RO          236    i.UARTReceive       bl_uart.o
    0x200002a8   0x0000001c   Code   RO          237    i.UARTSend          bl_uart.o
    0x200002c4   0x000001d8   Code   RO          151    i.Updater           bl_main.o
    0x2000049c   0x00000004   Data   RO          189    .constdata          bl_packet.o
    0x200004a0   0x00000010   Data   RW          153    .data               bl_main.o
    0x200004b0   0x00000050   Zero   RW          152    .bss                bl_main.o
    0x20000500   0x000000c0   Zero   RW          227    .bss                bl_startup_rvmdk.o


==============================================================================

Image component sizes


      Code (inc. data)   RO Data    RW Data    ZI Data      Debug   Object Name

         0          0          0          0          0       1444   bl_autobaud.o
        44          4          0          0          0        595   bl_check.o
        36          4          0          0          0        680   bl_flash.o
       584         50          0         16         80       2942   bl_main.o
       226          8          4          0          0       3774   bl_packet.o
       212         86          0          0        192        648   bl_startup_rvmdk.o
        76         14          0          0          0       2093   bl_uart.o

    ----------------------------------------------------------------------
      1180        166          4         16        272      12176   Object Totals
         0          0          0          0          0          0   (incl. Generated)
         2          0          0          0          0          0   (incl. Padding)

    ----------------------------------------------------------------------
         0          0          0          0          0          0   Library Totals
         0          0          0          0          0          0   (incl. Padding)

    ----------------------------------------------------------------------

==============================================================================


      Code (inc. data)   RO Data    RW Data    ZI Data      Debug   

      1180        166          4         16        272      11776   Grand Totals
      1180        166          4         16        272      11776   ELF Image Totals
      1180        166          4         16          0          0   ROM Totals

==============================================================================

    Total RO  Size (Code + RO Data)                 1184 (   1.16kB)
    Total RW  Size (RW Data + ZI Data)               288 (   0.28kB)
    Total ROM Size (Code + RO Data + RW Data)       1200 (   1.17kB)

==============================================================================

