ARM Linker, RVCT4.0 [Build 728] [Standard]

==============================================================================

Section Cross References

    boot_demo2.o(i.main) refers to sysctl.o(i.SysCtlClockSet) for SysCtlClockSet
    boot_demo2.o(i.main) refers to sysctl.o(i.SysCtlPeripheralEnable) for SysCtlPeripheralEnable
    boot_demo2.o(i.main) refers to gpio.o(i.GPIOPinTypeUART) for GPIOPinTypeUART
    boot_demo2.o(i.main) refers to uart.o(i.UARTConfigSetExpClk) for UARTConfigSetExpClk
    boot_demo2.o(i.main) refers to ethernet.o(i.EthernetIntDisable) for EthernetIntDisable
    boot_demo2.o(i.main) refers to ethernet.o(i.EthernetIntStatus) for EthernetIntStatus
    boot_demo2.o(i.main) refers to ethernet.o(i.EthernetIntClear) for EthernetIntClear
    boot_demo2.o(i.main) refers to sysctl.o(i.SysCtlClockGet) for SysCtlClockGet
    boot_demo2.o(i.main) refers to ethernet.o(i.EthernetInitExpClk) for EthernetInitExpClk
    boot_demo2.o(i.main) refers to ethernet.o(i.EthernetConfigSet) for EthernetConfigSet
    boot_demo2.o(i.main) refers to ethernet.o(i.EthernetEnable) for EthernetEnable
    boot_demo2.o(i.main) refers to flash.o(i.FlashUserGet) for FlashUserGet
    boot_demo2.o(i.main) refers to ethernet.o(i.EthernetMACAddrSet) for EthernetMACAddrSet
    boot_demo2.o(i.main) refers to rit128x96x4.o(i.RIT128x96x4Init) for RIT128x96x4Init
    boot_demo2.o(i.main) refers to rit128x96x4.o(i.RIT128x96x4StringDraw) for RIT128x96x4StringDraw
    boot_demo2.o(i.main) refers to gpio.o(i.GPIODirModeSet) for GPIODirModeSet
    boot_demo2.o(i.main) refers to gpio.o(i.GPIOPadConfigSet) for GPIOPadConfigSet
    boot_demo2.o(i.main) refers to gpio.o(i.GPIOPinRead) for GPIOPinRead
    boot_demo2.o(i.main) refers to uart.o(i.UARTCharGet) for UARTCharGet
    boot_demo2.o(i.main) refers to uart.o(i.UARTCharsAvail) for UARTCharsAvail
    boot_demo2.o(i.main) refers to ustdlib.o(i.usprintf) for usprintf
    boot_demo2.o(i.main) refers to boot_demo2.o(.bss) for .bss
    rit128x96x4.o(i.RIT128x96x4Clear) refers to rit128x96x4.o(i.RITWriteCommand) for RITWriteCommand
    rit128x96x4.o(i.RIT128x96x4Clear) refers to rit128x96x4.o(i.RITWriteData) for RITWriteData
    rit128x96x4.o(i.RIT128x96x4Clear) refers to rit128x96x4.o(.data) for .data
    rit128x96x4.o(i.RIT128x96x4Clear) refers to rit128x96x4.o(.constdata) for .constdata
    rit128x96x4.o(i.RIT128x96x4Disable) refers to ssi.o(i.SSIDataGetNonBlocking) for SSIDataGetNonBlocking
    rit128x96x4.o(i.RIT128x96x4Disable) refers to ssi.o(i.SSIDisable) for SSIDisable
    rit128x96x4.o(i.RIT128x96x4Disable) refers to gpio.o(i.GPIOPinTypeGPIOOutput) for GPIOPinTypeGPIOOutput
    rit128x96x4.o(i.RIT128x96x4Disable) refers to gpio.o(i.GPIOPadConfigSet) for GPIOPadConfigSet
    rit128x96x4.o(i.RIT128x96x4Disable) refers to gpio.o(i.GPIOPinWrite) for GPIOPinWrite
    rit128x96x4.o(i.RIT128x96x4Disable) refers to rit128x96x4.o(.data) for .data
    rit128x96x4.o(i.RIT128x96x4DisplayOff) refers to rit128x96x4.o(i.RITWriteCommand) for RITWriteCommand
    rit128x96x4.o(i.RIT128x96x4DisplayOff) refers to rit128x96x4.o(.constdata) for .constdata
    rit128x96x4.o(i.RIT128x96x4DisplayOn) refers to rit128x96x4.o(i.RITWriteCommand) for RITWriteCommand
    rit128x96x4.o(i.RIT128x96x4DisplayOn) refers to rit128x96x4.o(.constdata) for .constdata
    rit128x96x4.o(i.RIT128x96x4Enable) refers to ssi.o(i.SSIDisable) for SSIDisable
    rit128x96x4.o(i.RIT128x96x4Enable) refers to sysctl.o(i.SysCtlClockGet) for SysCtlClockGet
    rit128x96x4.o(i.RIT128x96x4Enable) refers to ssi.o(i.SSIConfigSetExpClk) for SSIConfigSetExpClk
    rit128x96x4.o(i.RIT128x96x4Enable) refers to gpio.o(i.GPIOPinTypeSSI) for GPIOPinTypeSSI
    rit128x96x4.o(i.RIT128x96x4Enable) refers to gpio.o(i.GPIOPadConfigSet) for GPIOPadConfigSet
    rit128x96x4.o(i.RIT128x96x4Enable) refers to ssi.o(i.SSIEnable) for SSIEnable
    rit128x96x4.o(i.RIT128x96x4Enable) refers to rit128x96x4.o(.data) for .data
    rit128x96x4.o(i.RIT128x96x4ImageDraw) refers to rit128x96x4.o(i.RITWriteCommand) for RITWriteCommand
    rit128x96x4.o(i.RIT128x96x4ImageDraw) refers to rit128x96x4.o(i.RITWriteData) for RITWriteData
    rit128x96x4.o(i.RIT128x96x4ImageDraw) refers to rit128x96x4.o(.data) for .data
    rit128x96x4.o(i.RIT128x96x4ImageDraw) refers to rit128x96x4.o(.constdata) for .constdata
    rit128x96x4.o(i.RIT128x96x4Init) refers to sysctl.o(i.SysCtlPeripheralEnable) for SysCtlPeripheralEnable
    rit128x96x4.o(i.RIT128x96x4Init) refers to gpio.o(i.GPIOPinTypeSSI) for GPIOPinTypeSSI
    rit128x96x4.o(i.RIT128x96x4Init) refers to gpio.o(i.GPIOPadConfigSet) for GPIOPadConfigSet
    rit128x96x4.o(i.RIT128x96x4Init) refers to gpio.o(i.GPIOPinTypeGPIOOutput) for GPIOPinTypeGPIOOutput
    rit128x96x4.o(i.RIT128x96x4Init) refers to gpio.o(i.GPIOPinWrite) for GPIOPinWrite
    rit128x96x4.o(i.RIT128x96x4Init) refers to rit128x96x4.o(i.RIT128x96x4Enable) for RIT128x96x4Enable
    rit128x96x4.o(i.RIT128x96x4Init) refers to rit128x96x4.o(i.RIT128x96x4Clear) for RIT128x96x4Clear
    rit128x96x4.o(i.RIT128x96x4Init) refers to rit128x96x4.o(i.RITWriteCommand) for RITWriteCommand
    rit128x96x4.o(i.RIT128x96x4Init) refers to rit128x96x4.o(.data) for .data
    rit128x96x4.o(i.RIT128x96x4Init) refers to rit128x96x4.o(.constdata) for .constdata
    rit128x96x4.o(i.RIT128x96x4StringDraw) refers to rit128x96x4.o(i.RITWriteCommand) for RITWriteCommand
    rit128x96x4.o(i.RIT128x96x4StringDraw) refers to rit128x96x4.o(i.RITWriteData) for RITWriteData
    rit128x96x4.o(i.RIT128x96x4StringDraw) refers to rit128x96x4.o(.data) for .data
    rit128x96x4.o(i.RIT128x96x4StringDraw) refers to rit128x96x4.o(.constdata) for .constdata
    rit128x96x4.o(i.RITWriteCommand) refers to ssi.o(i.SSIBusy) for SSIBusy
    rit128x96x4.o(i.RITWriteCommand) refers to gpio.o(i.GPIOPinWrite) for GPIOPinWrite
    rit128x96x4.o(i.RITWriteCommand) refers to ssi.o(i.SSIDataPut) for SSIDataPut
    rit128x96x4.o(i.RITWriteCommand) refers to rit128x96x4.o(.data) for .data
    rit128x96x4.o(i.RITWriteData) refers to ssi.o(i.SSIBusy) for SSIBusy
    rit128x96x4.o(i.RITWriteData) refers to gpio.o(i.GPIOPinWrite) for GPIOPinWrite
    rit128x96x4.o(i.RITWriteData) refers to ssi.o(i.SSIDataPut) for SSIDataPut
    rit128x96x4.o(i.RITWriteData) refers to rit128x96x4.o(.data) for .data
    startup_rvmdk.o(RESET) refers to startup_rvmdk.o(STACK) for StackMem
    startup_rvmdk.o(RESET) refers to entry.o(.ARM.Collect$$$$00000000) for __main
    ustdlib.o(i.ulocaltime) refers to ustdlib.o(.constdata) for .constdata
    ustdlib.o(i.usnprintf) refers to ustdlib.o(i.uvsnprintf) for uvsnprintf
    ustdlib.o(i.usprintf) refers to ustdlib.o(i.uvsnprintf) for uvsnprintf
    ustdlib.o(i.ustrcasecmp) refers to ustdlib.o(i.ustrnicmp) for ustrnicmp
    ustdlib.o(i.ustrstr) refers to strlen.o(.text) for strlen
    ustdlib.o(i.ustrstr) refers to strncmp.o(.text) for strncmp
    ustdlib.o(i.uvsnprintf) refers to strncpy.o(.text) for strncpy
    ustdlib.o(i.uvsnprintf) refers to ustdlib.o(.constdata) for .constdata
    ustdlib.o(.constdata) refers to ustdlib.o(.conststring) for .conststring
    ethernet.o(i.EthernetIntRegister) refers to interrupt.o(i.IntRegister) for IntRegister
    ethernet.o(i.EthernetIntRegister) refers to interrupt.o(i.IntEnable) for IntEnable
    ethernet.o(i.EthernetIntUnregister) refers to interrupt.o(i.IntDisable) for IntDisable
    ethernet.o(i.EthernetIntUnregister) refers to interrupt.o(i.IntUnregister) for IntUnregister
    ethernet.o(i.EthernetPacketGet) refers to ethernet.o(i.EthernetPacketGetInternal) for EthernetPacketGetInternal
    ethernet.o(i.EthernetPacketGetNonBlocking) refers to ethernet.o(i.EthernetPacketGetInternal) for EthernetPacketGetInternal
    ethernet.o(i.EthernetPacketPut) refers to ethernet.o(i.EthernetPacketPutInternal) for EthernetPacketPutInternal
    ethernet.o(i.EthernetPacketPutNonBlocking) refers to ethernet.o(i.EthernetPacketPutInternal) for EthernetPacketPutInternal
    flash.o(i.FlashIntRegister) refers to interrupt.o(i.IntRegister) for IntRegister
    flash.o(i.FlashIntRegister) refers to interrupt.o(i.IntEnable) for IntEnable
    flash.o(i.FlashIntUnregister) refers to interrupt.o(i.IntDisable) for IntDisable
    flash.o(i.FlashIntUnregister) refers to interrupt.o(i.IntUnregister) for IntUnregister
    flash.o(i.FlashProtectGet) refers to flash.o(.constdata) for .constdata
    flash.o(i.FlashProtectSet) refers to flash.o(.constdata) for .constdata
    gpio.o(i.GPIOPinConfigure) refers to gpio.o(.constdata) for .constdata
    gpio.o(i.GPIOPinTypeADC) refers to gpio.o(i.GPIODirModeSet) for GPIODirModeSet
    gpio.o(i.GPIOPinTypeADC) refers to gpio.o(i.GPIOPadConfigSet) for GPIOPadConfigSet
    gpio.o(i.GPIOPinTypeCAN) refers to gpio.o(i.GPIODirModeSet) for GPIODirModeSet
    gpio.o(i.GPIOPinTypeCAN) refers to gpio.o(i.GPIOPadConfigSet) for GPIOPadConfigSet
    gpio.o(i.GPIOPinTypeComparator) refers to gpio.o(i.GPIODirModeSet) for GPIODirModeSet
    gpio.o(i.GPIOPinTypeComparator) refers to gpio.o(i.GPIOPadConfigSet) for GPIOPadConfigSet
    gpio.o(i.GPIOPinTypeEPI) refers to gpio.o(i.GPIODirModeSet) for GPIODirModeSet
    gpio.o(i.GPIOPinTypeEPI) refers to gpio.o(i.GPIOPadConfigSet) for GPIOPadConfigSet
    gpio.o(i.GPIOPinTypeEthernetLED) refers to gpio.o(i.GPIODirModeSet) for GPIODirModeSet
    gpio.o(i.GPIOPinTypeEthernetLED) refers to gpio.o(i.GPIOPadConfigSet) for GPIOPadConfigSet
    gpio.o(i.GPIOPinTypeGPIOInput) refers to gpio.o(i.GPIODirModeSet) for GPIODirModeSet
    gpio.o(i.GPIOPinTypeGPIOInput) refers to gpio.o(i.GPIOPadConfigSet) for GPIOPadConfigSet
    gpio.o(i.GPIOPinTypeGPIOOutput) refers to gpio.o(i.GPIODirModeSet) for GPIODirModeSet
    gpio.o(i.GPIOPinTypeGPIOOutput) refers to gpio.o(i.GPIOPadConfigSet) for GPIOPadConfigSet
    gpio.o(i.GPIOPinTypeGPIOOutputOD) refers to gpio.o(i.GPIODirModeSet) for GPIODirModeSet
    gpio.o(i.GPIOPinTypeGPIOOutputOD) refers to gpio.o(i.GPIOPadConfigSet) for GPIOPadConfigSet
    gpio.o(i.GPIOPinTypeI2C) refers to gpio.o(i.GPIODirModeSet) for GPIODirModeSet
    gpio.o(i.GPIOPinTypeI2C) refers to gpio.o(i.GPIOPadConfigSet) for GPIOPadConfigSet
    gpio.o(i.GPIOPinTypeI2S) refers to gpio.o(i.GPIODirModeSet) for GPIODirModeSet
    gpio.o(i.GPIOPinTypeI2S) refers to gpio.o(i.GPIOPadConfigSet) for GPIOPadConfigSet
    gpio.o(i.GPIOPinTypePWM) refers to gpio.o(i.GPIODirModeSet) for GPIODirModeSet
    gpio.o(i.GPIOPinTypePWM) refers to gpio.o(i.GPIOPadConfigSet) for GPIOPadConfigSet
    gpio.o(i.GPIOPinTypeQEI) refers to gpio.o(i.GPIODirModeSet) for GPIODirModeSet
    gpio.o(i.GPIOPinTypeQEI) refers to gpio.o(i.GPIOPadConfigSet) for GPIOPadConfigSet
    gpio.o(i.GPIOPinTypeSSI) refers to gpio.o(i.GPIODirModeSet) for GPIODirModeSet
    gpio.o(i.GPIOPinTypeSSI) refers to gpio.o(i.GPIOPadConfigSet) for GPIOPadConfigSet
    gpio.o(i.GPIOPinTypeTimer) refers to gpio.o(i.GPIODirModeSet) for GPIODirModeSet
    gpio.o(i.GPIOPinTypeTimer) refers to gpio.o(i.GPIOPadConfigSet) for GPIOPadConfigSet
    gpio.o(i.GPIOPinTypeUART) refers to gpio.o(i.GPIODirModeSet) for GPIODirModeSet
    gpio.o(i.GPIOPinTypeUART) refers to gpio.o(i.GPIOPadConfigSet) for GPIOPadConfigSet
    gpio.o(i.GPIOPinTypeUSBAnalog) refers to gpio.o(i.GPIODirModeSet) for GPIODirModeSet
    gpio.o(i.GPIOPinTypeUSBAnalog) refers to gpio.o(i.GPIOPadConfigSet) for GPIOPadConfigSet
    gpio.o(i.GPIOPinTypeUSBDigital) refers to gpio.o(i.GPIODirModeSet) for GPIODirModeSet
    gpio.o(i.GPIOPinTypeUSBDigital) refers to gpio.o(i.GPIOPadConfigSet) for GPIOPadConfigSet
    gpio.o(i.GPIOPortIntRegister) refers to gpio.o(i.GPIOGetIntNumber) for GPIOGetIntNumber
    gpio.o(i.GPIOPortIntRegister) refers to interrupt.o(i.IntRegister) for IntRegister
    gpio.o(i.GPIOPortIntRegister) refers to interrupt.o(i.IntEnable) for IntEnable
    gpio.o(i.GPIOPortIntUnregister) refers to gpio.o(i.GPIOGetIntNumber) for GPIOGetIntNumber
    gpio.o(i.GPIOPortIntUnregister) refers to interrupt.o(i.IntDisable) for IntDisable
    gpio.o(i.GPIOPortIntUnregister) refers to interrupt.o(i.IntUnregister) for IntUnregister
    ssi.o(i.SSIIntRegister) refers to interrupt.o(i.IntRegister) for IntRegister
    ssi.o(i.SSIIntRegister) refers to interrupt.o(i.IntEnable) for IntEnable
    ssi.o(i.SSIIntUnregister) refers to interrupt.o(i.IntDisable) for IntDisable
    ssi.o(i.SSIIntUnregister) refers to interrupt.o(i.IntUnregister) for IntUnregister
    sysctl.o(i.SysCtlClockGet) refers to sysctl.o(.constdata) for .constdata
    sysctl.o(i.SysCtlClockSet) refers to sysctl.o(.emb_text) for SysCtlDelay
    sysctl.o(i.SysCtlDeepSleep) refers to cpu.o(.emb_text) for CPUwfi
    sysctl.o(i.SysCtlI2SMClkSet) refers to sysctl.o(.constdata) for .constdata
    sysctl.o(i.SysCtlIntRegister) refers to interrupt.o(i.IntRegister) for IntRegister
    sysctl.o(i.SysCtlIntRegister) refers to interrupt.o(i.IntEnable) for IntEnable
    sysctl.o(i.SysCtlIntUnregister) refers to interrupt.o(i.IntDisable) for IntDisable
    sysctl.o(i.SysCtlIntUnregister) refers to interrupt.o(i.IntUnregister) for IntUnregister
    sysctl.o(i.SysCtlPeripheralDeepSleepDisable) refers to sysctl.o(.constdata) for .constdata
    sysctl.o(i.SysCtlPeripheralDeepSleepEnable) refers to sysctl.o(.constdata) for .constdata
    sysctl.o(i.SysCtlPeripheralDisable) refers to sysctl.o(.constdata) for .constdata
    sysctl.o(i.SysCtlPeripheralEnable) refers to sysctl.o(.constdata) for .constdata
    sysctl.o(i.SysCtlPeripheralPresent) refers to sysctl.o(.constdata) for .constdata
    sysctl.o(i.SysCtlPeripheralReset) refers to sysctl.o(.constdata) for .constdata
    sysctl.o(i.SysCtlPeripheralSleepDisable) refers to sysctl.o(.constdata) for .constdata
    sysctl.o(i.SysCtlPeripheralSleepEnable) refers to sysctl.o(.constdata) for .constdata
    sysctl.o(i.SysCtlSleep) refers to cpu.o(.emb_text) for CPUwfi
    uart.o(i.UARTIntRegister) refers to interrupt.o(i.IntRegister) for IntRegister
    uart.o(i.UARTIntRegister) refers to interrupt.o(i.IntEnable) for IntEnable
    uart.o(i.UARTIntUnregister) refers to interrupt.o(i.IntDisable) for IntDisable
    uart.o(i.UARTIntUnregister) refers to interrupt.o(i.IntUnregister) for IntUnregister
    interrupt.o(i.IntMasterDisable) refers to cpu.o(.emb_text) for CPUcpsid
    interrupt.o(i.IntMasterEnable) refers to cpu.o(.emb_text) for CPUcpsie
    interrupt.o(i.IntPriorityGet) refers to interrupt.o(.constdata) for .constdata
    interrupt.o(i.IntPriorityGroupingGet) refers to interrupt.o(.constdata) for .constdata
    interrupt.o(i.IntPriorityGroupingSet) refers to interrupt.o(.constdata) for .constdata
    interrupt.o(i.IntPrioritySet) refers to interrupt.o(.constdata) for .constdata
    interrupt.o(i.IntRegister) refers to interrupt.o(vtable) for vtable
    interrupt.o(i.IntUnregister) refers to interrupt.o(i.IntDefaultHandler) for IntDefaultHandler
    interrupt.o(i.IntUnregister) refers to interrupt.o(vtable) for vtable
    entry.o(.ARM.Collect$$$$00000000) refers (Special) to entry7.o(.ARM.Collect$$$$00000007) for _main_init
    entry.o(.ARM.Collect$$$$00000000) refers (Special) to entry5.o(.ARM.Collect$$$$00000004) for _main_scatterload
    entry.o(.ARM.Collect$$$$00000000) refers (Special) to entry2.o(.ARM.Collect$$$$00000001) for _main_stk
    entry2.o(.ARM.Collect$$$$00000001) refers to entry2.o(.ARM.Collect$$$$00002712) for __lit__00000000
    entry2.o(.ARM.Collect$$$$00002712) refers to startup_rvmdk.o(STACK) for __initial_sp
    entry2.o(__vectab_stack_and_reset_area) refers to startup_rvmdk.o(STACK) for __initial_sp
    entry2.o(__vectab_stack_and_reset_area) refers to entry.o(.ARM.Collect$$$$00000000) for __main
    entry5.o(.ARM.Collect$$$$00000004) refers to init.o(.text) for __scatterload
    entry7.o(.ARM.Collect$$$$00000007) refers to boot_demo2.o(i.main) for main
    init.o(.text) refers to entry5.o(.ARM.Collect$$$$00000004) for __main_after_scatterload


==============================================================================

Removing Unused input sections from the image.

    Removing rit128x96x4.o(i.RIT128x96x4Disable), (92 bytes).
    Removing rit128x96x4.o(i.RIT128x96x4DisplayOff), (12 bytes).
    Removing rit128x96x4.o(i.RIT128x96x4DisplayOn), (36 bytes).
    Removing rit128x96x4.o(i.RIT128x96x4ImageDraw), (104 bytes).
    Removing startup_rvmdk.o(HEAP), (0 bytes).
    Removing startup_rvmdk.o(.text), (0 bytes).
    Removing ustdlib.o(i.ulocaltime), (168 bytes).
    Removing ustdlib.o(i.usnprintf), (18 bytes).
    Removing ustdlib.o(i.ustrcasecmp), (8 bytes).
    Removing ustdlib.o(i.ustrnicmp), (70 bytes).
    Removing ustdlib.o(i.ustrstr), (42 bytes).
    Removing ustdlib.o(i.ustrtoul), (154 bytes).
    Removing ethernet.o(i.EthernetConfigGet), (24 bytes).
    Removing ethernet.o(i.EthernetDisable), (34 bytes).
    Removing ethernet.o(i.EthernetIntEnable), (8 bytes).
    Removing ethernet.o(i.EthernetIntRegister), (18 bytes).
    Removing ethernet.o(i.EthernetIntUnregister), (18 bytes).
    Removing ethernet.o(i.EthernetMACAddrGet), (50 bytes).
    Removing ethernet.o(i.EthernetPHYRead), (34 bytes).
    Removing ethernet.o(i.EthernetPHYWrite), (34 bytes).
    Removing ethernet.o(i.EthernetPacketAvail), (12 bytes).
    Removing ethernet.o(i.EthernetPacketGet), (12 bytes).
    Removing ethernet.o(i.EthernetPacketGetInternal), (156 bytes).
    Removing ethernet.o(i.EthernetPacketGetNonBlocking), (16 bytes).
    Removing ethernet.o(i.EthernetPacketPut), (12 bytes).
    Removing ethernet.o(i.EthernetPacketPutInternal), (134 bytes).
    Removing ethernet.o(i.EthernetPacketPutNonBlocking), (16 bytes).
    Removing ethernet.o(i.EthernetSpaceAvail), (10 bytes).
    Removing flash.o(i.FlashErase), (44 bytes).
    Removing flash.o(i.FlashIntClear), (12 bytes).
    Removing flash.o(i.FlashIntDisable), (16 bytes).
    Removing flash.o(i.FlashIntEnable), (16 bytes).
    Removing flash.o(i.FlashIntRegister), (20 bytes).
    Removing flash.o(i.FlashIntStatus), (16 bytes).
    Removing flash.o(i.FlashIntUnregister), (18 bytes).
    Removing flash.o(i.FlashProgram), (156 bytes).
    Removing flash.o(i.FlashProtectGet), (144 bytes).
    Removing flash.o(i.FlashProtectSave), (80 bytes).
    Removing flash.o(i.FlashProtectSet), (252 bytes).
    Removing flash.o(i.FlashUsecGet), (16 bytes).
    Removing flash.o(i.FlashUsecSet), (12 bytes).
    Removing flash.o(i.FlashUserSave), (88 bytes).
    Removing flash.o(i.FlashUserSet), (52 bytes).
    Removing flash.o(.constdata), (32 bytes).
    Removing gpio.o(i.GPIODirModeGet), (34 bytes).
    Removing gpio.o(i.GPIOGetIntNumber), (156 bytes).
    Removing gpio.o(i.GPIOIntTypeGet), (48 bytes).
    Removing gpio.o(i.GPIOIntTypeSet), (58 bytes).
    Removing gpio.o(i.GPIOPadConfigGet), (140 bytes).
    Removing gpio.o(i.GPIOPinConfigure), (72 bytes).
    Removing gpio.o(i.GPIOPinIntClear), (6 bytes).
    Removing gpio.o(i.GPIOPinIntDisable), (14 bytes).
    Removing gpio.o(i.GPIOPinIntEnable), (12 bytes).
    Removing gpio.o(i.GPIOPinIntStatus), (14 bytes).
    Removing gpio.o(i.GPIOPinTypeADC), (28 bytes).
    Removing gpio.o(i.GPIOPinTypeCAN), (28 bytes).
    Removing gpio.o(i.GPIOPinTypeComparator), (28 bytes).
    Removing gpio.o(i.GPIOPinTypeEPI), (28 bytes).
    Removing gpio.o(i.GPIOPinTypeEthernetLED), (28 bytes).
    Removing gpio.o(i.GPIOPinTypeGPIOInput), (28 bytes).
    Removing gpio.o(i.GPIOPinTypeGPIOOutputOD), (28 bytes).
    Removing gpio.o(i.GPIOPinTypeI2C), (28 bytes).
    Removing gpio.o(i.GPIOPinTypeI2S), (28 bytes).
    Removing gpio.o(i.GPIOPinTypePWM), (28 bytes).
    Removing gpio.o(i.GPIOPinTypeQEI), (28 bytes).
    Removing gpio.o(i.GPIOPinTypeTimer), (28 bytes).
    Removing gpio.o(i.GPIOPinTypeUSBAnalog), (28 bytes).
    Removing gpio.o(i.GPIOPinTypeUSBDigital), (28 bytes).
    Removing gpio.o(i.GPIOPortIntRegister), (26 bytes).
    Removing gpio.o(i.GPIOPortIntUnregister), (22 bytes).
    Removing gpio.o(.constdata), (72 bytes).
    Removing ssi.o(i.SSIDMADisable), (10 bytes).
    Removing ssi.o(i.SSIDMAEnable), (8 bytes).
    Removing ssi.o(i.SSIDataGet), (14 bytes).
    Removing ssi.o(i.SSIDataGetNonBlocking), (18 bytes).
    Removing ssi.o(i.SSIDataPutNonBlocking), (16 bytes).
    Removing ssi.o(i.SSIIntClear), (4 bytes).
    Removing ssi.o(i.SSIIntDisable), (10 bytes).
    Removing ssi.o(i.SSIIntEnable), (8 bytes).
    Removing ssi.o(i.SSIIntRegister), (32 bytes).
    Removing ssi.o(i.SSIIntStatus), (10 bytes).
    Removing ssi.o(i.SSIIntUnregister), (32 bytes).
    Removing sysctl.o(i.SysCtlADCSpeedGet), (16 bytes).
    Removing sysctl.o(i.SysCtlADCSpeedSet), (32 bytes).
    Removing sysctl.o(i.SysCtlBrownOutConfigSet), (16 bytes).
    Removing sysctl.o(i.SysCtlClkVerificationClear), (20 bytes).
    Removing sysctl.o(i.SysCtlDeepSleep), (32 bytes).
    Removing sysctl.o(i.SysCtlFlashSizeGet), (20 bytes).
    Removing sysctl.o(i.SysCtlGPIOAHBDisable), (20 bytes).
    Removing sysctl.o(i.SysCtlGPIOAHBEnable), (16 bytes).
    Removing sysctl.o(i.SysCtlI2SMClkSet), (216 bytes).
    Removing sysctl.o(i.SysCtlIOSCVerificationSet), (24 bytes).
    Removing sysctl.o(i.SysCtlIntClear), (12 bytes).
    Removing sysctl.o(i.SysCtlIntDisable), (16 bytes).
    Removing sysctl.o(i.SysCtlIntEnable), (16 bytes).
    Removing sysctl.o(i.SysCtlIntRegister), (20 bytes).
    Removing sysctl.o(i.SysCtlIntStatus), (16 bytes).
    Removing sysctl.o(i.SysCtlIntUnregister), (18 bytes).
    Removing sysctl.o(i.SysCtlLDOConfigSet), (12 bytes).
    Removing sysctl.o(i.SysCtlLDOGet), (12 bytes).
    Removing sysctl.o(i.SysCtlLDOSet), (12 bytes).
    Removing sysctl.o(i.SysCtlMOSCVerificationSet), (24 bytes).
    Removing sysctl.o(i.SysCtlPLLVerificationSet), (24 bytes).
    Removing sysctl.o(i.SysCtlPWMClockGet), (24 bytes).
    Removing sysctl.o(i.SysCtlPWMClockSet), (20 bytes).
    Removing sysctl.o(i.SysCtlPeripheralClockGating), (24 bytes).
    Removing sysctl.o(i.SysCtlPeripheralDeepSleepDisable), (32 bytes).
    Removing sysctl.o(i.SysCtlPeripheralDeepSleepEnable), (32 bytes).
    Removing sysctl.o(i.SysCtlPeripheralDisable), (32 bytes).
    Removing sysctl.o(i.SysCtlPeripheralPresent), (64 bytes).
    Removing sysctl.o(i.SysCtlPeripheralReset), (56 bytes).
    Removing sysctl.o(i.SysCtlPeripheralSleepDisable), (32 bytes).
    Removing sysctl.o(i.SysCtlPeripheralSleepEnable), (32 bytes).
    Removing sysctl.o(i.SysCtlPinPresent), (16 bytes).
    Removing sysctl.o(i.SysCtlReset), (16 bytes).
    Removing sysctl.o(i.SysCtlResetCauseClear), (16 bytes).
    Removing sysctl.o(i.SysCtlResetCauseGet), (12 bytes).
    Removing sysctl.o(i.SysCtlSRAMSizeGet), (20 bytes).
    Removing sysctl.o(i.SysCtlSleep), (4 bytes).
    Removing sysctl.o(i.SysCtlUSBPLLDisable), (16 bytes).
    Removing sysctl.o(i.SysCtlUSBPLLEnable), (16 bytes).
    Removing uart.o(i.UARTBreakCtl), (18 bytes).
    Removing uart.o(i.UARTBusy), (8 bytes).
    Removing uart.o(i.UARTCharGetNonBlocking), (16 bytes).
    Removing uart.o(i.UARTCharPut), (12 bytes).
    Removing uart.o(i.UARTCharPutNonBlocking), (18 bytes).
    Removing uart.o(i.UARTConfigGetExpClk), (46 bytes).
    Removing uart.o(i.UARTDMADisable), (10 bytes).
    Removing uart.o(i.UARTDMAEnable), (8 bytes).
    Removing uart.o(i.UARTDisable), (30 bytes).
    Removing uart.o(i.UARTDisableSIR), (10 bytes).
    Removing uart.o(i.UARTEnable), (20 bytes).
    Removing uart.o(i.UARTEnableSIR), (18 bytes).
    Removing uart.o(i.UARTFIFODisable), (10 bytes).
    Removing uart.o(i.UARTFIFOEnable), (10 bytes).
    Removing uart.o(i.UARTFIFOLevelGet), (16 bytes).
    Removing uart.o(i.UARTFIFOLevelSet), (6 bytes).
    Removing uart.o(i.UARTFlowControlGet), (8 bytes).
    Removing uart.o(i.UARTFlowControlSet), (12 bytes).
    Removing uart.o(i.UARTIntClear), (4 bytes).
    Removing uart.o(i.UARTIntDisable), (10 bytes).
    Removing uart.o(i.UARTIntEnable), (8 bytes).
    Removing uart.o(i.UARTIntRegister), (46 bytes).
    Removing uart.o(i.UARTIntStatus), (10 bytes).
    Removing uart.o(i.UARTIntUnregister), (46 bytes).
    Removing uart.o(i.UARTModemControlClear), (14 bytes).
    Removing uart.o(i.UARTModemControlGet), (8 bytes).
    Removing uart.o(i.UARTModemControlSet), (12 bytes).
    Removing uart.o(i.UARTModemStatusGet), (10 bytes).
    Removing uart.o(i.UARTParityModeGet), (8 bytes).
    Removing uart.o(i.UARTParityModeSet), (12 bytes).
    Removing uart.o(i.UARTRxErrorClear), (6 bytes).
    Removing uart.o(i.UARTRxErrorGet), (8 bytes).
    Removing uart.o(i.UARTSmartCardDisable), (10 bytes).
    Removing uart.o(i.UARTSmartCardEnable), (22 bytes).
    Removing uart.o(i.UARTSpaceAvail), (10 bytes).
    Removing uart.o(i.UARTTxIntModeGet), (8 bytes).
    Removing uart.o(i.UARTTxIntModeSet), (12 bytes).
    Removing cpu.o(.emb_text), (26 bytes).
    Removing interrupt.o(i.IntDefaultHandler), (2 bytes).
    Removing interrupt.o(i.IntDisable), (104 bytes).
    Removing interrupt.o(i.IntEnable), (104 bytes).
    Removing interrupt.o(i.IntMasterDisable), (10 bytes).
    Removing interrupt.o(i.IntMasterEnable), (10 bytes).
    Removing interrupt.o(i.IntPendClear), (72 bytes).
    Removing interrupt.o(i.IntPendSet), (90 bytes).
    Removing interrupt.o(i.IntPriorityGet), (28 bytes).
    Removing interrupt.o(i.IntPriorityGroupingGet), (40 bytes).
    Removing interrupt.o(i.IntPriorityGroupingSet), (28 bytes).
    Removing interrupt.o(i.IntPrioritySet), (40 bytes).
    Removing interrupt.o(i.IntRegister), (56 bytes).
    Removing interrupt.o(i.IntUnregister), (20 bytes).
    Removing interrupt.o(.constdata), (104 bytes).
    Removing interrupt.o(vtable), (284 bytes).

174 unused section(s) (total 6110 bytes) removed from the image.

==============================================================================

Image Symbol Table

    Local Symbols

    Symbol Name                              Value     Ov Type        Size  Object(Section)

    ../../microlib/init/entry.s              0x00000000   Number         0  entry.o ABSOLUTE
    ../../microlib/init/entry.s              0x00000000   Number         0  entry2.o ABSOLUTE
    ../../microlib/init/entry.s              0x00000000   Number         0  entry5.o ABSOLUTE
    ../../microlib/init/entry.s              0x00000000   Number         0  entry7.o ABSOLUTE
    ../../microlib/string/strlen.c           0x00000000   Number         0  strlen.o ABSOLUTE
    ../../microlib/string/strncmp.c          0x00000000   Number         0  strncmp.o ABSOLUTE
    ../../microlib/string/strncpy.c          0x00000000   Number         0  strncpy.o ABSOLUTE
    ..\..\..\utils\ustdlib.c                 0x00000000   Number         0  ustdlib.o ABSOLUTE
    ..\drivers\rit128x96x4.c                 0x00000000   Number         0  rit128x96x4.o ABSOLUTE
    boot_demo2.c                             0x00000000   Number         0  boot_demo2.o ABSOLUTE
    cpu.c                                    0x00000000   Number         0  cpu.o ABSOLUTE
    cpu.c                                    0x00000000   Number         0  cpu.o ABSOLUTE
    dc.s                                     0x00000000   Number         0  dc.o ABSOLUTE
    ethernet.c                               0x00000000   Number         0  ethernet.o ABSOLUTE
    flash.c                                  0x00000000   Number         0  flash.o ABSOLUTE
    gpio.c                                   0x00000000   Number         0  gpio.o ABSOLUTE
    handlers.s                               0x00000000   Number         0  handlers.o ABSOLUTE
    init.s                                   0x00000000   Number         0  init.o ABSOLUTE
    interrupt.c                              0x00000000   Number         0  interrupt.o ABSOLUTE
    ssi.c                                    0x00000000   Number         0  ssi.o ABSOLUTE
    startup_rvmdk.S                          0x00000000   Number         0  startup_rvmdk.o ABSOLUTE
    sysctl.c                                 0x00000000   Number         0  sysctl.o ABSOLUTE
    sysctl.c                                 0x00000000   Number         0  sysctl.o ABSOLUTE
    uart.c                                   0x00000000   Number         0  uart.o ABSOLUTE
    RESET                                    0x00001000   Section      252  startup_rvmdk.o(RESET)
    NmiSR                                    0x000010f5   Thumb Code     0  startup_rvmdk.o(RESET)
    FaultISR                                 0x000010f7   Thumb Code     0  startup_rvmdk.o(RESET)
    IntDefaultHandler                        0x000010f9   Thumb Code     0  startup_rvmdk.o(RESET)
    .ARM.Collect$$$$00000000                 0x000010fc   Section        0  entry.o(.ARM.Collect$$$$00000000)
    .ARM.Collect$$$$00000001                 0x000010fc   Section        4  entry2.o(.ARM.Collect$$$$00000001)
    .ARM.Collect$$$$00000004                 0x00001100   Section        4  entry5.o(.ARM.Collect$$$$00000004)
    .ARM.Collect$$$$00000007                 0x00001104   Section        8  entry7.o(.ARM.Collect$$$$00000007)
    .ARM.Collect$$$$00002712                 0x0000110c   Section        4  entry2.o(.ARM.Collect$$$$00002712)
    __lit__00000000                          0x0000110c   Data           4  entry2.o(.ARM.Collect$$$$00002712)
    .emb_text                                0x00001110   Section        6  sysctl.o(.emb_text)
    .text                                    0x00001116   Section        0  strncpy.o(.text)
    .text                                    0x00001130   Section       36  init.o(.text)
    i.EthernetConfigSet                      0x00001154   Section        0  ethernet.o(i.EthernetConfigSet)
    i.EthernetEnable                         0x0000117e   Section        0  ethernet.o(i.EthernetEnable)
    i.EthernetInitExpClk                     0x000011a0   Section        0  ethernet.o(i.EthernetInitExpClk)
    i.EthernetIntClear                       0x000011b0   Section        0  ethernet.o(i.EthernetIntClear)
    i.EthernetIntDisable                     0x000011b4   Section        0  ethernet.o(i.EthernetIntDisable)
    i.EthernetIntStatus                      0x000011be   Section        0  ethernet.o(i.EthernetIntStatus)
    i.EthernetMACAddrSet                     0x000011cc   Section        0  ethernet.o(i.EthernetMACAddrSet)
    i.FlashUserGet                           0x00001204   Section        0  flash.o(i.FlashUserGet)
    i.GPIODirModeSet                         0x0000123c   Section        0  gpio.o(i.GPIODirModeSet)
    i.GPIOPadConfigSet                       0x00001264   Section        0  gpio.o(i.GPIOPadConfigSet)
    i.GPIOPinRead                            0x00001314   Section        0  gpio.o(i.GPIOPinRead)
    i.GPIOPinTypeGPIOOutput                  0x0000131a   Section        0  gpio.o(i.GPIOPinTypeGPIOOutput)
    i.GPIOPinTypeSSI                         0x00001336   Section        0  gpio.o(i.GPIOPinTypeSSI)
    i.GPIOPinTypeUART                        0x00001352   Section        0  gpio.o(i.GPIOPinTypeUART)
    i.GPIOPinWrite                           0x0000136e   Section        0  gpio.o(i.GPIOPinWrite)
    i.RIT128x96x4Clear                       0x00001374   Section        0  rit128x96x4.o(i.RIT128x96x4Clear)
    i.RIT128x96x4Enable                      0x000013bc   Section        0  rit128x96x4.o(i.RIT128x96x4Enable)
    i.RIT128x96x4Init                        0x00001420   Section        0  rit128x96x4.o(i.RIT128x96x4Init)
    i.RIT128x96x4StringDraw                  0x000014c0   Section        0  rit128x96x4.o(i.RIT128x96x4StringDraw)
    i.RITWriteCommand                        0x00001580   Section        0  rit128x96x4.o(i.RITWriteCommand)
    RITWriteCommand                          0x00001581   Thumb Code    92  rit128x96x4.o(i.RITWriteCommand)
    i.RITWriteData                           0x000015e8   Section        0  rit128x96x4.o(i.RITWriteData)
    RITWriteData                             0x000015e9   Thumb Code    92  rit128x96x4.o(i.RITWriteData)
    i.SSIBusy                                0x00001650   Section        0  ssi.o(i.SSIBusy)
    i.SSIConfigSetExpClk                     0x00001658   Section        0  ssi.o(i.SSIConfigSetExpClk)
    i.SSIDataPut                             0x000016a4   Section        0  ssi.o(i.SSIDataPut)
    i.SSIDisable                             0x000016b0   Section        0  ssi.o(i.SSIDisable)
    i.SSIEnable                              0x000016ba   Section        0  ssi.o(i.SSIEnable)
    i.SysCtlClockGet                         0x000016c4   Section        0  sysctl.o(i.SysCtlClockGet)
    i.SysCtlClockSet                         0x000018a8   Section        0  sysctl.o(i.SysCtlClockSet)
    i.SysCtlPeripheralEnable                 0x000019e0   Section        0  sysctl.o(i.SysCtlPeripheralEnable)
    i.UARTCharGet                            0x00001a00   Section        0  uart.o(i.UARTCharGet)
    i.UARTCharsAvail                         0x00001a0c   Section        0  uart.o(i.UARTCharsAvail)
    i.UARTConfigSetExpClk                    0x00001a16   Section        0  uart.o(i.UARTConfigSetExpClk)
    i.__scatterload_copy                     0x00001a84   Section       14  handlers.o(i.__scatterload_copy)
    i.__scatterload_null                     0x00001a92   Section        2  handlers.o(i.__scatterload_null)
    i.__scatterload_zeroinit                 0x00001a94   Section       14  handlers.o(i.__scatterload_zeroinit)
    i.main                                   0x00001aa4   Section        0  boot_demo2.o(i.main)
    i.usprintf                               0x00001d60   Section        0  ustdlib.o(i.usprintf)
    i.uvsnprintf                             0x00001d78   Section        0  ustdlib.o(i.uvsnprintf)
    .constdata                               0x00001fc0   Section      571  rit128x96x4.o(.constdata)
    g_pucRIT128x96x4VerticalInc              0x00001fc0   Data           2  rit128x96x4.o(.constdata)
    g_pucRIT128x96x4HorizontalInc            0x00001fc2   Data           2  rit128x96x4.o(.constdata)
    pucCommand1                              0x00001fc4   Data           2  rit128x96x4.o(.constdata)
    pucCommand1                              0x00001fc6   Data           3  rit128x96x4.o(.constdata)
    pucCommand2                              0x00001fc9   Data           3  rit128x96x4.o(.constdata)
    g_pucFont                                0x00001fcc   Data         480  rit128x96x4.o(.constdata)
    g_pucRIT128x96x4Init                     0x000021ac   Data          79  rit128x96x4.o(.constdata)
    .constdata                               0x000021fc   Section       28  ustdlib.o(.constdata)
    g_pcHex                                  0x000021fc   Data           4  ustdlib.o(.constdata)
    g_psDaysToMonth                          0x00002200   Data          24  ustdlib.o(.constdata)
    .constdata                               0x00002218   Section      156  sysctl.o(.constdata)
    g_pulDCRegs                              0x00002218   Data          16  sysctl.o(.constdata)
    g_pulSRCRRegs                            0x00002228   Data          12  sysctl.o(.constdata)
    g_pulRCGCRegs                            0x00002234   Data          12  sysctl.o(.constdata)
    g_pulSCGCRegs                            0x00002240   Data          12  sysctl.o(.constdata)
    g_pulDCGCRegs                            0x0000224c   Data          12  sysctl.o(.constdata)
    g_pulXtals                               0x00002258   Data          92  sysctl.o(.constdata)
    .conststring                             0x000022b4   Section       17  ustdlib.o(.conststring)
    .data                                    0x20000000   Section       12  rit128x96x4.o(.data)
    g_ulSSIFlags                             0x20000000   Data           4  rit128x96x4.o(.data)
    g_pucBuffer                              0x20000004   Data           8  rit128x96x4.o(.data)
    .bss                                     0x2000000c   Section       40  boot_demo2.o(.bss)
    pcBuf                                    0x2000000c   Data          40  boot_demo2.o(.bss)
    STACK                                    0x20000038   Section      256  startup_rvmdk.o(STACK)
    StackMem                                 0x20000038   Data           0  startup_rvmdk.o(STACK)

    Global Symbols

    Symbol Name                              Value     Ov Type        Size  Object(Section)

    BuildAttributes$$THM_ISAv4$P$D$K$B$S$PE$A:L22UL41UL21$X:L11$S22US41US21$IEEE1$IW$USESV6$~STKCKD$USESV7$~SHL$OTIME$EBA8$MICROLIB$REQ8$PRES8$EABIv2 0x00000000   Number         0  anon$$obj.o ABSOLUTE
    __ARM_use_no_argv                        0x00000000   Number         0  boot_demo2.o ABSOLUTE
    __decompress                              - Undefined Weak Reference
    __Vectors                                0x00001000   Data           0  startup_rvmdk.o(RESET)
    Reset_Handler                            0x000010f1   Thumb Code     0  startup_rvmdk.o(RESET)
    __main                                   0x000010fd   Thumb Code     0  entry.o(.ARM.Collect$$$$00000000)
    _main_stk                                0x000010fd   Thumb Code     0  entry2.o(.ARM.Collect$$$$00000001)
    _main_scatterload                        0x00001101   Thumb Code     0  entry5.o(.ARM.Collect$$$$00000004)
    __main_after_scatterload                 0x00001105   Thumb Code     0  entry5.o(.ARM.Collect$$$$00000004)
    _main_init                               0x00001105   Thumb Code     0  entry7.o(.ARM.Collect$$$$00000007)
    SysCtlDelay                              0x00001111   Thumb Code     6  sysctl.o(.emb_text)
    strncpy                                  0x00001117   Thumb Code    24  strncpy.o(.text)
    __scatterload                            0x00001131   Thumb Code    28  init.o(.text)
    __scatterload_rt2                        0x00001131   Thumb Code     0  init.o(.text)
    EthernetConfigSet                        0x00001155   Thumb Code    42  ethernet.o(i.EthernetConfigSet)
    EthernetEnable                           0x0000117f   Thumb Code    34  ethernet.o(i.EthernetEnable)
    EthernetInitExpClk                       0x000011a1   Thumb Code    12  ethernet.o(i.EthernetInitExpClk)
    EthernetIntClear                         0x000011b1   Thumb Code     4  ethernet.o(i.EthernetIntClear)
    EthernetIntDisable                       0x000011b5   Thumb Code    10  ethernet.o(i.EthernetIntDisable)
    EthernetIntStatus                        0x000011bf   Thumb Code    14  ethernet.o(i.EthernetIntStatus)
    EthernetMACAddrSet                       0x000011cd   Thumb Code    54  ethernet.o(i.EthernetMACAddrSet)
    FlashUserGet                             0x00001205   Thumb Code    48  flash.o(i.FlashUserGet)
    GPIODirModeSet                           0x0000123d   Thumb Code    40  gpio.o(i.GPIODirModeSet)
    GPIOPadConfigSet                         0x00001265   Thumb Code   176  gpio.o(i.GPIOPadConfigSet)
    GPIOPinRead                              0x00001315   Thumb Code     6  gpio.o(i.GPIOPinRead)
    GPIOPinTypeGPIOOutput                    0x0000131b   Thumb Code    28  gpio.o(i.GPIOPinTypeGPIOOutput)
    GPIOPinTypeSSI                           0x00001337   Thumb Code    28  gpio.o(i.GPIOPinTypeSSI)
    GPIOPinTypeUART                          0x00001353   Thumb Code    28  gpio.o(i.GPIOPinTypeUART)
    GPIOPinWrite                             0x0000136f   Thumb Code     6  gpio.o(i.GPIOPinWrite)
    RIT128x96x4Clear                         0x00001375   Thumb Code    64  rit128x96x4.o(i.RIT128x96x4Clear)
    RIT128x96x4Enable                        0x000013bd   Thumb Code    90  rit128x96x4.o(i.RIT128x96x4Enable)
    RIT128x96x4Init                          0x00001421   Thumb Code   140  rit128x96x4.o(i.RIT128x96x4Init)
    RIT128x96x4StringDraw                    0x000014c1   Thumb Code   184  rit128x96x4.o(i.RIT128x96x4StringDraw)
    SSIBusy                                  0x00001651   Thumb Code     8  ssi.o(i.SSIBusy)
    SSIConfigSetExpClk                       0x00001659   Thumb Code    76  ssi.o(i.SSIConfigSetExpClk)
    SSIDataPut                               0x000016a5   Thumb Code    12  ssi.o(i.SSIDataPut)
    SSIDisable                               0x000016b1   Thumb Code    10  ssi.o(i.SSIDisable)
    SSIEnable                                0x000016bb   Thumb Code    10  ssi.o(i.SSIEnable)
    SysCtlClockGet                           0x000016c5   Thumb Code   438  sysctl.o(i.SysCtlClockGet)
    SysCtlClockSet                           0x000018a9   Thumb Code   288  sysctl.o(i.SysCtlClockSet)
    SysCtlPeripheralEnable                   0x000019e1   Thumb Code    26  sysctl.o(i.SysCtlPeripheralEnable)
    UARTCharGet                              0x00001a01   Thumb Code    12  uart.o(i.UARTCharGet)
    UARTCharsAvail                           0x00001a0d   Thumb Code    10  uart.o(i.UARTCharsAvail)
    UARTConfigSetExpClk                      0x00001a17   Thumb Code   110  uart.o(i.UARTConfigSetExpClk)
    __scatterload_copy                       0x00001a85   Thumb Code    14  handlers.o(i.__scatterload_copy)
    __scatterload_null                       0x00001a93   Thumb Code     2  handlers.o(i.__scatterload_null)
    __scatterload_zeroinit                   0x00001a95   Thumb Code    14  handlers.o(i.__scatterload_zeroinit)
    main                                     0x00001aa5   Thumb Code   438  boot_demo2.o(i.main)
    usprintf                                 0x00001d61   Thumb Code    22  ustdlib.o(i.usprintf)
    uvsnprintf                               0x00001d79   Thumb Code   572  ustdlib.o(i.uvsnprintf)
    Region$$Table$$Base                      0x000022c8   Number         0  anon$$obj.o(Region$$Table)
    Region$$Table$$Limit                     0x000022e8   Number         0  anon$$obj.o(Region$$Table)
    __initial_sp                             0x20000138   Data           0  startup_rvmdk.o(STACK)



==============================================================================

Memory Map of the image

  Image Entry point : 0x000010f1

  Load Region LR_IROM (Base: 0x00001000, Size: 0x000012f4, Max: 0x0003f000, ABSOLUTE)

    Execution Region ER_IROM (Base: 0x00001000, Size: 0x000012e8, Max: 0x0003f000, ABSOLUTE)

    Base Addr    Size         Type   Attr      Idx    E Section Name        Object

    0x00001000   0x000000fc   Code   RO          127  * RESET               startup_rvmdk.o
    0x000010fc   0x00000000   Code   RO         1412  * .ARM.Collect$$$$00000000  entry.o(mc_w.l)
    0x000010fc   0x00000004   Code   RO         1421    .ARM.Collect$$$$00000001  entry2.o(mc_w.l)
    0x00001100   0x00000004   Code   RO         1424    .ARM.Collect$$$$00000004  entry5.o(mc_w.l)
    0x00001104   0x00000008   Code   RO         1425    .ARM.Collect$$$$00000007  entry7.o(mc_w.l)
    0x0000110c   0x00000004   Code   RO         1422    .ARM.Collect$$$$00002712  entry2.o(mc_w.l)
    0x00001110   0x00000006   Code   RO          795    .emb_text           sysctl.o(driverlib.lib)
    0x00001116   0x00000018   Code   RO         1415    .text               strncpy.o(mc_w.l)
    0x0000112e   0x00000002   PAD
    0x00001130   0x00000024   Code   RO         1426    .text               init.o(mc_w.l)
    0x00001154   0x0000002a   Code   RO          198    i.EthernetConfigSet  ethernet.o(driverlib.lib)
    0x0000117e   0x00000022   Code   RO          200    i.EthernetEnable    ethernet.o(driverlib.lib)
    0x000011a0   0x00000010   Code   RO          201    i.EthernetInitExpClk  ethernet.o(driverlib.lib)
    0x000011b0   0x00000004   Code   RO          202    i.EthernetIntClear  ethernet.o(driverlib.lib)
    0x000011b4   0x0000000a   Code   RO          203    i.EthernetIntDisable  ethernet.o(driverlib.lib)
    0x000011be   0x0000000e   Code   RO          206    i.EthernetIntStatus  ethernet.o(driverlib.lib)
    0x000011cc   0x00000036   Code   RO          209    i.EthernetMACAddrSet  ethernet.o(driverlib.lib)
    0x00001202   0x00000002   PAD
    0x00001204   0x00000038   Code   RO          376    i.FlashUserGet      flash.o(driverlib.lib)
    0x0000123c   0x00000028   Code   RO          477    i.GPIODirModeSet    gpio.o(driverlib.lib)
    0x00001264   0x000000b0   Code   RO          482    i.GPIOPadConfigSet  gpio.o(driverlib.lib)
    0x00001314   0x00000006   Code   RO          488    i.GPIOPinRead       gpio.o(driverlib.lib)
    0x0000131a   0x0000001c   Code   RO          495    i.GPIOPinTypeGPIOOutput  gpio.o(driverlib.lib)
    0x00001336   0x0000001c   Code   RO          501    i.GPIOPinTypeSSI    gpio.o(driverlib.lib)
    0x00001352   0x0000001c   Code   RO          503    i.GPIOPinTypeUART   gpio.o(driverlib.lib)
    0x0000136e   0x00000006   Code   RO          506    i.GPIOPinWrite      gpio.o(driverlib.lib)
    0x00001374   0x00000048   Code   RO           49    i.RIT128x96x4Clear  rit128x96x4.o
    0x000013bc   0x00000064   Code   RO           53    i.RIT128x96x4Enable  rit128x96x4.o
    0x00001420   0x000000a0   Code   RO           55    i.RIT128x96x4Init   rit128x96x4.o
    0x000014c0   0x000000c0   Code   RO           56    i.RIT128x96x4StringDraw  rit128x96x4.o
    0x00001580   0x00000068   Code   RO           57    i.RITWriteCommand   rit128x96x4.o
    0x000015e8   0x00000068   Code   RO           58    i.RITWriteData      rit128x96x4.o
    0x00001650   0x00000008   Code   RO          687    i.SSIBusy           ssi.o(driverlib.lib)
    0x00001658   0x0000004c   Code   RO          688    i.SSIConfigSetExpClk  ssi.o(driverlib.lib)
    0x000016a4   0x0000000c   Code   RO          693    i.SSIDataPut        ssi.o(driverlib.lib)
    0x000016b0   0x0000000a   Code   RO          695    i.SSIDisable        ssi.o(driverlib.lib)
    0x000016ba   0x0000000a   Code   RO          696    i.SSIEnable         ssi.o(driverlib.lib)
    0x000016c4   0x000001e4   Code   RO          800    i.SysCtlClockGet    sysctl.o(driverlib.lib)
    0x000018a8   0x00000138   Code   RO          801    i.SysCtlClockSet    sysctl.o(driverlib.lib)
    0x000019e0   0x00000020   Code   RO          825    i.SysCtlPeripheralEnable  sysctl.o(driverlib.lib)
    0x00001a00   0x0000000c   Code   RO         1067    i.UARTCharGet       uart.o(driverlib.lib)
    0x00001a0c   0x0000000a   Code   RO         1071    i.UARTCharsAvail    uart.o(driverlib.lib)
    0x00001a16   0x0000006e   Code   RO         1073    i.UARTConfigSetExpClk  uart.o(driverlib.lib)
    0x00001a84   0x0000000e   Code   RO         1430    i.__scatterload_copy  handlers.o(mc_w.l)
    0x00001a92   0x00000002   Code   RO         1431    i.__scatterload_null  handlers.o(mc_w.l)
    0x00001a94   0x0000000e   Code   RO         1432    i.__scatterload_zeroinit  handlers.o(mc_w.l)
    0x00001aa2   0x00000002   PAD
    0x00001aa4   0x000002bc   Code   RO            1    i.main              boot_demo2.o
    0x00001d60   0x00000016   Code   RO          136    i.usprintf          ustdlib.o
    0x00001d76   0x00000002   PAD
    0x00001d78   0x00000248   Code   RO          141    i.uvsnprintf        ustdlib.o
    0x00001fc0   0x0000023b   Data   RO           59    .constdata          rit128x96x4.o
    0x000021fb   0x00000001   PAD
    0x000021fc   0x0000001c   Data   RO          142    .constdata          ustdlib.o
    0x00002218   0x0000009c   Data   RO          838    .constdata          sysctl.o(driverlib.lib)
    0x000022b4   0x00000011   Data   RO          143    .conststring        ustdlib.o
    0x000022c5   0x00000003   PAD
    0x000022c8   0x00000020   Data   RO         1428    Region$$Table       anon$$obj.o


    Execution Region RW_IRAM (Base: 0x20000000, Size: 0x00000138, Max: 0x00010000, ABSOLUTE)

    Base Addr    Size         Type   Attr      Idx    E Section Name        Object

    0x20000000   0x0000000c   Data   RW           60    .data               rit128x96x4.o
    0x2000000c   0x00000028   Zero   RW            2    .bss                boot_demo2.o
    0x20000034   0x00000004   PAD
    0x20000038   0x00000100   Zero   RW          125    STACK               startup_rvmdk.o


==============================================================================

Image component sizes


      Code (inc. data)   RO Data    RW Data    ZI Data      Debug   Object Name

       700        262          0          0         40       2639   boot_demo2.o
       732         70        571         12          0       5701   rit128x96x4.o
       252        242          0          0        256        264   startup_rvmdk.o
       606         12         45          0          0       3392   ustdlib.o

    ----------------------------------------------------------------------
      2292        586        652         12        300      11996   Object Totals
         0          0         32          0          0          0   (incl. Generated)
         2          0          4          0          4          0   (incl. Padding)

    ----------------------------------------------------------------------

      Code (inc. data)   RO Data    RW Data    ZI Data      Debug   Library Member Name

         0          0          0          0          0          0   entry.o
         8          4          0          0          0          0   entry2.o
         4          0          0          0          0          0   entry5.o
         8          4          0          0          0          0   entry7.o
       174          4          0          0          0       5931   ethernet.o
        56          8          0          0          0        535   flash.o
       312          0          0          0          0       4200   gpio.o
        30          0          0          0          0          0   handlers.o
        36          8          0          0          0         68   init.o
       116          0          0          0          0       2405   ssi.o
        24          0          0          0          0         76   strncpy.o
       834         76        156          0          0       3603   sysctl.o
       132          0          0          0          0       2142   uart.o

    ----------------------------------------------------------------------
      1740        104        156          0          0      18960   Library Totals
         6          0          0          0          0          0   (incl. Padding)

    ----------------------------------------------------------------------

      Code (inc. data)   RO Data    RW Data    ZI Data      Debug   Library Name

      1624         88        156          0          0      18816   driverlib.lib
       110         16          0          0          0        144   mc_w.l

    ----------------------------------------------------------------------
      1740        104        156          0          0      18960   Library Totals

    ----------------------------------------------------------------------

==============================================================================


      Code (inc. data)   RO Data    RW Data    ZI Data      Debug   

      4032        690        808         12        300      29356   Grand Totals
      4032        690        808         12        300      29356   ELF Image Totals
      4032        690        808         12          0          0   ROM Totals

==============================================================================

    Total RO  Size (Code + RO Data)                 4840 (   4.73kB)
    Total RW  Size (RW Data + ZI Data)               312 (   0.30kB)
    Total ROM Size (Code + RO Data + RW Data)       4852 (   4.74kB)

==============================================================================

