ARM Linker, RVCT4.0 [Build 728] [Standard]

==============================================================================

Section Cross References

    bl_enet.o(i.BOOTPThread) refers to bl_enet.o(i.SendBOOTPRequest) for SendBOOTPRequest
    bl_enet.o(i.BOOTPThread) refers to bl_enet.o(i.ParseBOOTPReply) for ParseBOOTPReply
    bl_enet.o(i.BOOTPThread) refers to bl_enet.o(i.SendTFTPGet) for SendTFTPGet
    bl_enet.o(i.BOOTPThread) refers to bl_enet.o(i.ParseTFTPData) for ParseTFTPData
    bl_enet.o(i.BOOTPThread) refers to bl_enet.o(.data) for .data
    bl_enet.o(i.ConfigureEnet) refers to bl_startup_rvmdk.o(.text) for Delay
    bl_enet.o(i.EnetWritePacket) refers to bl_enet.o(.data) for .data
    bl_enet.o(i.EnetWritePacket) refers to bl_enet.o(.bss) for .bss
    bl_enet.o(i.ParseBOOTPReply) refers to bl_enet.o(.data) for .data
    bl_enet.o(i.ParseBOOTPReply) refers to bl_enet.o(.bss) for .bss
    bl_enet.o(i.ParseTFTPData) refers to bl_enet.o(i.uip_send) for uip_send
    bl_enet.o(i.ParseTFTPData) refers to bl_enet.o(.data) for .data
    bl_enet.o(i.ParseTFTPData) refers to bl_enet.o(.bss) for .bss
    bl_enet.o(i.SendBOOTPRequest) refers to bl_enet.o(i.uip_send) for uip_send
    bl_enet.o(i.SendBOOTPRequest) refers to bl_enet.o(.data) for .data
    bl_enet.o(i.SendTFTPGet) refers to bl_enet.o(i.uip_send) for uip_send
    bl_enet.o(i.SendTFTPGet) refers to bl_enet.o(.data) for .data
    bl_enet.o(i.SendTFTPGet) refers to bl_enet.o(.bss) for .bss
    bl_enet.o(i.SysTickIntHandler) refers to bl_enet.o(.data) for .data
    bl_enet.o(i.UpdateBOOTP) refers to bl_enet.o(i.uip_init) for uip_init
    bl_enet.o(i.UpdateBOOTP) refers to bl_enet.o(i.uip_arp_init) for uip_arp_init
    bl_enet.o(i.UpdateBOOTP) refers to bl_enet.o(i.uip_udp_new) for uip_udp_new
    bl_enet.o(i.UpdateBOOTP) refers to bl_enet.o(i.uip_process) for uip_process
    bl_enet.o(i.UpdateBOOTP) refers to bl_enet.o(i.uip_arp_out) for uip_arp_out
    bl_enet.o(i.UpdateBOOTP) refers to bl_enet.o(i.uip_arp_arpin) for uip_arp_arpin
    bl_enet.o(i.UpdateBOOTP) refers to bl_enet.o(i.EnetWritePacket) for EnetWritePacket
    bl_enet.o(i.UpdateBOOTP) refers to bl_enet.o(i.uip_arp_timer) for uip_arp_timer
    bl_enet.o(i.UpdateBOOTP) refers to bl_enet.o(.data) for .data
    bl_enet.o(i.UpdateBOOTP) refers to bl_enet.o(.bss) for .bss
    bl_enet.o(i.uip_arp_arpin) refers to bl_enet.o(i.uip_arp_update) for uip_arp_update
    bl_enet.o(i.uip_arp_arpin) refers to bl_enet.o(i.my_memcpy) for my_memcpy
    bl_enet.o(i.uip_arp_arpin) refers to bl_enet.o(.data) for .data
    bl_enet.o(i.uip_arp_arpin) refers to bl_enet.o(.bss) for .bss
    bl_enet.o(i.uip_arp_init) refers to bl_enet.o(i.my_memset) for my_memset
    bl_enet.o(i.uip_arp_init) refers to bl_enet.o(.data) for .data
    bl_enet.o(i.uip_arp_init) refers to bl_enet.o(.bss) for .bss
    bl_enet.o(i.uip_arp_out) refers to bl_enet.o(i.my_memset) for my_memset
    bl_enet.o(i.uip_arp_out) refers to bl_enet.o(i.my_memcpy) for my_memcpy
    bl_enet.o(i.uip_arp_out) refers to bl_enet.o(.bss) for .bss
    bl_enet.o(i.uip_arp_out) refers to bl_enet.o(.data) for .data
    bl_enet.o(i.uip_arp_out) refers to bl_enet.o(.constdata) for .constdata
    bl_enet.o(i.uip_arp_timer) refers to bl_enet.o(i.my_memset) for my_memset
    bl_enet.o(i.uip_arp_timer) refers to bl_enet.o(.data) for .data
    bl_enet.o(i.uip_arp_timer) refers to bl_enet.o(.bss) for .bss
    bl_enet.o(i.uip_arp_update) refers to bl_enet.o(i.my_memcpy) for my_memcpy
    bl_enet.o(i.uip_arp_update) refers to bl_enet.o(.data) for .data
    bl_enet.o(i.uip_arp_update) refers to bl_enet.o(.bss) for .bss
    bl_enet.o(i.uip_chksum) refers to bl_enet.o(i.chksum) for chksum
    bl_enet.o(i.uip_chksum) refers to bl_enet.o(i.htons) for htons
    bl_enet.o(i.uip_init) refers to bl_enet.o(.data) for .data
    bl_enet.o(i.uip_init) refers to bl_enet.o(.bss) for .bss
    bl_enet.o(i.uip_ipchksum) refers to bl_enet.o(i.chksum) for chksum
    bl_enet.o(i.uip_ipchksum) refers to bl_enet.o(.bss) for .bss
    bl_enet.o(i.uip_process) refers to bl_enet.o(i.uip_ipchksum) for uip_ipchksum
    bl_enet.o(i.uip_process) refers to bl_enet.o(i.BOOTPThread) for BOOTPThread
    bl_enet.o(i.uip_process) refers to bl_enet.o(.bss) for .bss
    bl_enet.o(i.uip_process) refers to bl_enet.o(.data) for .data
    bl_enet.o(i.uip_send) refers to bl_enet.o(i.my_memcpy) for my_memcpy
    bl_enet.o(i.uip_send) refers to bl_enet.o(.data) for .data
    bl_enet.o(i.uip_setipid) refers to bl_enet.o(.data) for .data
    bl_enet.o(i.uip_udp_new) refers to bl_enet.o(i.htons) for htons
    bl_enet.o(i.uip_udp_new) refers to bl_enet.o(i.my_memset) for my_memset
    bl_enet.o(i.uip_udp_new) refers to bl_enet.o(.bss) for .bss
    bl_enet.o(i.uip_udp_new) refers to bl_enet.o(.data) for .data
    bl_startup_rvmdk.o(RESET) refers to bl_startup_rvmdk.o(.bss) for g_pulStack
    bl_startup_rvmdk.o(RESET) refers to bl_startup_rvmdk.o(.text) for IntDefaultHandler
    bl_startup_rvmdk.o(RESET) refers to bl_enet.o(i.SysTickIntHandler) for SysTickIntHandler
    bl_startup_rvmdk.o(.text) refers to bl_check.o(i.CheckForceUpdate) for CheckForceUpdate
    bl_startup_rvmdk.o(.text) refers to bl_enet.o(i.ConfigureEnet) for ConfigureEnet
    bl_startup_rvmdk.o(.text) refers to bl_enet.o(i.UpdateBOOTP) for UpdateBOOTP


==============================================================================

Removing Unused input sections from the image.

    Removing bl_enet.o(i.uip_chksum), (20 bytes).
    Removing bl_enet.o(i.uip_setipid), (12 bytes).
    Removing bl_enet.o(.constdata), (4 bytes).
    Removing bl_enet.o(.constdata), (4 bytes).
    Removing bl_enet.o(.constdata), (4 bytes).
    Removing bl_flash.o(i.BLInternalFlashErase), (24 bytes).
    Removing bl_flash.o(i.BLInternalFlashErrorCheck), (16 bytes).
    Removing bl_flash.o(i.BLInternalFlashErrorClear), (12 bytes).
    Removing bl_flash.o(i.BLInternalFlashProgram), (44 bytes).
    Removing bl_flash.o(i.BLInternalFlashSizeGet), (16 bytes).
    Removing bl_flash.o(i.BLInternalFlashStartAddrCheck), (36 bytes).

11 unused section(s) (total 192 bytes) removed from the image.

==============================================================================

Image Symbol Table

    Local Symbols

    Symbol Name                              Value     Ov Type        Size  Object(Section)

    RESET                                    0x00000000   Section      156  bl_startup_rvmdk.o(RESET)
    ..\..\..\boot_loader\bl_autobaud.c       0x00000000   Number         0  bl_autobaud.o ABSOLUTE
    ..\..\..\boot_loader\bl_can.c            0x00000000   Number         0  bl_can.o ABSOLUTE
    ..\..\..\boot_loader\bl_check.c          0x00000000   Number         0  bl_check.o ABSOLUTE
    ..\..\..\boot_loader\bl_decrypt.c        0x00000000   Number         0  bl_decrypt.o ABSOLUTE
    ..\..\..\boot_loader\bl_enet.c           0x00000000   Number         0  bl_enet.o ABSOLUTE
    ..\..\..\boot_loader\bl_flash.c          0x00000000   Number         0  bl_flash.o ABSOLUTE
    ..\..\..\boot_loader\bl_i2c.c            0x00000000   Number         0  bl_i2c.o ABSOLUTE
    ..\..\..\boot_loader\bl_main.c           0x00000000   Number         0  bl_main.o ABSOLUTE
    ..\..\..\boot_loader\bl_packet.c         0x00000000   Number         0  bl_packet.o ABSOLUTE
    ..\..\..\boot_loader\bl_ssi.c            0x00000000   Number         0  bl_ssi.o ABSOLUTE
    ..\..\..\boot_loader\bl_uart.c           0x00000000   Number         0  bl_uart.o ABSOLUTE
    ..\..\..\boot_loader\bl_usb.c            0x00000000   Number         0  bl_usb.o ABSOLUTE
    ..\..\..\boot_loader\bl_usbfuncs.c       0x00000000   Number         0  bl_usbfuncs.o ABSOLUTE
    ..\\..\\..\\boot_loader\\bl_config.c     0x00000000   Number         0  bl_startup_rvmdk.o ABSOLUTE
    dc.s                                     0x00000000   Number         0  dc.o ABSOLUTE
    NmiSR                                    0x00000081   Thumb Code     0  bl_startup_rvmdk.o(RESET)
    FaultISR                                 0x00000083   Thumb Code     0  bl_startup_rvmdk.o(RESET)
    UpdateHandler                            0x00000085   Thumb Code     0  bl_startup_rvmdk.o(RESET)
    .text                                    0x2000009c   Section       56  bl_startup_rvmdk.o(.text)
    Reset_Handler_In_SRAM                    0x2000009d   Thumb Code     0  bl_startup_rvmdk.o(.text)
    UpdateHandler_In_SRAM                    0x200000c1   Thumb Code     0  bl_startup_rvmdk.o(.text)
    IntDefaultHandler                        0x200000cb   Thumb Code     0  bl_startup_rvmdk.o(.text)
    i.BOOTPThread                            0x200000d4   Section        0  bl_enet.o(i.BOOTPThread)
    i.CheckForceUpdate                       0x200001d4   Section        0  bl_check.o(i.CheckForceUpdate)
    i.ConfigureEnet                          0x20000200   Section        0  bl_enet.o(i.ConfigureEnet)
    i.EnetWritePacket                        0x20000288   Section        0  bl_enet.o(i.EnetWritePacket)
    EnetWritePacket                          0x20000289   Thumb Code    48  bl_enet.o(i.EnetWritePacket)
    i.ParseBOOTPReply                        0x200002c4   Section        0  bl_enet.o(i.ParseBOOTPReply)
    ParseBOOTPReply                          0x200002c5   Thumb Code    86  bl_enet.o(i.ParseBOOTPReply)
    i.ParseTFTPData                          0x20000324   Section        0  bl_enet.o(i.ParseTFTPData)
    ParseTFTPData                            0x20000325   Thumb Code   272  bl_enet.o(i.ParseTFTPData)
    i.SendBOOTPRequest                       0x20000460   Section        0  bl_enet.o(i.SendBOOTPRequest)
    SendBOOTPRequest                         0x20000461   Thumb Code   112  bl_enet.o(i.SendBOOTPRequest)
    i.SendTFTPGet                            0x200004e8   Section        0  bl_enet.o(i.SendTFTPGet)
    SendTFTPGet                              0x200004e9   Thumb Code    60  bl_enet.o(i.SendTFTPGet)
    i.SysTickIntHandler                      0x20000534   Section        0  bl_enet.o(i.SysTickIntHandler)
    i.UpdateBOOTP                            0x20000550   Section        0  bl_enet.o(i.UpdateBOOTP)
    i.chksum                                 0x200006b8   Section        0  bl_enet.o(i.chksum)
    chksum                                   0x200006b9   Thumb Code    58  bl_enet.o(i.chksum)
    i.htons                                  0x200006f2   Section        0  bl_enet.o(i.htons)
    i.my_memcpy                              0x200006fc   Section        0  bl_enet.o(i.my_memcpy)
    i.my_memset                              0x20000710   Section        0  bl_enet.o(i.my_memset)
    i.uip_arp_arpin                          0x20000724   Section        0  bl_enet.o(i.uip_arp_arpin)
    i.uip_arp_init                           0x200007f0   Section        0  bl_enet.o(i.uip_arp_init)
    i.uip_arp_out                            0x20000824   Section        0  bl_enet.o(i.uip_arp_out)
    i.uip_arp_timer                          0x20000960   Section        0  bl_enet.o(i.uip_arp_timer)
    i.uip_arp_update                         0x200009ac   Section        0  bl_enet.o(i.uip_arp_update)
    uip_arp_update                           0x200009ad   Thumb Code   186  bl_enet.o(i.uip_arp_update)
    i.uip_init                               0x20000a70   Section        0  bl_enet.o(i.uip_init)
    i.uip_ipchksum                           0x20000a9c   Section        0  bl_enet.o(i.uip_ipchksum)
    i.uip_process                            0x20000ac0   Section        0  bl_enet.o(i.uip_process)
    i.uip_send                               0x20000ca4   Section        0  bl_enet.o(i.uip_send)
    i.uip_udp_new                            0x20000cc4   Section        0  bl_enet.o(i.uip_udp_new)
    .constdata                               0x20000d64   Section        6  bl_enet.o(.constdata)
    broadcast_ethaddr                        0x20000d64   Data           6  bl_enet.o(.constdata)
    .data                                    0x20000d6c   Section      100  bl_enet.o(.data)
    i                                        0x20000d6c   Data           1  bl_enet.o(.data)
    c                                        0x20000d6d   Data           1  bl_enet.o(.data)
    arptime                                  0x20000d6e   Data           1  bl_enet.o(.data)
    tmpage                                   0x20000d6f   Data           1  bl_enet.o(.data)
    ipid                                     0x20000d76   Data           2  bl_enet.o(.data)
    lastport                                 0x20000d78   Data           2  bl_enet.o(.data)
    g_sThread                                0x20000d7a   Data           2  bl_enet.o(.data)
    ipaddr                                   0x20000d7c   Data           4  bl_enet.o(.data)
    g_ulTicks                                0x20000d98   Data           4  bl_enet.o(.data)
    g_ulRandomSeed                           0x20000d9c   Data           4  bl_enet.o(.data)
    g_ulPeriodicTimer                        0x20000da0   Data           4  bl_enet.o(.data)
    g_ulARPTimer                             0x20000da4   Data           4  bl_enet.o(.data)
    g_ulXID                                  0x20000da8   Data           4  bl_enet.o(.data)
    g_ulDelay                                0x20000dac   Data           4  bl_enet.o(.data)
    g_ulTarget                               0x20000db0   Data           4  bl_enet.o(.data)
    g_sServerAddr                            0x20000db4   Data           4  bl_enet.o(.data)
    g_ulFlashEnd                             0x20000db8   Data           4  bl_enet.o(.data)
    g_ulTFTPBlock                            0x20000dbc   Data           4  bl_enet.o(.data)
    g_sMACAddr                               0x20000dca   Data           6  bl_enet.o(.data)
    .bss                                     0x20000dd0   Section      860  bl_enet.o(.bss)
    arp_table                                0x20000dd0   Data          12  bl_enet.o(.bss)
    g_pcFilename                             0x200010ac   Data         128  bl_enet.o(.bss)
    .bss                                     0x2000112c   Section      192  bl_startup_rvmdk.o(.bss)
    g_pulStack                               0x2000112c   Data           0  bl_startup_rvmdk.o(.bss)

    Global Symbols

    Symbol Name                              Value     Ov Type        Size  Object(Section)

    BuildAttributes$$THM_ISAv4$P$D$K$B$S$PE$A:L22UL41UL21$X:L11$S22US41US21$IEEE1$IW$USESV6$~STKCKD$USESV7$~SHL$OSPACE$EBA8$MICROLIB$REQ8$PRES8$EABIv2 0x00000000   Number         0  anon$$obj.o ABSOLUTE
    __Vectors                                0x00000000   Data           0  bl_startup_rvmdk.o(RESET)
    ProcessorInit                            0x00000045   Thumb Code     0  bl_startup_rvmdk.o(RESET)
    Reset_Handler                            0x00000079   Thumb Code     0  bl_startup_rvmdk.o(RESET)
    StartApplication                         0x200000ab   Thumb Code     0  bl_startup_rvmdk.o(.text)
    Delay                                    0x200000cd   Thumb Code     0  bl_startup_rvmdk.o(.text)
    BOOTPThread                              0x200000d5   Thumb Code   242  bl_enet.o(i.BOOTPThread)
    CheckForceUpdate                         0x200001d5   Thumb Code    40  bl_check.o(i.CheckForceUpdate)
    ConfigureEnet                            0x20000201   Thumb Code   118  bl_enet.o(i.ConfigureEnet)
    SysTickIntHandler                        0x20000535   Thumb Code    22  bl_enet.o(i.SysTickIntHandler)
    UpdateBOOTP                              0x20000551   Thumb Code   336  bl_enet.o(i.UpdateBOOTP)
    htons                                    0x200006f3   Thumb Code    10  bl_enet.o(i.htons)
    my_memcpy                                0x200006fd   Thumb Code    20  bl_enet.o(i.my_memcpy)
    my_memset                                0x20000711   Thumb Code    18  bl_enet.o(i.my_memset)
    uip_arp_arpin                            0x20000725   Thumb Code   194  bl_enet.o(i.uip_arp_arpin)
    uip_arp_init                             0x200007f1   Thumb Code    42  bl_enet.o(i.uip_arp_init)
    uip_arp_out                              0x20000825   Thumb Code   304  bl_enet.o(i.uip_arp_out)
    uip_arp_timer                            0x20000961   Thumb Code    66  bl_enet.o(i.uip_arp_timer)
    uip_init                                 0x20000a71   Thumb Code    36  bl_enet.o(i.uip_init)
    uip_ipchksum                             0x20000a9d   Thumb Code    30  bl_enet.o(i.uip_ipchksum)
    uip_process                              0x20000ac1   Thumb Code   470  bl_enet.o(i.uip_process)
    uip_send                                 0x20000ca5   Thumb Code    26  bl_enet.o(i.uip_send)
    uip_udp_new                              0x20000cc5   Thumb Code   150  bl_enet.o(i.uip_udp_new)
    uip_flags                                0x20000d70   Data           1  bl_enet.o(.data)
    uip_len                                  0x20000d72   Data           2  bl_enet.o(.data)
    uip_slen                                 0x20000d74   Data           2  bl_enet.o(.data)
    uip_hostaddr                             0x20000d80   Data           4  bl_enet.o(.data)
    uip_draddr                               0x20000d84   Data           4  bl_enet.o(.data)
    uip_netmask                              0x20000d88   Data           4  bl_enet.o(.data)
    uip_appdata                              0x20000d8c   Data           4  bl_enet.o(.data)
    uip_sappdata                             0x20000d90   Data           4  bl_enet.o(.data)
    uip_udp_conn                             0x20000d94   Data           4  bl_enet.o(.data)
    g_pConn                                  0x20000dc0   Data           4  bl_enet.o(.data)
    uip_ethaddr                              0x20000dc4   Data           6  bl_enet.o(.data)
    Image$$SRAM$$ZI$$Base                    0x20000dd0   Number         0  bl_enet.o(.bss)
    uip_buf                                  0x20000ddc   Data         702  bl_enet.o(.bss)
    uip_udp_conns                            0x2000109c   Data          16  bl_enet.o(.bss)
    Image$$SRAM$$ZI$$Limit                   0x200011ec   Number         0  bl_startup_rvmdk.o(.bss)



==============================================================================

Memory Map of the image

  Image Entry point : 0x00000079

  Load Region FLASH (Base: 0x00000000, Size: 0x00000dd0, Max: 0x00010000, ABSOLUTE)

    Execution Region RESET (Base: 0x00000000, Size: 0x0000009c, Max: 0x00010000, ABSOLUTE)

    Base Addr    Size         Type   Attr      Idx    E Section Name        Object

    0x00000000   0x0000009c   Code   RO          360  * RESET               bl_startup_rvmdk.o


    Execution Region SRAM (Base: 0x2000009c, Size: 0x00001150, Max: 0x00010000, ABSOLUTE)

    Base Addr    Size         Type   Attr      Idx    E Section Name        Object

    0x2000009c   0x00000038   Code   RO          361    .text               bl_startup_rvmdk.o
    0x200000d4   0x00000100   Code   RO           84    i.BOOTPThread       bl_enet.o
    0x200001d4   0x0000002c   Code   RO           63    i.CheckForceUpdate  bl_check.o
    0x20000200   0x00000088   Code   RO           85    i.ConfigureEnet     bl_enet.o
    0x20000288   0x0000003c   Code   RO           86    i.EnetWritePacket   bl_enet.o
    0x200002c4   0x00000060   Code   RO           87    i.ParseBOOTPReply   bl_enet.o
    0x20000324   0x0000013c   Code   RO           88    i.ParseTFTPData     bl_enet.o
    0x20000460   0x00000088   Code   RO           89    i.SendBOOTPRequest  bl_enet.o
    0x200004e8   0x0000004c   Code   RO           90    i.SendTFTPGet       bl_enet.o
    0x20000534   0x0000001c   Code   RO           91    i.SysTickIntHandler  bl_enet.o
    0x20000550   0x00000168   Code   RO           92    i.UpdateBOOTP       bl_enet.o
    0x200006b8   0x0000003a   Code   RO           93    i.chksum            bl_enet.o
    0x200006f2   0x0000000a   Code   RO           94    i.htons             bl_enet.o
    0x200006fc   0x00000014   Code   RO           95    i.my_memcpy         bl_enet.o
    0x20000710   0x00000012   Code   RO           96    i.my_memset         bl_enet.o
    0x20000722   0x00000002   PAD
    0x20000724   0x000000cc   Code   RO           97    i.uip_arp_arpin     bl_enet.o
    0x200007f0   0x00000034   Code   RO           98    i.uip_arp_init      bl_enet.o
    0x20000824   0x0000013c   Code   RO           99    i.uip_arp_out       bl_enet.o
    0x20000960   0x0000004c   Code   RO          100    i.uip_arp_timer     bl_enet.o
    0x200009ac   0x000000c4   Code   RO          101    i.uip_arp_update    bl_enet.o
    0x20000a70   0x0000002c   Code   RO          103    i.uip_init          bl_enet.o
    0x20000a9c   0x00000024   Code   RO          104    i.uip_ipchksum      bl_enet.o
    0x20000ac0   0x000001e4   Code   RO          105    i.uip_process       bl_enet.o
    0x20000ca4   0x00000020   Code   RO          106    i.uip_send          bl_enet.o
    0x20000cc4   0x000000a0   Code   RO          108    i.uip_udp_new       bl_enet.o
    0x20000d64   0x00000006   Data   RO          110    .constdata          bl_enet.o
    0x20000d6a   0x00000002   PAD
    0x20000d6c   0x00000064   Data   RW          114    .data               bl_enet.o
    0x20000dd0   0x0000035c   Zero   RW          109    .bss                bl_enet.o
    0x2000112c   0x000000c0   Zero   RW          359    .bss                bl_startup_rvmdk.o


==============================================================================

Image component sizes


      Code (inc. data)   RO Data    RW Data    ZI Data      Debug   Object Name

         0          0          0          0          0       1444   bl_autobaud.o
        44          4          0          0          0        591   bl_check.o
      3170        264          6        100        860      30064   bl_enet.o
       212         86          0          0        192        648   bl_startup_rvmdk.o

    ----------------------------------------------------------------------
      3428        354          8        100       1052      32747   Object Totals
         0          0          0          0          0          0   (incl. Generated)
         2          0          2          0          0          1   (incl. Padding)

    ----------------------------------------------------------------------
         0          0          0          0          0          0   Library Totals
         0          0          0          0          0          0   (incl. Padding)

    ----------------------------------------------------------------------

==============================================================================


      Code (inc. data)   RO Data    RW Data    ZI Data      Debug   

      3428        354          8        100       1052      31748   Grand Totals
      3428        354          8        100       1052      31748   ELF Image Totals
      3428        354          8        100          0          0   ROM Totals

==============================================================================

    Total RO  Size (Code + RO Data)                 3436 (   3.36kB)
    Total RW  Size (RW Data + ZI Data)              1152 (   1.13kB)
    Total ROM Size (Code + RO Data + RW Data)       3536 (   3.45kB)

==============================================================================

